Archive member included to satisfy reference by file (symbol)

c:/nxp/mcuxpressoide_10.2.0_759/ide/tools/bin/../lib/gcc/arm-none-eabi/7.2.1/../../../../arm-none-eabi/lib/thumb/v7e-m/fpv4-sp/hard\libcr_c.a(fpprintf.o)
                              ./source/App.o (printf)
c:/nxp/mcuxpressoide_10.2.0_759/ide/tools/bin/../lib/gcc/arm-none-eabi/7.2.1/../../../../arm-none-eabi/lib/thumb/v7e-m/fpv4-sp/hard\libcr_c.a(printf.o)
                              c:/nxp/mcuxpressoide_10.2.0_759/ide/tools/bin/../lib/gcc/arm-none-eabi/7.2.1/../../../../arm-none-eabi/lib/thumb/v7e-m/fpv4-sp/hard\libcr_c.a(fpprintf.o) (__vfprintf)
c:/nxp/mcuxpressoide_10.2.0_759/ide/tools/bin/../lib/gcc/arm-none-eabi/7.2.1/../../../../arm-none-eabi/lib/thumb/v7e-m/fpv4-sp/hard\libcr_c.a(strlen.o)
                              ./source/uart.o (strlen)
c:/nxp/mcuxpressoide_10.2.0_759/ide/tools/bin/../lib/gcc/arm-none-eabi/7.2.1/../../../../arm-none-eabi/lib/thumb/v7e-m/fpv4-sp/hard\libcr_c.a(memset.o)
                              c:/nxp/mcuxpressoide_10.2.0_759/ide/tools/bin/../lib/gcc/arm-none-eabi/7.2.1/../../../../arm-none-eabi/lib/thumb/v7e-m/fpv4-sp/hard\libcr_c.a(fpprintf.o) (memset)
c:/nxp/mcuxpressoide_10.2.0_759/ide/tools/bin/../lib/gcc/arm-none-eabi/7.2.1/../../../../arm-none-eabi/lib/thumb/v7e-m/fpv4-sp/hard\libcr_c.a(_deferredlazyseek.o)
                              c:/nxp/mcuxpressoide_10.2.0_759/ide/tools/bin/../lib/gcc/arm-none-eabi/7.2.1/../../../../arm-none-eabi/lib/thumb/v7e-m/fpv4-sp/hard\libcr_c.a(fpprintf.o) (__flsbuf)
c:/nxp/mcuxpressoide_10.2.0_759/ide/tools/bin/../lib/gcc/arm-none-eabi/7.2.1/../../../../arm-none-eabi/lib/thumb/v7e-m/fpv4-sp/hard\libcr_c.a(_fflush.o)
                              c:/nxp/mcuxpressoide_10.2.0_759/ide/tools/bin/../lib/gcc/arm-none-eabi/7.2.1/../../../../arm-none-eabi/lib/thumb/v7e-m/fpv4-sp/hard\libcr_c.a(_deferredlazyseek.o) (_fflush)
c:/nxp/mcuxpressoide_10.2.0_759/ide/tools/bin/../lib/gcc/arm-none-eabi/7.2.1/../../../../arm-none-eabi/lib/thumb/v7e-m/fpv4-sp/hard\libcr_c.a(_frexpl.o)
                              c:/nxp/mcuxpressoide_10.2.0_759/ide/tools/bin/../lib/gcc/arm-none-eabi/7.2.1/../../../../arm-none-eabi/lib/thumb/v7e-m/fpv4-sp/hard\libcr_c.a(fpprintf.o) (_frexpl)
c:/nxp/mcuxpressoide_10.2.0_759/ide/tools/bin/../lib/gcc/arm-none-eabi/7.2.1/../../../../arm-none-eabi/lib/thumb/v7e-m/fpv4-sp/hard\libcr_c.a(_ldexpl.o)
                              c:/nxp/mcuxpressoide_10.2.0_759/ide/tools/bin/../lib/gcc/arm-none-eabi/7.2.1/../../../../arm-none-eabi/lib/thumb/v7e-m/fpv4-sp/hard\libcr_c.a(fpprintf.o) (_ldexpl)
c:/nxp/mcuxpressoide_10.2.0_759/ide/tools/bin/../lib/gcc/arm-none-eabi/7.2.1/../../../../arm-none-eabi/lib/thumb/v7e-m/fpv4-sp/hard\libcr_c.a(_writebuf.o)
                              c:/nxp/mcuxpressoide_10.2.0_759/ide/tools/bin/../lib/gcc/arm-none-eabi/7.2.1/../../../../arm-none-eabi/lib/thumb/v7e-m/fpv4-sp/hard\libcr_c.a(_deferredlazyseek.o) (_Cwritebuf)
c:/nxp/mcuxpressoide_10.2.0_759/ide/tools/bin/../lib/gcc/arm-none-eabi/7.2.1/../../../../arm-none-eabi/lib/thumb/v7e-m/fpv4-sp/hard\libcr_c.a(alloc.o)
                              c:/nxp/mcuxpressoide_10.2.0_759/ide/tools/bin/../lib/gcc/arm-none-eabi/7.2.1/../../../../arm-none-eabi/lib/thumb/v7e-m/fpv4-sp/hard\libcr_c.a(fpprintf.o) (malloc)
c:/nxp/mcuxpressoide_10.2.0_759/ide/tools/bin/../lib/gcc/arm-none-eabi/7.2.1/../../../../arm-none-eabi/lib/thumb/v7e-m/fpv4-sp/hard\libcr_c.a(errno.o)
                              c:/nxp/mcuxpressoide_10.2.0_759/ide/tools/bin/../lib/gcc/arm-none-eabi/7.2.1/../../../../arm-none-eabi/lib/thumb/v7e-m/fpv4-sp/hard\libcr_c.a(_ldexpl.o) (errno)
c:/nxp/mcuxpressoide_10.2.0_759/ide/tools/bin/../lib/gcc/arm-none-eabi/7.2.1/../../../../arm-none-eabi/lib/thumb/v7e-m/fpv4-sp/hard\libcr_c.a(fseek.o)
                              c:/nxp/mcuxpressoide_10.2.0_759/ide/tools/bin/../lib/gcc/arm-none-eabi/7.2.1/../../../../arm-none-eabi/lib/thumb/v7e-m/fpv4-sp/hard\libcr_c.a(_deferredlazyseek.o) (fseek)
c:/nxp/mcuxpressoide_10.2.0_759/ide/tools/bin/../lib/gcc/arm-none-eabi/7.2.1/../../../../arm-none-eabi/lib/thumb/v7e-m/fpv4-sp/hard\libcr_c.a(ftell.o)
                              c:/nxp/mcuxpressoide_10.2.0_759/ide/tools/bin/../lib/gcc/arm-none-eabi/7.2.1/../../../../arm-none-eabi/lib/thumb/v7e-m/fpv4-sp/hard\libcr_c.a(fseek.o) (ftell)
c:/nxp/mcuxpressoide_10.2.0_759/ide/tools/bin/../lib/gcc/arm-none-eabi/7.2.1/../../../../arm-none-eabi/lib/thumb/v7e-m/fpv4-sp/hard\libcr_c.a(memcpy.o)
                              c:/nxp/mcuxpressoide_10.2.0_759/ide/tools/bin/../lib/gcc/arm-none-eabi/7.2.1/../../../../arm-none-eabi/lib/thumb/v7e-m/fpv4-sp/hard\libcr_c.a(alloc.o) (memcpy)
c:/nxp/mcuxpressoide_10.2.0_759/ide/tools/bin/../lib/gcc/arm-none-eabi/7.2.1/../../../../arm-none-eabi/lib/thumb/v7e-m/fpv4-sp/hard\libcr_c.a(__init_alloc.o)
[...]
Memory Configuration

Name             Origin             Length             Attributes
PROGRAM_FLASH    0x00000000         0x00100000         xr
SRAM_UPPER       0x20000000         0x00030000         xrw
SRAM_LOWER       0x1fff0000         0x00010000         xrw
FLEX_RAM         0x14000000         0x00001000         xrw
*default*        0x00000000         0xffffffff

Linker script and memory map

LOAD ./source/App.o
LOAD ./source/SysTick.o
LOAD ./source/gpio.o
LOAD ./source/timer.o
LOAD ./source/uart.o
LOAD ./SDK/startup/hardware.o
LOAD ./SDK/startup/main.o
LOAD ./SDK/startup/semihost_hardfault.o
LOAD ./SDK/startup/startup_mk64f12.o
LOAD ./SDK/CMSIS/system_MK64F12.o
START GROUP
LOAD c:/nxp/mcuxpressoide_10.2.0_759/ide/tools/bin/../lib/gcc/arm-none-eabi/7.2.1/../../../../arm-none-eabi/lib/thumb/v7e-m/fpv4-sp/hard\libcr_c.a
LOAD c:/nxp/mcuxpressoide_10.2.0_759/ide/tools/bin/../lib/gcc/arm-none-eabi/7.2.1/thumb/v7e-m/fpv4-sp/hard\libcr_eabihelpers.a
END GROUP
                0x00000000                __base_PROGRAM_FLASH = 0x0
                0x00000000                __base_Flash = 0x0
                0x00100000                __top_PROGRAM_FLASH = 0x100000
                0x00100000                __top_Flash = 0x100000
                0x20000000                __base_SRAM_UPPER = 0x20000000
                0x20000000                __base_RAM = 0x20000000
                0x20030000                __top_SRAM_UPPER = 0x20030000
                0x20030000                __top_RAM = 0x20030000
                0x1fff0000                __base_SRAM_LOWER = 0x1fff0000
                0x1fff0000                __base_RAM2 = 0x1fff0000
                0x20000000                __top_SRAM_LOWER = 0x20000000
                0x20000000                __top_RAM2 = 0x20000000
                0x14000000                __base_FLEX_RAM = 0x14000000
                0x14000000                __base_RAM3 = 0x14000000
                0x14001000                __top_FLEX_RAM = 0x14001000
                0x14001000                __top_RAM3 = 0x14001000

.text           0x00000000     0x31f8
 FILL mask 0xff
                0x00000000                __vectors_start__ = ABSOLUTE (.)
 *(SORT_BY_ALIGNMENT(.isr_vector))
 .isr_vector    0x00000000      0x198 ./SDK/startup/startup_mk64f12.o
                0x00000000                g_pfnVectors
                0x00000000                __Vectors
                0x00000198                . = ALIGN (0x4)
                0x00000198                __section_table_start = .
                0x00000198                __data_section_table = .
                0x00000198        0x4 LONG 0x31f8 LOADADDR (.data)
                0x0000019c        0x4 LONG 0x20000000 ADDR (.data)
                0x000001a0        0x4 LONG 0x0 SIZEOF (.data)
                0x000001a4        0x4 LONG 0x31f8 LOADADDR (.data_RAM2)
                0x000001a8        0x4 LONG 0x1fff0000 ADDR (.data_RAM2)
                0x000001ac        0x4 LONG 0x0 SIZEOF (.data_RAM2)
                0x000001b0        0x4 LONG 0x31f8 LOADADDR (.data_RAM3)
                0x000001b4        0x4 LONG 0x14000000 ADDR (.data_RAM3)
                0x000001b8        0x4 LONG 0x0 SIZEOF (.data_RAM3)
                0x000001bc                __data_section_table_end = .
                0x000001bc                __bss_section_table = .
                0x000001bc        0x4 LONG 0x20000000 ADDR (.bss)
                0x000001c0        0x4 LONG 0x298 SIZEOF (.bss)
                0x000001c4        0x4 LONG 0x1fff0000 ADDR (.bss_RAM2)
                0x000001c8        0x4 LONG 0x0 SIZEOF (.bss_RAM2)
                0x000001cc        0x4 LONG 0x14000000 ADDR (.bss_RAM3)
                0x000001d0        0x4 LONG 0x0 SIZEOF (.bss_RAM3)
                0x000001d4                __bss_section_table_end = .
                0x000001d4                __section_table_end = .
 *(SORT_BY_ALIGNMENT(.after_vectors*))
 .after_vectors.reset
                0x000001d4       0x4c ./SDK/startup/startup_mk64f12.o
                0x000001d4                ResetISR
 .after_vectors.init_data
                0x00000220       0x1e ./SDK/startup/startup_mk64f12.o
                0x00000220                data_init
 .after_vectors.init_bss
                0x0000023e       0x12 ./SDK/startup/startup_mk64f12.o
                0x0000023e                bss_init
 .after_vectors
                0x00000250       0x14 ./SDK/startup/startup_mk64f12.o
                0x00000250                NMI_Handler
                0x00000254                MemManage_Handler
                0x00000256                BusFault_Handler
                0x00000258                UsageFault_Handler
                0x0000025a                SVC_Handler
                0x0000025c                DebugMon_Handler
                0x0000025e                PendSV_Handler
                0x00000262                DMA_Error_DriverIRQHandler
                0x00000262                LPTMR0_DriverIRQHandler
                0x00000262                FTM1_DriverIRQHandler
                0x00000262                FTM2_DriverIRQHandler
                0x00000262                PIT2_DriverIRQHandler
                0x00000262                SDHC_DriverIRQHandler
                0x00000262                I2S0_Tx_DriverIRQHandler
                0x00000262                RTC_Seconds_DriverIRQHandler
                0x00000262                DMA6_DriverIRQHandler
                0x00000262                LLWU_DriverIRQHandler
                0x00000262                MCM_DriverIRQHandler
                0x00000262                MCG_DriverIRQHandler
                0x00000262                ENET_1588_Timer_DriverIRQHandler
                0x00000262                I2C2_DriverIRQHandler
                0x00000262                DAC1_DriverIRQHandler
                0x00000262                SPI1_DriverIRQHandler
                0x00000262                CMP1_DriverIRQHandler
                0x00000262                UART5_RX_TX_DriverIRQHandler
                0x00000262                FTM0_DriverIRQHandler
                0x00000262                IntDefaultHandler
                0x00000262                USB0_DriverIRQHandler
                0x00000262                UART5_ERR_DriverIRQHandler
                0x00000262                PORTC_DriverIRQHandler
                0x00000262                DMA11_DriverIRQHandler
                0x00000262                DAC0_DriverIRQHandler
                0x00000262                DMA10_DriverIRQHandler
                0x00000262                CMP2_DriverIRQHandler
                0x00000262                UART2_ERR_DriverIRQHandler
                0x00000262                SPI2_DriverIRQHandler
                0x00000262                LVD_LVW_DriverIRQHandler
                0x00000262                PIT0_DriverIRQHandler
                0x00000262                RNG_DriverIRQHandler
                0x00000262                DMA5_DriverIRQHandler
                0x00000262                DMA12_DriverIRQHandler
                0x00000262                UART2_RX_TX_DriverIRQHandler
                0x00000262                USBDCD_DriverIRQHandler
                0x00000262                UART3_ERR_DriverIRQHandler
                0x00000262                DMA3_DriverIRQHandler
                0x00000262                DMA8_DriverIRQHandler
                0x00000262                DMA9_DriverIRQHandler
                0x00000262                UART0_ERR_DriverIRQHandler
                0x00000262                CMT_DriverIRQHandler
                0x00000262                Reserved71_DriverIRQHandler
                0x00000262                ADC1_DriverIRQHandler
                0x00000262                PORTA_DriverIRQHandler
                0x00000262                DMA14_DriverIRQHandler
                0x00000262                PIT3_DriverIRQHandler
                0x00000262                PIT1_DriverIRQHandler
                0x00000262                WDOG_EWM_DriverIRQHandler
                0x00000262                PDB0_DriverIRQHandler
                0x00000262                RTC_DriverIRQHandler
                0x00000262                I2S0_Rx_DriverIRQHandler
                0x00000262                Read_Collision_DriverIRQHandler
                0x00000262                SWI_DriverIRQHandler
                0x00000262                UART4_RX_TX_DriverIRQHandler
                0x00000262                UART4_ERR_DriverIRQHandler
                0x00000262                PORTB_DriverIRQHandler
                0x00000262                UART0_LON_DriverIRQHandler
                0x00000262                DMA0_DriverIRQHandler
                0x00000262                DMA1_DriverIRQHandler
                0x00000262                I2C1_DriverIRQHandler
                0x00000262                UART3_RX_TX_DriverIRQHandler
                0x00000262                ENET_Receive_DriverIRQHandler
                0x00000262                DMA13_DriverIRQHandler
                0x00000262                ENET_Error_DriverIRQHandler
                0x00000262                DMA15_DriverIRQHandler
                0x00000262                UART0_RX_TX_DriverIRQHandler
                0x00000262                SPI0_DriverIRQHandler
                0x00000262                ADC0_DriverIRQHandler
                0x00000262                CMP0_DriverIRQHandler
                0x00000262                CAN0_DriverIRQHandler
                0x00000262                FTM3_DriverIRQHandler
                0x00000262                DMA4_DriverIRQHandler
                0x00000262                UART1_ERR_DriverIRQHandler
                0x00000262                DMA2_DriverIRQHandler
                0x00000262                ENET_Transmit_DriverIRQHandler
                0x00000262                PORTD_DriverIRQHandler
                0x00000262                PORTE_DriverIRQHandler
                0x00000262                FTFE_DriverIRQHandler
                0x00000262                I2C0_DriverIRQHandler
                0x00000262                DMA7_DriverIRQHandler
                0x00000262                UART1_RX_TX_DriverIRQHandler
                0x00000400                . = 0x400
 *fill*         0x00000264      0x19c ff
                0x00000400                PROVIDE (__FLASH_CONFIG_START__, .)
 *(SORT_BY_ALIGNMENT(.FlashConfig))
 .FlashConfig   0x00000400       0x10 ./SDK/startup/startup_mk64f12.o
                0x00000400                Flash_Config
                0x00000410                PROVIDE (__FLASH_CONFIG_END__, .)
                0x00000001                ASSERT (! ((__FLASH_CONFIG_START__ == __FLASH_CONFIG_END__)), Linker Flash Config Support Enabled, but no .FlashConfig section provided within application)
 *(SORT_BY_ALIGNMENT(.text*))
 .text.fp_display
                0x00000410      0x974 c:/nxp/mcuxpressoide_10.2.0_759/ide/tools/bin/../lib/gcc/arm-none-eabi/7.2.1/../../../../arm-none-eabi/lib/thumb/v7e-m/fpv4-sp/hard\libcr_c.a(fpprintf.o)
 *fill*         0x00000d84        0x4 ff
 .text._frexpl  0x00000d88       0x68 c:/nxp/mcuxpressoide_10.2.0_759/ide/tools/bin/../lib/gcc/arm-none-eabi/7.2.1/../../../../arm-none-eabi/lib/thumb/v7e-m/fpv4-sp/hard\libcr_c.a(_frexpl.o)
                0x00000d88                _frexpl
 .text._ldexpl  0x00000df0       0x58 c:/nxp/mcuxpressoide_10.2.0_759/ide/tools/bin/../lib/gcc/arm-none-eabi/7.2.1/../../../../arm-none-eabi/lib/thumb/v7e-m/fpv4-sp/hard\libcr_c.a(_ldexpl.o)
                0x00000df0                _ldexpl
 .text.App_Run  0x00000e48       0x34 ./source/App.o
                0x00000e48                App_Run
 .text.SysTick_Handler
                0x00000e7c       0x34 ./source/SysTick.o
                0x00000e7c                SysTick_Handler
 .text.gpioMode
                0x00000eb0      0x12c ./source/gpio.o
                0x00000eb0                gpioMode
 .text.gpioWrite
                0x00000fdc       0x54 ./source/gpio.o
                0x00000fdc                gpioWrite
 .text.IRQHandler
                0x00001030       0x74 ./source/gpio.o
 .text.__NVIC_EnableIRQ
                0x000010a4       0x3c ./source/uart.o
 .text.uartInit
                0x000010e0       0x88 ./source/uart.o
                0x000010e0                uartInit
 .text.UART_SetBaudRate
                0x00001168       0x98 ./source/uart.o
                0x00001168                UART_SetBaudRate
 .text.UART2_RX_TX_IRQHandler
                0x00001200       0x84 ./source/uart.o
                0x00001200                UART2_RX_TX_IRQHandler
 .text.hw_Init  0x00001284      0x10c ./SDK/startup/hardware.o
                0x00001284                hw_Init
 .text.hw_EnableInterrupts
                0x00001390       0x30 ./SDK/startup/hardware.o
                0x00001390                hw_EnableInterrupts
 .text.hw_DisableInterrupts
                0x000013c0       0x20 ./SDK/startup/hardware.o
                0x000013c0                hw_DisableInterrupts
 .text.SystemInit
                0x000013e0       0x3c ./SDK/CMSIS/system_MK64F12.o
                0x000013e0                SystemInit
 .text.sprintf  0x0000141c       0x6c c:/nxp/mcuxpressoide_10.2.0_759/ide/tools/bin/../lib/gcc/arm-none-eabi/7.2.1/../../../../arm-none-eabi/lib/thumb/v7e-m/fpv4-sp/hard\libcr_c.a(fpprintf.o)
                0x0000141c                sprintf
 .text.vsnprintf
                0x00001488       0x5c c:/nxp/mcuxpressoide_10.2.0_759/ide/tools/bin/../lib/gcc/arm-none-eabi/7.2.1/../../../../arm-none-eabi/lib/thumb/v7e-m/fpv4-sp/hard\libcr_c.a(fpprintf.o)
                0x00001488                vsnprintf
 .text.printf   0x000014e4       0x54 c:/nxp/mcuxpressoide_10.2.0_759/ide/tools/bin/../lib/gcc/arm-none-eabi/7.2.1/../../../../arm-none-eabi/lib/thumb/v7e-m/fpv4-sp/hard\libcr_c.a(fpprintf.o)
                0x000014e4                printf
 .text.__vfprintf
                0x00001538      0xb98 c:/nxp/mcuxpressoide_10.2.0_759/ide/tools/bin/../lib/gcc/arm-none-eabi/7.2.1/../../../../arm-none-eabi/lib/thumb/v7e-m/fpv4-sp/hard\libcr_c.a(printf.o)
                0x00001538                __vfprintf
 .text._Cwritebuf
                0x000020d0       0x6c c:/nxp/mcuxpressoide_10.2.0_759/ide/tools/bin/../lib/gcc/arm-none-eabi/7.2.1/../../../../arm-none-eabi/lib/thumb/v7e-m/fpv4-sp/hard\libcr_c.a(_writebuf.o)
                0x000020d0                _Cwritebuf
 .text.malloc   0x0000213c       0xc8 c:/nxp/mcuxpressoide_10.2.0_759/ide/tools/bin/../lib/gcc/arm-none-eabi/7.2.1/../../../../arm-none-eabi/lib/thumb/v7e-m/fpv4-sp/hard\libcr_c.a(alloc.o)
                0x0000213c                malloc
 .text._Csys_alloc
                0x00002204       0x20 c:/nxp/mcuxpressoide_10.2.0_759/ide/tools/bin/../lib/gcc/arm-none-eabi/7.2.1/../../../../arm-none-eabi/lib/thumb/v7e-m/fpv4-sp/hard\libcr_c.a(alloc.o)
                0x00002204                _Csys_alloc
 .text.fseek    0x00002224      0x100 c:/nxp/mcuxpressoide_10.2.0_759/ide/tools/bin/../lib/gcc/arm-none-eabi/7.2.1/../../../../arm-none-eabi/lib/thumb/v7e-m/fpv4-sp/hard\libcr_c.a(fseek.o)
                0x00002224                fseek
 .text.ftell    0x00002324       0x44 c:/nxp/mcuxpressoide_10.2.0_759/ide/tools/bin/../lib/gcc/arm-none-eabi/7.2.1/../../../../arm-none-eabi/lib/thumb/v7e-m/fpv4-sp/hard\libcr_c.a(ftell.o)
                0x00002324                ftell
 .text._sbrk    0x00002368       0x3c c:/nxp/mcuxpressoide_10.2.0_759/ide/tools/bin/../lib/gcc/arm-none-eabi/7.2.1/../../../../arm-none-eabi/lib/thumb/v7e-m/fpv4-sp/hard\libcr_c.a(_cr_sbrk.o)
                0x00002368                _sbrk
 .text.__check_heap_overflow
                0x000023a4       0x18 c:/nxp/mcuxpressoide_10.2.0_759/ide/tools/bin/../lib/gcc/arm-none-eabi/7.2.1/../../../../arm-none-eabi/lib/thumb/v7e-m/fpv4-sp/hard\libcr_c.a(_cr_check_heap.o)
                0x000023a4                __check_heap_overflow
 .text.__aeabi_dmul
                0x000023bc      0x11c c:/nxp/mcuxpressoide_10.2.0_759/ide/tools/bin/../lib/gcc/arm-none-eabi/7.2.1/thumb/v7e-m/fpv4-sp/hard\libcr_eabihelpers.a(double.o)
                0x000023bc                __aeabi_dmul
 .text.__aeabi_ddiv
                0x000024d8      0x138 c:/nxp/mcuxpressoide_10.2.0_759/ide/tools/bin/../lib/gcc/arm-none-eabi/7.2.1/thumb/v7e-m/fpv4-sp/hard\libcr_eabihelpers.a(double.o)
                0x000024d8                __aeabi_ddiv
 .text.__aeabi_dsub
                0x00002610      0x1b4 c:/nxp/mcuxpressoide_10.2.0_759/ide/tools/bin/../lib/gcc/arm-none-eabi/7.2.1/thumb/v7e-m/fpv4-sp/hard\libcr_eabihelpers.a(double.o)
                0x00002610                __aeabi_dsub
 .text.__aeabi_dadd
                0x000027c4      0x10c c:/nxp/mcuxpressoide_10.2.0_759/ide/tools/bin/../lib/gcc/arm-none-eabi/7.2.1/thumb/v7e-m/fpv4-sp/hard\libcr_eabihelpers.a(double.o)
                0x000027c4                __aeabi_dadd
 .text.App_Init
                0x000028d0       0x14 ./source/App.o
                0x000028d0                App_Init
 .text.PORTA_IRQHandler
                0x000028e4       0x1e ./source/gpio.o
                0x000028e4                PORTA_IRQHandler
 .text.PORTB_IRQHandler
                0x00002902       0x1e ./source/gpio.o
                0x00002902                PORTB_IRQHandler
 .text.PORTC_IRQHandler
                0x00002920       0x1e ./source/gpio.o
                0x00002920                PORTC_IRQHandler
 .text.PORTD_IRQHandler
                0x0000293e       0x1e ./source/gpio.o
                0x0000293e                PORTD_IRQHandler
 .text.PORTE_IRQHandler
                0x0000295c       0x1e ./source/gpio.o
                0x0000295c                PORTE_IRQHandler
 .text.main     0x0000297a       0x1a ./SDK/startup/main.o
                0x0000297a                main
 .text.HardFault_Handler
                0x00002994       0x2c ./SDK/startup/semihost_hardfault.o
                0x00002994                HardFault_Handler
 .text.DMA0_IRQHandler
                0x000029c0        0x8 ./SDK/startup/startup_mk64f12.o
                0x000029c0                DMA0_IRQHandler
 .text.DMA1_IRQHandler
                0x000029c8        0x8 ./SDK/startup/startup_mk64f12.o
                0x000029c8                DMA1_IRQHandler
 .text.DMA2_IRQHandler
                0x000029d0        0x8 ./SDK/startup/startup_mk64f12.o
                0x000029d0                DMA2_IRQHandler
 .text.DMA3_IRQHandler
                0x000029d8        0x8 ./SDK/startup/startup_mk64f12.o
                0x000029d8                DMA3_IRQHandler
 .text.DMA4_IRQHandler
                0x000029e0        0x8 ./SDK/startup/startup_mk64f12.o
                0x000029e0                DMA4_IRQHandler
 .text.DMA5_IRQHandler
                0x000029e8        0x8 ./SDK/startup/startup_mk64f12.o
                0x000029e8                DMA5_IRQHandler
 .text.DMA6_IRQHandler
                0x000029f0        0x8 ./SDK/startup/startup_mk64f12.o
                0x000029f0                DMA6_IRQHandler
 .text.DMA7_IRQHandler
                0x000029f8        0x8 ./SDK/startup/startup_mk64f12.o
                0x000029f8                DMA7_IRQHandler
 .text.DMA8_IRQHandler
                0x00002a00        0x8 ./SDK/startup/startup_mk64f12.o
                0x00002a00                DMA8_IRQHandler
 .text.DMA9_IRQHandler
                0x00002a08        0x8 ./SDK/startup/startup_mk64f12.o
                0x00002a08                DMA9_IRQHandler
 .text.DMA10_IRQHandler
                0x00002a10        0x8 ./SDK/startup/startup_mk64f12.o
                0x00002a10                DMA10_IRQHandler
 .text.DMA11_IRQHandler
                0x00002a18        0x8 ./SDK/startup/startup_mk64f12.o
                0x00002a18                DMA11_IRQHandler
 .text.DMA12_IRQHandler
                0x00002a20        0x8 ./SDK/startup/startup_mk64f12.o
                0x00002a20                DMA12_IRQHandler
 .text.DMA13_IRQHandler
                0x00002a28        0x8 ./SDK/startup/startup_mk64f12.o
                0x00002a28                DMA13_IRQHandler
 .text.DMA14_IRQHandler
                0x00002a30        0x8 ./SDK/startup/startup_mk64f12.o
                0x00002a30                DMA14_IRQHandler
 .text.DMA15_IRQHandler
                0x00002a38        0x8 ./SDK/startup/startup_mk64f12.o
                0x00002a38                DMA15_IRQHandler
 .text.DMA_Error_IRQHandler
                0x00002a40        0x8 ./SDK/startup/startup_mk64f12.o
                0x00002a40                DMA_Error_IRQHandler
 .text.MCM_IRQHandler
                0x00002a48        0x8 ./SDK/startup/startup_mk64f12.o
                0x00002a48                MCM_IRQHandler
 .text.FTFE_IRQHandler
                0x00002a50        0x8 ./SDK/startup/startup_mk64f12.o
                0x00002a50                FTFE_IRQHandler
 .text.Read_Collision_IRQHandler
                0x00002a58        0x8 ./SDK/startup/startup_mk64f12.o
                0x00002a58                Read_Collision_IRQHandler
 .text.LVD_LVW_IRQHandler
                0x00002a60        0x8 ./SDK/startup/startup_mk64f12.o
                0x00002a60                LVD_LVW_IRQHandler
 .text.LLWU_IRQHandler
                0x00002a68        0x8 ./SDK/startup/startup_mk64f12.o
                0x00002a68                LLWU_IRQHandler
 .text.WDOG_EWM_IRQHandler
                0x00002a70        0x8 ./SDK/startup/startup_mk64f12.o
                0x00002a70                WDOG_EWM_IRQHandler
 .text.RNG_IRQHandler
                0x00002a78        0x8 ./SDK/startup/startup_mk64f12.o
                0x00002a78                RNG_IRQHandler
 .text.I2C0_IRQHandler
                0x00002a80        0x8 ./SDK/startup/startup_mk64f12.o
                0x00002a80                I2C0_IRQHandler
 .text.I2C1_IRQHandler
                0x00002a88        0x8 ./SDK/startup/startup_mk64f12.o
                0x00002a88                I2C1_IRQHandler
 .text.SPI0_IRQHandler
                0x00002a90        0x8 ./SDK/startup/startup_mk64f12.o
                0x00002a90                SPI0_IRQHandler
 .text.SPI1_IRQHandler
                0x00002a98        0x8 ./SDK/startup/startup_mk64f12.o
                0x00002a98                SPI1_IRQHandler
 .text.I2S0_Tx_IRQHandler
                0x00002aa0        0x8 ./SDK/startup/startup_mk64f12.o
                0x00002aa0                I2S0_Tx_IRQHandler
 .text.I2S0_Rx_IRQHandler
                0x00002aa8        0x8 ./SDK/startup/startup_mk64f12.o
                0x00002aa8                I2S0_Rx_IRQHandler
 .text.UART0_LON_IRQHandler
                0x00002ab0        0x8 ./SDK/startup/startup_mk64f12.o
                0x00002ab0                UART0_LON_IRQHandler
 .text.UART0_RX_TX_IRQHandler
                0x00002ab8        0x8 ./SDK/startup/startup_mk64f12.o
                0x00002ab8                UART0_RX_TX_IRQHandler
 .text.UART0_ERR_IRQHandler
                0x00002ac0        0x8 ./SDK/startup/startup_mk64f12.o
                0x00002ac0                UART0_ERR_IRQHandler
 .text.UART1_RX_TX_IRQHandler
                0x00002ac8        0x8 ./SDK/startup/startup_mk64f12.o
                0x00002ac8                UART1_RX_TX_IRQHandler
 .text.UART1_ERR_IRQHandler
                0x00002ad0        0x8 ./SDK/startup/startup_mk64f12.o
                0x00002ad0                UART1_ERR_IRQHandler
 .text.UART2_ERR_IRQHandler
                0x00002ad8        0x8 ./SDK/startup/startup_mk64f12.o
                0x00002ad8                UART2_ERR_IRQHandler
 .text.UART3_RX_TX_IRQHandler
                0x00002ae0        0x8 ./SDK/startup/startup_mk64f12.o
                0x00002ae0                UART3_RX_TX_IRQHandler
 .text.UART3_ERR_IRQHandler
                0x00002ae8        0x8 ./SDK/startup/startup_mk64f12.o
                0x00002ae8                UART3_ERR_IRQHandler
 .text.ADC0_IRQHandler
                0x00002af0        0x8 ./SDK/startup/startup_mk64f12.o
                0x00002af0                ADC0_IRQHandler
 .text.CMP0_IRQHandler
                0x00002af8        0x8 ./SDK/startup/startup_mk64f12.o
                0x00002af8                CMP0_IRQHandler
 .text.CMP1_IRQHandler
                0x00002b00        0x8 ./SDK/startup/startup_mk64f12.o
                0x00002b00                CMP1_IRQHandler
 .text.FTM0_IRQHandler
                0x00002b08        0x8 ./SDK/startup/startup_mk64f12.o
                0x00002b08                FTM0_IRQHandler
 .text.FTM1_IRQHandler
                0x00002b10        0x8 ./SDK/startup/startup_mk64f12.o
                0x00002b10                FTM1_IRQHandler
 .text.FTM2_IRQHandler
                0x00002b18        0x8 ./SDK/startup/startup_mk64f12.o
                0x00002b18                FTM2_IRQHandler
 .text.CMT_IRQHandler
                0x00002b20        0x8 ./SDK/startup/startup_mk64f12.o
                0x00002b20                CMT_IRQHandler
 .text.RTC_IRQHandler
                0x00002b28        0x8 ./SDK/startup/startup_mk64f12.o
                0x00002b28                RTC_IRQHandler
 .text.RTC_Seconds_IRQHandler
                0x00002b30        0x8 ./SDK/startup/startup_mk64f12.o
                0x00002b30                RTC_Seconds_IRQHandler
 .text.PIT0_IRQHandler
                0x00002b38        0x8 ./SDK/startup/startup_mk64f12.o
                0x00002b38                PIT0_IRQHandler
 .text.PIT1_IRQHandler
                0x00002b40        0x8 ./SDK/startup/startup_mk64f12.o
                0x00002b40                PIT1_IRQHandler
 .text.PIT2_IRQHandler
                0x00002b48        0x8 ./SDK/startup/startup_mk64f12.o
                0x00002b48                PIT2_IRQHandler
 .text.PIT3_IRQHandler
                0x00002b50        0x8 ./SDK/startup/startup_mk64f12.o
                0x00002b50                PIT3_IRQHandler
 .text.PDB0_IRQHandler
                0x00002b58        0x8 ./SDK/startup/startup_mk64f12.o
                0x00002b58                PDB0_IRQHandler
 .text.USB0_IRQHandler
                0x00002b60        0x8 ./SDK/startup/startup_mk64f12.o
                0x00002b60                USB0_IRQHandler
 .text.USBDCD_IRQHandler
                0x00002b68        0x8 ./SDK/startup/startup_mk64f12.o
                0x00002b68                USBDCD_IRQHandler
 .text.Reserved71_IRQHandler
                0x00002b70        0x8 ./SDK/startup/startup_mk64f12.o
                0x00002b70                Reserved71_IRQHandler
 .text.DAC0_IRQHandler
                0x00002b78        0x8 ./SDK/startup/startup_mk64f12.o
                0x00002b78                DAC0_IRQHandler
 .text.MCG_IRQHandler
                0x00002b80        0x8 ./SDK/startup/startup_mk64f12.o
                0x00002b80                MCG_IRQHandler
 .text.LPTMR0_IRQHandler
                0x00002b88        0x8 ./SDK/startup/startup_mk64f12.o
                0x00002b88                LPTMR0_IRQHandler
 .text.SWI_IRQHandler
                0x00002b90        0x8 ./SDK/startup/startup_mk64f12.o
                0x00002b90                SWI_IRQHandler
 .text.SPI2_IRQHandler
                0x00002b98        0x8 ./SDK/startup/startup_mk64f12.o
                0x00002b98                SPI2_IRQHandler
 .text.UART4_RX_TX_IRQHandler
                0x00002ba0        0x8 ./SDK/startup/startup_mk64f12.o
                0x00002ba0                UART4_RX_TX_IRQHandler
 .text.UART4_ERR_IRQHandler
                0x00002ba8        0x8 ./SDK/startup/startup_mk64f12.o
                0x00002ba8                UART4_ERR_IRQHandler
 .text.UART5_RX_TX_IRQHandler
                0x00002bb0        0x8 ./SDK/startup/startup_mk64f12.o
                0x00002bb0                UART5_RX_TX_IRQHandler
 .text.UART5_ERR_IRQHandler
                0x00002bb8        0x8 ./SDK/startup/startup_mk64f12.o
                0x00002bb8                UART5_ERR_IRQHandler
 .text.CMP2_IRQHandler
                0x00002bc0        0x8 ./SDK/startup/startup_mk64f12.o
                0x00002bc0                CMP2_IRQHandler
 .text.FTM3_IRQHandler
                0x00002bc8        0x8 ./SDK/startup/startup_mk64f12.o
                0x00002bc8                FTM3_IRQHandler
 .text.DAC1_IRQHandler
                0x00002bd0        0x8 ./SDK/startup/startup_mk64f12.o
                0x00002bd0                DAC1_IRQHandler
 .text.ADC1_IRQHandler
                0x00002bd8        0x8 ./SDK/startup/startup_mk64f12.o
                0x00002bd8                ADC1_IRQHandler
 .text.I2C2_IRQHandler
                0x00002be0        0x8 ./SDK/startup/startup_mk64f12.o
                0x00002be0                I2C2_IRQHandler
 .text.CAN0_ORed_Message_buffer_IRQHandler
                0x00002be8        0x8 ./SDK/startup/startup_mk64f12.o
                0x00002be8                CAN0_ORed_Message_buffer_IRQHandler
 .text.CAN0_Bus_Off_IRQHandler
                0x00002bf0        0x8 ./SDK/startup/startup_mk64f12.o
                0x00002bf0                CAN0_Bus_Off_IRQHandler
 .text.CAN0_Error_IRQHandler
                0x00002bf8        0x8 ./SDK/startup/startup_mk64f12.o
                0x00002bf8                CAN0_Error_IRQHandler
 .text.CAN0_Tx_Warning_IRQHandler
                0x00002c00        0x8 ./SDK/startup/startup_mk64f12.o
                0x00002c00                CAN0_Tx_Warning_IRQHandler
 .text.CAN0_Rx_Warning_IRQHandler
                0x00002c08        0x8 ./SDK/startup/startup_mk64f12.o
                0x00002c08                CAN0_Rx_Warning_IRQHandler
 .text.CAN0_Wake_Up_IRQHandler
                0x00002c10        0x8 ./SDK/startup/startup_mk64f12.o
                0x00002c10                CAN0_Wake_Up_IRQHandler
 .text.SDHC_IRQHandler
                0x00002c18        0x8 ./SDK/startup/startup_mk64f12.o
                0x00002c18                SDHC_IRQHandler
 .text.ENET_1588_Timer_IRQHandler
                0x00002c20        0x8 ./SDK/startup/startup_mk64f12.o
                0x00002c20                ENET_1588_Timer_IRQHandler
 .text.ENET_Transmit_IRQHandler
                0x00002c28        0x8 ./SDK/startup/startup_mk64f12.o
                0x00002c28                ENET_Transmit_IRQHandler
 .text.ENET_Receive_IRQHandler
                0x00002c30        0x8 ./SDK/startup/startup_mk64f12.o
                0x00002c30                ENET_Receive_IRQHandler
 .text.ENET_Error_IRQHandler
                0x00002c38        0x8 ./SDK/startup/startup_mk64f12.o
                0x00002c38                ENET_Error_IRQHandler
 .text.SystemInitHook
                0x00002c40        0xe ./SDK/CMSIS/system_MK64F12.o
                0x00002c40                SystemInitHook
 .text.fp_round
                0x00002c4e       0x4e c:/nxp/mcuxpressoide_10.2.0_759/ide/tools/bin/../lib/gcc/arm-none-eabi/7.2.1/../../../../arm-none-eabi/lib/thumb/v7e-m/fpv4-sp/hard\libcr_c.a(fpprintf.o)
 .text.pr_dec.constprop.1
                0x00002c9c       0x26 c:/nxp/mcuxpressoide_10.2.0_759/ide/tools/bin/../lib/gcc/arm-none-eabi/7.2.1/../../../../arm-none-eabi/lib/thumb/v7e-m/fpv4-sp/hard\libcr_c.a(fpprintf.o)
 .text.strlen   0x00002cc2       0x4a c:/nxp/mcuxpressoide_10.2.0_759/ide/tools/bin/../lib/gcc/arm-none-eabi/7.2.1/../../../../arm-none-eabi/lib/thumb/v7e-m/fpv4-sp/hard\libcr_c.a(strlen.o)
                0x00002cc2                strlen
 .text.memset   0x00002d0c        0x4 c:/nxp/mcuxpressoide_10.2.0_759/ide/tools/bin/../lib/gcc/arm-none-eabi/7.2.1/../../../../arm-none-eabi/lib/thumb/v7e-m/fpv4-sp/hard\libcr_c.a(memset.o)
                0x00002d0c                memset
 .text._deferredlazyseek
                0x00002d10       0x40 c:/nxp/mcuxpressoide_10.2.0_759/ide/tools/bin/../lib/gcc/arm-none-eabi/7.2.1/../../../../arm-none-eabi/lib/thumb/v7e-m/fpv4-sp/hard\libcr_c.a(_deferredlazyseek.o)
                0x00002d10                _deferredlazyseek
 .text.__flsbuf
                0x00002d50      0x140 c:/nxp/mcuxpressoide_10.2.0_759/ide/tools/bin/../lib/gcc/arm-none-eabi/7.2.1/../../../../arm-none-eabi/lib/thumb/v7e-m/fpv4-sp/hard\libcr_c.a(_deferredlazyseek.o)
                0x00002d50                __flsbuf
 .text._fflush  0x00002e90       0x52 c:/nxp/mcuxpressoide_10.2.0_759/ide/tools/bin/../lib/gcc/arm-none-eabi/7.2.1/../../../../arm-none-eabi/lib/thumb/v7e-m/fpv4-sp/hard\libcr_c.a(_fflush.o)
                0x00002e90                _fflush
 .text.free     0x00002ee2       0x30 c:/nxp/mcuxpressoide_10.2.0_759/ide/tools/bin/../lib/gcc/arm-none-eabi/7.2.1/../../../../arm-none-eabi/lib/thumb/v7e-m/fpv4-sp/hard\libcr_c.a(alloc.o)
                0x00002ee2                free
 .text.__aeabi_d2iz
                0x00002f12       0x40 c:/nxp/mcuxpressoide_10.2.0_759/ide/tools/bin/../lib/gcc/arm-none-eabi/7.2.1/thumb/v7e-m/fpv4-sp/hard\libcr_eabihelpers.a(double.o)
                0x00002f12                __aeabi_d2iz
 .text.__bhs_ui2d
                0x00002f52       0x46 c:/nxp/mcuxpressoide_10.2.0_759/ide/tools/bin/../lib/gcc/arm-none-eabi/7.2.1/thumb/v7e-m/fpv4-sp/hard\libcr_eabihelpers.a(double.o)
                0x00002f52                __bhs_ui2d
 .text.__aeabi_i2d
                0x00002f98       0x12 c:/nxp/mcuxpressoide_10.2.0_759/ide/tools/bin/../lib/gcc/arm-none-eabi/7.2.1/thumb/v7e-m/fpv4-sp/hard\libcr_eabihelpers.a(double.o)
                0x00002f98                __aeabi_i2d
 .text.__aeabi_dcmpeq
                0x00002faa       0x30 c:/nxp/mcuxpressoide_10.2.0_759/ide/tools/bin/../lib/gcc/arm-none-eabi/7.2.1/thumb/v7e-m/fpv4-sp/hard\libcr_eabihelpers.a(double.o)
                0x00002faa                __aeabi_dcmpeq
 .text.__aeabi_dcmplt
                0x00002fda       0x58 c:/nxp/mcuxpressoide_10.2.0_759/ide/tools/bin/../lib/gcc/arm-none-eabi/7.2.1/thumb/v7e-m/fpv4-sp/hard\libcr_eabihelpers.a(double.o)
                0x00002fda                __aeabi_dcmplt
 .text.__aeabi_dcmple
                0x00003032       0x5a c:/nxp/mcuxpressoide_10.2.0_759/ide/tools/bin/../lib/gcc/arm-none-eabi/7.2.1/thumb/v7e-m/fpv4-sp/hard\libcr_eabihelpers.a(double.o)
                0x00003032                __aeabi_dcmple
 .text.__aeabi_dcmpge
                0x0000308c       0x58 c:/nxp/mcuxpressoide_10.2.0_759/ide/tools/bin/../lib/gcc/arm-none-eabi/7.2.1/thumb/v7e-m/fpv4-sp/hard\libcr_eabihelpers.a(double.o)
                0x0000308c                __aeabi_dcmpge
 .text.__aeabi_memset_lowlevel
                0x000030e4       0x32 c:/nxp/mcuxpressoide_10.2.0_759/ide/tools/bin/../lib/gcc/arm-none-eabi/7.2.1/thumb/v7e-m/fpv4-sp/hard\libcr_eabihelpers.a(memcpy.o)
                0x000030e4                __aeabi_lowlevel_memset
 *(SORT_BY_ALIGNMENT(.rodata) SORT_BY_ALIGNMENT(.rodata.*) SORT_BY_ALIGNMENT(.constdata) SORT_BY_ALIGNMENT(.constdata.*))
 *fill*         0x00003116        0x2 ff
 .rodata.__huge_vall
                0x00003118        0x8 c:/nxp/mcuxpressoide_10.2.0_759/ide/tools/bin/../lib/gcc/arm-none-eabi/7.2.1/../../../../arm-none-eabi/lib/thumb/v7e-m/fpv4-sp/hard\libcr_c.a(_hugeval.o)
                0x00003118                __huge_vall
 .rodata        0x00003120        0x3 ./source/App.o
 *fill*         0x00003123        0x1 ff
 .rodata.PORT_PTRS
                0x00003124       0x14 ./source/gpio.o
 .rodata.GPIO_PTRS
                0x00003138       0x14 ./source/gpio.o
 .rodata.message
                0x0000314c       0x2c ./source/uart.o
 .rodata.fp_display.str1.1
                0x00003178       0x34 c:/nxp/mcuxpressoide_10.2.0_759/ide/tools/bin/../lib/gcc/arm-none-eabi/7.2.1/../../../../arm-none-eabi/lib/thumb/v7e-m/fpv4-sp/hard\libcr_c.a(fpprintf.o)
                                 0x35 (size before relaxing)
 .rodata.__vfprintf.str1.1
                0x000031ac       0x31 c:/nxp/mcuxpressoide_10.2.0_759/ide/tools/bin/../lib/gcc/arm-none-eabi/7.2.1/../../../../arm-none-eabi/lib/thumb/v7e-m/fpv4-sp/hard\libcr_c.a(printf.o)
                                 0x38 (size before relaxing)
 .rodata._Csys_alloc.str1.1
                0x000031dd       0x18 c:/nxp/mcuxpressoide_10.2.0_759/ide/tools/bin/../lib/gcc/arm-none-eabi/7.2.1/../../../../arm-none-eabi/lib/thumb/v7e-m/fpv4-sp/hard\libcr_c.a(alloc.o)
                0x000031f8                . = ALIGN (0x8)
 *fill*         0x000031f5        0x3 ff

.glue_7         0x000031f8        0x0
 .glue_7        0x000031f8        0x0 linker stubs

.glue_7t        0x000031f8        0x0
 .glue_7t       0x000031f8        0x0 linker stubs

.vfp11_veneer   0x000031f8        0x0
 .vfp11_veneer  0x000031f8        0x0 linker stubs

.v4_bx          0x000031f8        0x0
 .v4_bx         0x000031f8        0x0 linker stubs

.iplt           0x000031f8        0x0
 .iplt          0x000031f8        0x0 ./source/App.o

.rel.dyn        0x000031f8        0x0
 .rel.iplt      0x000031f8        0x0 ./source/App.o

.ARM.extab
 *(SORT_BY_ALIGNMENT(.ARM.extab*) SORT_BY_ALIGNMENT(.gnu.linkonce.armextab.*))
                0x000031f8                __exidx_start = .

.ARM.exidx
 *(SORT_BY_ALIGNMENT(.ARM.exidx*) SORT_BY_ALIGNMENT(.gnu.linkonce.armexidx.*))
                0x000031f8                __exidx_end = .
                0x000031f8                _etext = .

.m_usb_data
 *(SORT_BY_ALIGNMENT(m_usb_bdt))

.data_RAM2      0x1fff0000        0x0 load address 0x000031f8
 FILL mask 0xff
                [!provide]                PROVIDE (__start_data_RAM2, .)
 *(SORT_BY_ALIGNMENT(.ramfunc.$RAM2))
 *(SORT_BY_ALIGNMENT(.ramfunc.$SRAM_LOWER))
 *(SORT_BY_ALIGNMENT(.data.$RAM2*))
 *(SORT_BY_ALIGNMENT(.data.$SRAM_LOWER*))
                0x1fff0000                . = ALIGN (0x8)
                [!provide]                PROVIDE (__end_data_RAM2, .)

.data_RAM3      0x14000000        0x0 load address 0x000031f8
 FILL mask 0xff
                [!provide]                PROVIDE (__start_data_RAM3, .)
 *(SORT_BY_ALIGNMENT(.ramfunc.$RAM3))
 *(SORT_BY_ALIGNMENT(.ramfunc.$FLEX_RAM))
 *(SORT_BY_ALIGNMENT(.data.$RAM3*))
 *(SORT_BY_ALIGNMENT(.data.$FLEX_RAM*))
                0x14000000                . = ALIGN (0x8)
                [!provide]                PROVIDE (__end_data_RAM3, .)

.uninit_RESERVED
                0x20000000        0x0
 *(SORT_BY_ALIGNMENT(.bss.$RESERVED*))
                0x20000000                . = ALIGN (0x4)
                0x20000000                _end_uninit_RESERVED = .

.data           0x20000000        0x0 load address 0x000031f8
 FILL mask 0xff
                0x20000000                _data = .
 *(SORT_BY_ALIGNMENT(vtable))
 *(SORT_BY_ALIGNMENT(.ramfunc*))
 *(SORT_BY_ALIGNMENT(.data*))
                0x20000000                . = ALIGN (0x8)
                0x20000000                _edata = .

.igot.plt       0x20000000        0x0 load address 0x000031f8
 .igot.plt      0x20000000        0x0 ./source/App.o

.bss_RAM2       0x1fff0000        0x0
                [!provide]                PROVIDE (__start_bss_RAM2, .)
 *(SORT_BY_ALIGNMENT(.bss.$RAM2*))
 *(SORT_BY_ALIGNMENT(.bss.$SRAM_LOWER*))
                0x1fff0000                . = ALIGN ((. != 0x0)?0x8:0x1)
                [!provide]                PROVIDE (__end_bss_RAM2, .)

.bss_RAM3       0x14000000        0x0
                [!provide]                PROVIDE (__start_bss_RAM3, .)
 *(SORT_BY_ALIGNMENT(.bss.$RAM3*))
 *(SORT_BY_ALIGNMENT(.bss.$FLEX_RAM*))
                0x14000000                . = ALIGN ((. != 0x0)?0x8:0x1)
                [!provide]                PROVIDE (__end_bss_RAM3, .)

.bss            0x20000000      0x298
                0x20000000                _bss = .
 *(SORT_BY_ALIGNMENT(.bss*))
 .bss.callback_ptr
                0x20000000        0x4 ./source/SysTick.o
                0x20000000                callback_ptr
 .bss.CALLBACKS
                0x20000004      0x280 ./source/gpio.o
 .bss.i.8075    0x20000284        0x4 ./source/uart.o
 .bss.__LDM_interruptDisableCount
                0x20000288        0x4 ./SDK/startup/hardware.o
 .bss.errno     0x2000028c        0x4 c:/nxp/mcuxpressoide_10.2.0_759/ide/tools/bin/../lib/gcc/arm-none-eabi/7.2.1/../../../../arm-none-eabi/lib/thumb/v7e-m/fpv4-sp/hard\libcr_c.a(errno.o)
                0x2000028c                errno
 .bss.__end_of_heap
                0x20000290        0x4 c:/nxp/mcuxpressoide_10.2.0_759/ide/tools/bin/../lib/gcc/arm-none-eabi/7.2.1/../../../../arm-none-eabi/lib/thumb/v7e-m/fpv4-sp/hard\libcr_c.a(__init_alloc.o)
                0x20000290                __end_of_heap
 .bss.__heaps   0x20000294        0x4 c:/nxp/mcuxpressoide_10.2.0_759/ide/tools/bin/../lib/gcc/arm-none-eabi/7.2.1/../../../../arm-none-eabi/lib/thumb/v7e-m/fpv4-sp/hard\libcr_c.a(__init_alloc.o)
                0x20000294                __heaps
 *(SORT_BY_ALIGNMENT(COMMON))
                0x20000298                . = ALIGN (0x8)
                0x20000298                _ebss = .
                [!provide]                PROVIDE (end, .)

.noinit_RAM2    0x1fff0000        0x0
 *(SORT_BY_ALIGNMENT(.noinit.$RAM2*))
 *(SORT_BY_ALIGNMENT(.noinit.$SRAM_LOWER*))
                0x1fff0000                . = ALIGN (0x8)

.noinit_RAM3    0x14000000        0x0
 *(SORT_BY_ALIGNMENT(.noinit.$RAM3*))
 *(SORT_BY_ALIGNMENT(.noinit.$FLEX_RAM*))
                0x14000000                . = ALIGN (0x8)

.noinit         0x20000298        0x0
                0x20000298                _noinit = .
 *(SORT_BY_ALIGNMENT(.noinit*))
                0x20000298                . = ALIGN (0x8)
                0x20000298                _end_noinit = .
                0x00001000                _HeapSize = 0x1000

.heap           0x20000298     0x1000
                0x20000298                _pvHeapStart = .
                0x20001298                . = (. + _HeapSize)
 *fill*         0x20000298     0x1000 
                0x20001298                . = ALIGN (0x8)
                0x20001298                _pvHeapLimit = .
                0x00001000                _StackSize = 0x1000

.heap2stackfill
                0x20001298     0x1000
                0x20002298                . = (. + _StackSize)
 *fill*         0x20001298     0x1000 

.stack          0x2002f000        0x0
                0x2002f000                _vStackBase = .
                0x2002f000                . = ALIGN (0x8)
                0x20030000                _vStackTop = (. + _StackSize)
                0x00000000                _image_start = LOADADDR (.text)
                0x000031f8                _image_end = (LOADADDR (.data) + SIZEOF (.data))
                0x000031f8                _image_size = (_image_end - _image_start)
OUTPUT(Blink.axf elf32-littlearm)

.debug_info     0x00000000     0x3fe1
 .debug_info    0x00000000      0xb50 ./source/App.o
 .debug_info    0x00000b50      0x175 ./source/SysTick.o
 .debug_info    0x00000cc5      0xb0d ./source/gpio.o
 .debug_info    0x000017d2     0x11fc ./source/uart.o
 .debug_info    0x000029ce      0x675 ./SDK/startup/hardware.o
 .debug_info    0x00003043       0xb7 ./SDK/startup/main.o
 .debug_info    0x000030fa       0x3b ./SDK/startup/semihost_hardfault.o
 .debug_info    0x00003135      0x8b0 ./SDK/startup/startup_mk64f12.o
 .debug_info    0x000039e5      0x5fc ./SDK/CMSIS/system_MK64F12.o

.debug_abbrev   0x00000000      0xc9f
 .debug_abbrev  0x00000000      0x224 ./source/App.o
 .debug_abbrev  0x00000224      0x120 ./source/SysTick.o
 .debug_abbrev  0x00000344      0x243 ./source/gpio.o
 .debug_abbrev  0x00000587      0x299 ./source/uart.o
 .debug_abbrev  0x00000820      0x138 ./SDK/startup/hardware.o
 .debug_abbrev  0x00000958       0x7d ./SDK/startup/main.o
 .debug_abbrev  0x000009d5       0x2f ./SDK/startup/semihost_hardfault.o
 .debug_abbrev  0x00000a04      0x15c ./SDK/startup/startup_mk64f12.o
 .debug_abbrev  0x00000b60      0x13f ./SDK/CMSIS/system_MK64F12.o

.debug_aranges  0x00000000      0x4e0
 .debug_aranges
                0x00000000       0x28 ./source/App.o
 .debug_aranges
                0x00000028       0x28 ./source/SysTick.o
 .debug_aranges
                0x00000050       0x80 ./source/gpio.o
 .debug_aranges
                0x000000d0       0x40 ./source/uart.o
 .debug_aranges
                0x00000110       0x30 ./SDK/startup/hardware.o
 .debug_aranges
                0x00000140       0x20 ./SDK/startup/main.o
 .debug_aranges
                0x00000160       0x20 ./SDK/startup/semihost_hardfault.o
 .debug_aranges
                0x00000180      0x330 ./SDK/startup/startup_mk64f12.o
 .debug_aranges
                0x000004b0       0x30 ./SDK/CMSIS/system_MK64F12.o

.debug_ranges   0x00000000      0x450
 .debug_ranges  0x00000000       0x18 ./source/App.o
 .debug_ranges  0x00000018       0x18 ./source/SysTick.o
 .debug_ranges  0x00000030       0x70 ./source/gpio.o
 .debug_ranges  0x000000a0       0x30 ./source/uart.o
 .debug_ranges  0x000000d0       0x20 ./SDK/startup/hardware.o
 .debug_ranges  0x000000f0       0x10 ./SDK/startup/main.o
 .debug_ranges  0x00000100       0x10 ./SDK/startup/semihost_hardfault.o
 .debug_ranges  0x00000110      0x320 ./SDK/startup/startup_mk64f12.o
 .debug_ranges  0x00000430       0x20 ./SDK/CMSIS/system_MK64F12.o

.debug_macro    0x00000000    0x12b5a
 .debug_macro   0x00000000      0x284 ./source/App.o
 .debug_macro   0x00000284      0xa5a ./source/App.o
 .debug_macro   0x00000cde      0x34e ./source/App.o
 .debug_macro   0x0000102c       0x22 ./source/App.o
 .debug_macro   0x0000104e       0x3a ./source/App.o
 .debug_macro   0x00001088       0xee ./source/App.o
 .debug_macro   0x00001176       0x5c ./source/App.o
 .debug_macro   0x000011d2       0x1c ./source/App.o
 .debug_macro   0x000011ee       0x22 ./source/App.o
 .debug_macro   0x00001210       0xdf ./source/App.o
 .debug_macro   0x000012ef      0xecf ./source/App.o
 .debug_macro   0x000021be       0x48 ./source/App.o
 .debug_macro   0x00002206     0xe07b ./source/App.o
 .debug_macro   0x00010281       0x10 ./source/App.o
 .debug_macro   0x00010291     0x122b ./source/App.o
 .debug_macro   0x000114bc       0x16 ./source/App.o
 .debug_macro   0x000114d2       0x22 ./source/App.o
 .debug_macro   0x000114f4       0x52 ./source/App.o
 .debug_macro   0x00011546       0x17 ./source/App.o
 .debug_macro   0x0001155d       0x8d ./source/App.o
 .debug_macro   0x000115ea       0x35 ./source/App.o
 .debug_macro   0x0001161f       0x9c ./source/App.o
 .debug_macro   0x000116bb       0x16 ./source/App.o
 .debug_macro   0x000116d1       0x57 ./source/App.o
 .debug_macro   0x00011728       0x97 ./source/App.o
 .debug_macro   0x000117bf      0x32a ./source/App.o
 .debug_macro   0x00011ae9       0xfd ./source/App.o
 .debug_macro   0x00011be6       0x10 ./source/App.o
 .debug_macro   0x00011bf6       0x58 ./source/App.o
 .debug_macro   0x00011c4e       0x1f ./source/App.o
 .debug_macro   0x00011c6d       0x43 ./source/App.o
 .debug_macro   0x00011cb0       0x20 ./source/App.o
 .debug_macro   0x00011cd0      0x18e ./source/App.o
 .debug_macro   0x00011e5e       0x10 ./source/App.o
 .debug_macro   0x00011e6e       0x6a ./source/App.o
 .debug_macro   0x00011ed8       0x1c ./source/App.o
 .debug_macro   0x00011ef4       0x52 ./source/App.o
 .debug_macro   0x00011f46       0x40 ./source/App.o
 .debug_macro   0x00011f86       0x10 ./source/App.o
 .debug_macro   0x00011f96       0x40 ./source/App.o
 .debug_macro   0x00011fd6       0xd7 ./source/App.o
 .debug_macro   0x000120ad       0x1c ./source/App.o
 .debug_macro   0x000120c9       0x3d ./source/App.o
 .debug_macro   0x00012106       0x16 ./source/App.o
 .debug_macro   0x0001211c      0x16f ./source/App.o
 .debug_macro   0x0001228b       0x16 ./source/App.o
 .debug_macro   0x000122a1       0x35 ./source/App.o
 .debug_macro   0x000122d6      0x10a ./source/SysTick.o
 .debug_macro   0x000123e0       0x40 ./source/SysTick.o
 .debug_macro   0x00012420       0xcd ./source/gpio.o
 .debug_macro   0x000124ed      0x2ae ./source/uart.o
 .debug_macro   0x0001279b       0xd9 ./source/uart.o
 .debug_macro   0x00012874       0xf4 ./source/uart.o
 .debug_macro   0x00012968       0x9c ./SDK/startup/hardware.o
 .debug_macro   0x00012a04       0x9c ./SDK/startup/main.o
 .debug_macro   0x00012aa0       0x11 ./SDK/startup/semihost_hardfault.o
 .debug_macro   0x00012ab1       0x29 ./SDK/startup/startup_mk64f12.o
 .debug_macro   0x00012ada       0x80 ./SDK/CMSIS/system_MK64F12.o

.debug_line     0x00000000     0x198f
 .debug_line    0x00000000      0x412 ./source/App.o
 .debug_line    0x00000412      0x1b7 ./source/SysTick.o
 .debug_line    0x000005c9      0x2df ./source/gpio.o
 .debug_line    0x000008a8      0x4a6 ./source/uart.o
 .debug_line    0x00000d4e      0x1d4 ./SDK/startup/hardware.o
 .debug_line    0x00000f22      0x175 ./SDK/startup/main.o
 .debug_line    0x00001097       0x59 ./SDK/startup/semihost_hardfault.o
 .debug_line    0x000010f0      0x6d8 ./SDK/startup/startup_mk64f12.o
 .debug_line    0x000017c8      0x1c7 ./SDK/CMSIS/system_MK64F12.o

.debug_str      0x00000000    0x7cefa
 .debug_str     0x00000000    0x7b97b ./source/App.o
                              0x7bc32 (size before relaxing)
 .debug_str     0x0007b97b      0x17b ./source/SysTick.o
                              0x775dd (size before relaxing)
 .debug_str     0x0007baf6      0x8b6 ./source/gpio.o
                              0x779aa (size before relaxing)
 .debug_str     0x0007c3ac      0x16e ./source/uart.o
                              0x7c38c (size before relaxing)
 .debug_str     0x0007c51a      0x16f ./SDK/startup/hardware.o
                              0x77211 (size before relaxing)
 .debug_str     0x0007c689       0x1b ./SDK/startup/main.o
                              0x76fe5 (size before relaxing)
 .debug_str     0x0007c6a4       0x36 ./SDK/startup/semihost_hardfault.o
                               0x2d4b (size before relaxing)
 .debug_str     0x0007c6da      0x7be ./SDK/startup/startup_mk64f12.o
                               0x35b9 (size before relaxing)
 .debug_str     0x0007ce98       0x62 ./SDK/CMSIS/system_MK64F12.o
                              0x77120 (size before relaxing)

.comment        0x00000000       0x7e
 .comment       0x00000000       0x7e ./source/App.o
                                 0x7f (size before relaxing)
 .comment       0x0000007e       0x7f ./source/SysTick.o
 .comment       0x0000007e       0x7f ./source/gpio.o
 .comment       0x0000007e       0x7f ./source/uart.o
 .comment       0x0000007e       0x7f ./SDK/startup/hardware.o
 .comment       0x0000007e       0x7f ./SDK/startup/main.o
 .comment       0x0000007e       0x7f ./SDK/startup/semihost_hardfault.o
 .comment       0x0000007e       0x7f ./SDK/startup/startup_mk64f12.o
 .comment       0x0000007e       0x7f ./SDK/CMSIS/system_MK64F12.o
 .comment       0x0000007e       0x7f c:/nxp/mcuxpressoide_10.2.0_759/ide/tools/bin/../lib/gcc/arm-none-eabi/7.2.1/../../../../arm-none-eabi/lib/thumb/v7e-m/fpv4-sp/hard\libcr_c.a(fpprintf.o)
 .comment       0x0000007e       0x7f c:/nxp/mcuxpressoide_10.2.0_759/ide/tools/bin/../lib/gcc/arm-none-eabi/7.2.1/../../../../arm-none-eabi/lib/thumb/v7e-m/fpv4-sp/hard\libcr_c.a(printf.o)
 .comment       0x0000007e       0x7f c:/nxp/mcuxpressoide_10.2.0_759/ide/tools/bin/../lib/gcc/arm-none-eabi/7.2.1/../../../../arm-none-eabi/lib/thumb/v7e-m/fpv4-sp/hard\libcr_c.a(strlen.o)
 .comment       0x0000007e       0x7f c:/nxp/mcuxpressoide_10.2.0_759/ide/tools/bin/../lib/gcc/arm-none-eabi/7.2.1/../../../../arm-none-eabi/lib/thumb/v7e-m/fpv4-sp/hard\libcr_c.a(memset.o)
 .comment       0x0000007e       0x7f c:/nxp/mcuxpressoide_10.2.0_759/ide/tools/bin/../lib/gcc/arm-none-eabi/7.2.1/../../../../arm-none-eabi/lib/thumb/v7e-m/fpv4-sp/hard\libcr_c.a(_deferredlazyseek.o)
 .comment       0x0000007e       0x7f c:/nxp/mcuxpressoide_10.2.0_759/ide/tools/bin/../lib/gcc/arm-none-eabi/7.2.1/../../../../arm-none-eabi/lib/thumb/v7e-m/fpv4-sp/hard\libcr_c.a(_fflush.o)
 .comment       0x0000007e       0x7f c:/nxp/mcuxpressoide_10.2.0_759/ide/tools/bin/../lib/gcc/arm-none-eabi/7.2.1/../../../../arm-none-eabi/lib/thumb/v7e-m/fpv4-sp/hard\libcr_c.a(_frexpl.o)
 .comment       0x0000007e       0x7f c:/nxp/mcuxpressoide_10.2.0_759/ide/tools/bin/../lib/gcc/arm-none-eabi/7.2.1/../../../../arm-none-eabi/lib/thumb/v7e-m/fpv4-sp/hard\libcr_c.a(_ldexpl.o)
 .comment       0x0000007e       0x7f c:/nxp/mcuxpressoide_10.2.0_759/ide/tools/bin/../lib/gcc/arm-none-eabi/7.2.1/../../../../arm-none-eabi/lib/thumb/v7e-m/fpv4-sp/hard\libcr_c.a(_writebuf.o)
 .comment       0x0000007e       0x7f c:/nxp/mcuxpressoide_10.2.0_759/ide/tools/bin/../lib/gcc/arm-none-eabi/7.2.1/../../../../arm-none-eabi/lib/thumb/v7e-m/fpv4-sp/hard\libcr_c.a(alloc.o)
 .comment       0x0000007e       0x7f c:/nxp/mcuxpressoide_10.2.0_759/ide/tools/bin/../lib/gcc/arm-none-eabi/7.2.1/../../../../arm-none-eabi/lib/thumb/v7e-m/fpv4-sp/hard\libcr_c.a(errno.o)
 .comment       0x0000007e       0x7f c:/nxp/mcuxpressoide_10.2.0_759/ide/tools/bin/../lib/gcc/arm-none-eabi/7.2.1/../../../../arm-none-eabi/lib/thumb/v7e-m/fpv4-sp/hard\libcr_c.a(fseek.o)
 .comment       0x0000007e       0x7f c:/nxp/mcuxpressoide_10.2.0_759/ide/tools/bin/../lib/gcc/arm-none-eabi/7.2.1/../../../../arm-none-eabi/lib/thumb/v7e-m/fpv4-sp/hard\libcr_c.a(ftell.o)
 .comment       0x0000007e       0x7f c:/nxp/mcuxpressoide_10.2.0_759/ide/tools/bin/../lib/gcc/arm-none-eabi/7.2.1/../../../../arm-none-eabi/lib/thumb/v7e-m/fpv4-sp/hard\libcr_c.a(__init_alloc.o)
 .comment       0x0000007e       0x7f c:/nxp/mcuxpressoide_10.2.0_759/ide/tools/bin/../lib/gcc/arm-none-eabi/7.2.1/../../../../arm-none-eabi/lib/thumb/v7e-m/fpv4-sp/hard\libcr_c.a(_cr_sbrk.o)
 .comment       0x0000007e       0x7f c:/nxp/mcuxpressoide_10.2.0_759/ide/tools/bin/../lib/gcc/arm-none-eabi/7.2.1/../../../../arm-none-eabi/lib/thumb/v7e-m/fpv4-sp/hard\libcr_c.a(_hugeval.o)
 .comment       0x0000007e       0x7f c:/nxp/mcuxpressoide_10.2.0_759/ide/tools/bin/../lib/gcc/arm-none-eabi/7.2.1/../../../../arm-none-eabi/lib/thumb/v7e-m/fpv4-sp/hard\libcr_c.a(_cr_check_heap.o)
 .comment       0x0000007e       0x7f c:/nxp/mcuxpressoide_10.2.0_759/ide/tools/bin/../lib/gcc/arm-none-eabi/7.2.1/thumb/v7e-m/fpv4-sp/hard\libcr_eabihelpers.a(double.o)

.ARM.attributes
                0x00000000       0x37
 .ARM.attributes
                0x00000000       0x39 ./source/App.o
 .ARM.attributes
                0x00000039       0x39 ./source/SysTick.o
 .ARM.attributes
                0x00000072       0x39 ./source/gpio.o
 .ARM.attributes
                0x000000ab       0x39 ./source/uart.o
 .ARM.attributes
                0x000000e4       0x39 ./SDK/startup/hardware.o
 .ARM.attributes
                0x0000011d       0x39 ./SDK/startup/main.o
 .ARM.attributes
                0x00000156       0x39 ./SDK/startup/semihost_hardfault.o
 .ARM.attributes
                0x0000018f       0x39 ./SDK/startup/startup_mk64f12.o
 .ARM.attributes
                0x000001c8       0x39 ./SDK/CMSIS/system_MK64F12.o
 .ARM.attributes
                0x00000201       0x39 c:/nxp/mcuxpressoide_10.2.0_759/ide/tools/bin/../lib/gcc/arm-none-eabi/7.2.1/../../../../arm-none-eabi/lib/thumb/v7e-m/fpv4-sp/hard\libcr_c.a(fpprintf.o)
 .ARM.attributes
                0x0000023a       0x39 c:/nxp/mcuxpressoide_10.2.0_759/ide/tools/bin/../lib/gcc/arm-none-eabi/7.2.1/../../../../arm-none-eabi/lib/thumb/v7e-m/fpv4-sp/hard\libcr_c.a(printf.o)
 .ARM.attributes
                0x00000273       0x39 c:/nxp/mcuxpressoide_10.2.0_759/ide/tools/bin/../lib/gcc/arm-none-eabi/7.2.1/../../../../arm-none-eabi/lib/thumb/v7e-m/fpv4-sp/hard\libcr_c.a(strlen.o)
 .ARM.attributes
                0x000002ac       0x39 c:/nxp/mcuxpressoide_10.2.0_759/ide/tools/bin/../lib/gcc/arm-none-eabi/7.2.1/../../../../arm-none-eabi/lib/thumb/v7e-m/fpv4-sp/hard\libcr_c.a(memset.o)
 .ARM.attributes
                0x000002e5       0x39 c:/nxp/mcuxpressoide_10.2.0_759/ide/tools/bin/../lib/gcc/arm-none-eabi/7.2.1/../../../../arm-none-eabi/lib/thumb/v7e-m/fpv4-sp/hard\libcr_c.a(_deferredlazyseek.o)
 .ARM.attributes
                0x0000031e       0x39 c:/nxp/mcuxpressoide_10.2.0_759/ide/tools/bin/../lib/gcc/arm-none-eabi/7.2.1/../../../../arm-none-eabi/lib/thumb/v7e-m/fpv4-sp/hard\libcr_c.a(_fflush.o)
 .ARM.attributes
                0x00000357       0x39 c:/nxp/mcuxpressoide_10.2.0_759/ide/tools/bin/../lib/gcc/arm-none-eabi/7.2.1/../../../../arm-none-eabi/lib/thumb/v7e-m/fpv4-sp/hard\libcr_c.a(_frexpl.o)
 .ARM.attributes
                0x00000390       0x39 c:/nxp/mcuxpressoide_10.2.0_759/ide/tools/bin/../lib/gcc/arm-none-eabi/7.2.1/../../../../arm-none-eabi/lib/thumb/v7e-m/fpv4-sp/hard\libcr_c.a(_ldexpl.o)
 .ARM.attributes
                0x000003c9       0x39 c:/nxp/mcuxpressoide_10.2.0_759/ide/tools/bin/../lib/gcc/arm-none-eabi/7.2.1/../../../../arm-none-eabi/lib/thumb/v7e-m/fpv4-sp/hard\libcr_c.a(_writebuf.o)
 .ARM.attributes
                0x00000402       0x39 c:/nxp/mcuxpressoide_10.2.0_759/ide/tools/bin/../lib/gcc/arm-none-eabi/7.2.1/../../../../arm-none-eabi/lib/thumb/v7e-m/fpv4-sp/hard\libcr_c.a(alloc.o)
 .ARM.attributes
                0x0000043b       0x39 c:/nxp/mcuxpressoide_10.2.0_759/ide/tools/bin/../lib/gcc/arm-none-eabi/7.2.1/../../../../arm-none-eabi/lib/thumb/v7e-m/fpv4-sp/hard\libcr_c.a(errno.o)
 .ARM.attributes
                0x00000474       0x39 c:/nxp/mcuxpressoide_10.2.0_759/ide/tools/bin/../lib/gcc/arm-none-eabi/7.2.1/../../../../arm-none-eabi/lib/thumb/v7e-m/fpv4-sp/hard\libcr_c.a(fseek.o)
 .ARM.attributes
                0x000004ad       0x39 c:/nxp/mcuxpressoide_10.2.0_759/ide/tools/bin/../lib/gcc/arm-none-eabi/7.2.1/../../../../arm-none-eabi/lib/thumb/v7e-m/fpv4-sp/hard\libcr_c.a(ftell.o)
 .ARM.attributes
                0x000004e6       0x39 c:/nxp/mcuxpressoide_10.2.0_759/ide/tools/bin/../lib/gcc/arm-none-eabi/7.2.1/../../../../arm-none-eabi/lib/thumb/v7e-m/fpv4-sp/hard\libcr_c.a(__init_alloc.o)
 .ARM.attributes
                0x0000051f       0x39 c:/nxp/mcuxpressoide_10.2.0_759/ide/tools/bin/../lib/gcc/arm-none-eabi/7.2.1/../../../../arm-none-eabi/lib/thumb/v7e-m/fpv4-sp/hard\libcr_c.a(_cr_sbrk.o)
 .ARM.attributes
                0x00000558       0x39 c:/nxp/mcuxpressoide_10.2.0_759/ide/tools/bin/../lib/gcc/arm-none-eabi/7.2.1/../../../../arm-none-eabi/lib/thumb/v7e-m/fpv4-sp/hard\libcr_c.a(_hugeval.o)
 .ARM.attributes
                0x00000591       0x39 c:/nxp/mcuxpressoide_10.2.0_759/ide/tools/bin/../lib/gcc/arm-none-eabi/7.2.1/../../../../arm-none-eabi/lib/thumb/v7e-m/fpv4-sp/hard\libcr_c.a(_cr_check_heap.o)
 .ARM.attributes
                0x000005ca       0x39 c:/nxp/mcuxpressoide_10.2.0_759/ide/tools/bin/../lib/gcc/arm-none-eabi/7.2.1/thumb/v7e-m/fpv4-sp/hard\libcr_eabihelpers.a(double.o)
 .ARM.attributes
                0x00000603       0x25 c:/nxp/mcuxpressoide_10.2.0_759/ide/tools/bin/../lib/gcc/arm-none-eabi/7.2.1/thumb/v7e-m/fpv4-sp/hard\libcr_eabihelpers.a(memcpy.o)

.debug_frame    0x00000000      0xddc
 .debug_frame   0x00000000       0x50 ./source/App.o
 .debug_frame   0x00000050       0x60 ./source/SysTick.o
 .debug_frame   0x000000b0      0x224 ./source/gpio.o
 .debug_frame   0x000002d4       0xd4 ./source/uart.o
 .debug_frame   0x000003a8       0x70 ./SDK/startup/hardware.o
 .debug_frame   0x00000418       0x2c ./SDK/startup/main.o
 .debug_frame   0x00000444       0x20 ./SDK/startup/semihost_hardfault.o
 .debug_frame   0x00000464      0x904 ./SDK/startup/startup_mk64f12.o
 .debug_frame   0x00000d68       0x74 ./SDK/CMSIS/system_MK64F12.o
