Archive member included to satisfy reference by file (symbol)

c:/nxp/mcuxpressoide_10.2.0_759/ide/tools/bin/../lib/gcc/arm-none-eabi/7.2.1/../../../../arm-none-eabi/lib/thumb/v7e-m/fpv4-sp/hard\libcr_c.a(strlen.o)
                              ./source/App.o (strlen)

Discarded input sections

 .group         0x00000000        0xc ./source/App.o
 .group         0x00000000        0xc ./source/App.o
 .group         0x00000000        0xc ./source/App.o
 .group         0x00000000        0xc ./source/App.o
 .group         0x00000000        0xc ./source/App.o
 .group         0x00000000        0xc ./source/App.o
 .group         0x00000000        0xc ./source/App.o
 .group         0x00000000        0xc ./source/App.o
 .group         0x00000000        0xc ./source/App.o
 .group         0x00000000        0xc ./source/App.o
 .group         0x00000000        0xc ./source/App.o
 .group         0x00000000        0xc ./source/App.o
 .group         0x00000000        0xc ./source/App.o
 .text          0x00000000        0x0 ./source/App.o
 .data          0x00000000        0x0 ./source/App.o
 .bss           0x00000000        0x0 ./source/App.o
 .group         0x00000000        0xc ./source/SysTick.o
 .group         0x00000000        0xc ./source/SysTick.o
 .group         0x00000000        0xc ./source/SysTick.o
 .group         0x00000000        0xc ./source/SysTick.o
 .group         0x00000000        0xc ./source/SysTick.o
 .group         0x00000000        0xc ./source/SysTick.o
 .group         0x00000000        0xc ./source/SysTick.o
 .group         0x00000000        0xc ./source/SysTick.o
 .group         0x00000000        0xc ./source/SysTick.o
 .group         0x00000000        0xc ./source/SysTick.o
 .group         0x00000000        0xc ./source/SysTick.o
 .group         0x00000000        0xc ./source/SysTick.o
 .group         0x00000000        0xc ./source/SysTick.o
 .group         0x00000000        0xc ./source/SysTick.o
 .group         0x00000000        0xc ./source/SysTick.o
 .text          0x00000000        0x0 ./source/SysTick.o
 .data          0x00000000        0x0 ./source/SysTick.o
 .bss           0x00000000        0x0 ./source/SysTick.o
 .text.SysTick_Init
                0x00000000       0x44 ./source/SysTick.o
 .debug_macro   0x00000000      0xa5a ./source/SysTick.o
 .debug_macro   0x00000000       0x22 ./source/SysTick.o
 .debug_macro   0x00000000       0x5c ./source/SysTick.o
 .debug_macro   0x00000000      0x34e ./source/SysTick.o
 .debug_macro   0x00000000       0x1c ./source/SysTick.o
 .debug_macro   0x00000000       0x22 ./source/SysTick.o
 .debug_macro   0x00000000       0xdf ./source/SysTick.o
 .debug_macro   0x00000000      0xecf ./source/SysTick.o
 .debug_macro   0x00000000       0x48 ./source/SysTick.o
 .debug_macro   0x00000000     0xe07b ./source/SysTick.o
 .debug_macro   0x00000000       0xee ./source/SysTick.o
 .group         0x00000000        0xc ./source/gpio.o
 .group         0x00000000        0xc ./source/gpio.o
 .group         0x00000000        0xc ./source/gpio.o
 .group         0x00000000        0xc ./source/gpio.o
 .group         0x00000000        0xc ./source/gpio.o
 .group         0x00000000        0xc ./source/gpio.o
 .group         0x00000000        0xc ./source/gpio.o
 .group         0x00000000        0xc ./source/gpio.o
 .group         0x00000000        0xc ./source/gpio.o
 .group         0x00000000        0xc ./source/gpio.o
 .group         0x00000000        0xc ./source/gpio.o
 .group         0x00000000        0xc ./source/gpio.o
 .group         0x00000000        0xc ./source/gpio.o
 .group         0x00000000        0xc ./source/gpio.o
 .text          0x00000000        0x0 ./source/gpio.o
 .data          0x00000000        0x0 ./source/gpio.o
 .bss           0x00000000        0x0 ./source/gpio.o
 .text.__NVIC_EnableIRQ
                0x00000000       0x3c ./source/gpio.o
 .text.__NVIC_DisableIRQ
                0x00000000       0x44 ./source/gpio.o
 .rodata.IRQC_MODES
                0x00000000       0x18 ./source/gpio.o
 .text.gpioMode
                0x00000000      0x12c ./source/gpio.o
 .text.gpioRead
                0x00000000       0x58 ./source/gpio.o
 .text.gpioToggle
                0x00000000       0x40 ./source/gpio.o
 .text.gpioIRQ  0x00000000       0xc0 ./source/gpio.o
 .debug_macro   0x00000000      0xa5a ./source/gpio.o
 .debug_macro   0x00000000       0x5c ./source/gpio.o
 .debug_macro   0x00000000      0x34e ./source/gpio.o
 .debug_macro   0x00000000       0x1c ./source/gpio.o
 .debug_macro   0x00000000       0x22 ./source/gpio.o
 .debug_macro   0x00000000       0xdf ./source/gpio.o
 .debug_macro   0x00000000      0xecf ./source/gpio.o
 .debug_macro   0x00000000       0x48 ./source/gpio.o
 .debug_macro   0x00000000     0xe07b ./source/gpio.o
 .debug_macro   0x00000000       0x22 ./source/gpio.o
 .debug_macro   0x00000000       0x10 ./source/gpio.o
 .debug_macro   0x00000000     0x122b ./source/gpio.o
 .debug_macro   0x00000000       0x16 ./source/gpio.o
 .debug_macro   0x00000000       0x40 ./source/gpio.o
 .group         0x00000000        0xc ./source/timer.o
 .group         0x00000000        0xc ./source/timer.o
 .group         0x00000000        0xc ./source/timer.o
 .group         0x00000000        0xc ./source/timer.o
 .group         0x00000000        0xc ./source/timer.o
 .group         0x00000000        0xc ./source/timer.o
 .group         0x00000000        0xc ./source/timer.o
 .group         0x00000000        0xc ./source/timer.o
 .group         0x00000000        0xc ./source/timer.o
 .group         0x00000000        0xc ./source/timer.o
 .group         0x00000000        0xc ./source/timer.o
 .group         0x00000000        0xc ./source/timer.o
 .group         0x00000000        0xc ./source/timer.o
 .group         0x00000000        0xc ./source/timer.o
 .group         0x00000000        0xc ./source/timer.o
 .group         0x00000000        0xc ./source/timer.o
 .group         0x00000000        0xc ./source/timer.o
 .group         0x00000000        0xc ./source/timer.o
 .group         0x00000000        0xc ./source/timer.o
 .group         0x00000000        0xc ./source/timer.o
 .group         0x00000000        0xc ./source/timer.o
 .group         0x00000000        0xc ./source/timer.o
 .group         0x00000000        0xc ./source/timer.o
 .text          0x00000000        0x0 ./source/timer.o
 .data          0x00000000        0x0 ./source/timer.o
 .bss           0x00000000        0x0 ./source/timer.o
 .bss.timers    0x00000000      0x100 ./source/timer.o
 .data.timers_cant
                0x00000000        0x1 ./source/timer.o
 .bss.yaInit    0x00000000        0x1 ./source/timer.o
 .text.timerInit
                0x00000000       0x28 ./source/timer.o
 .text.timerGetId
                0x00000000       0x2c ./source/timer.o
 .text.timerCreate
                0x00000000       0x2e ./source/timer.o
 .text.timerStart
                0x00000000       0xa4 ./source/timer.o
 .text.timerStop
                0x00000000       0x44 ./source/timer.o
 .text.timerPlay
                0x00000000       0x30 ./source/timer.o
 .text.timerRestart
                0x00000000       0x6c ./source/timer.o
 .text.timerFinish
                0x00000000       0x5c ./source/timer.o
 .text.timerReset
                0x00000000       0x58 ./source/timer.o
 .text.timerActivate
                0x00000000       0x58 ./source/timer.o
 .text.timerChangePeriod
                0x00000000       0x74 ./source/timer.o
 .text.timerChangeCallback
                0x00000000       0x7c ./source/timer.o
 .text.timerExpired
                0x00000000       0x4c ./source/timer.o
 .text.timerDelay
                0x00000000       0x30 ./source/timer.o
 .text.timer_isr
                0x00000000       0xec ./source/timer.o
 .debug_info    0x00000000      0xc2a ./source/timer.o
 .debug_abbrev  0x00000000      0x281 ./source/timer.o
 .debug_aranges
                0x00000000       0x90 ./source/timer.o
 .debug_ranges  0x00000000       0x80 ./source/timer.o
 .debug_macro   0x00000000      0x136 ./source/timer.o
 .debug_macro   0x00000000      0xa5a ./source/timer.o
 .debug_macro   0x00000000      0x34e ./source/timer.o
 .debug_macro   0x00000000       0x22 ./source/timer.o
 .debug_macro   0x00000000       0x17 ./source/timer.o
 .debug_macro   0x00000000       0x22 ./source/timer.o
 .debug_macro   0x00000000       0x52 ./source/timer.o
 .debug_macro   0x00000000       0x8d ./source/timer.o
 .debug_macro   0x00000000       0x35 ./source/timer.o
 .debug_macro   0x00000000       0x9c ./source/timer.o
 .debug_macro   0x00000000       0x16 ./source/timer.o
 .debug_macro   0x00000000      0x10e ./source/timer.o
 .debug_macro   0x00000000       0x8d ./source/timer.o
 .debug_macro   0x00000000       0x57 ./source/timer.o
 .debug_macro   0x00000000       0x58 ./source/timer.o
 .debug_macro   0x00000000       0x1f ./source/timer.o
 .debug_macro   0x00000000       0x43 ./source/timer.o
 .debug_macro   0x00000000       0x20 ./source/timer.o
 .debug_macro   0x00000000      0x18e ./source/timer.o
 .debug_macro   0x00000000      0x330 ./source/timer.o
 .debug_macro   0x00000000       0x16 ./source/timer.o
 .debug_macro   0x00000000       0x29 ./source/timer.o
 .debug_macro   0x00000000       0x1c ./source/timer.o
 .debug_macro   0x00000000       0x10 ./source/timer.o
 .debug_line    0x00000000      0x3b9 ./source/timer.o
 .debug_str     0x00000000     0x6e8b ./source/timer.o
 .comment       0x00000000       0x7f ./source/timer.o
 .debug_frame   0x00000000      0x244 ./source/timer.o
 .ARM.attributes
                0x00000000       0x39 ./source/timer.o
 .group         0x00000000        0xc ./source/uart.o
 .group         0x00000000        0xc ./source/uart.o
 .group         0x00000000        0xc ./source/uart.o
 .group         0x00000000        0xc ./source/uart.o
 .group         0x00000000        0xc ./source/uart.o
 .group         0x00000000        0xc ./source/uart.o
 .group         0x00000000        0xc ./source/uart.o
 .group         0x00000000        0xc ./source/uart.o
 .group         0x00000000        0xc ./source/uart.o
 .group         0x00000000        0xc ./source/uart.o
 .group         0x00000000        0xc ./source/uart.o
 .group         0x00000000        0xc ./source/uart.o
 .group         0x00000000        0xc ./source/uart.o
 .group         0x00000000        0xc ./source/uart.o
 .group         0x00000000        0xc ./source/uart.o
 .group         0x00000000        0xc ./source/uart.o
 .text          0x00000000        0x0 ./source/uart.o
 .data          0x00000000        0x0 ./source/uart.o
 .bss           0x00000000        0x0 ./source/uart.o
 .text.__NVIC_EnableIRQ
                0x00000000       0x3c ./source/uart.o
 .rodata.UART_ptrs
                0x00000000       0x18 ./source/uart.o
 .rodata.addr_arrays
                0x00000000       0x14 ./source/uart.o
 .rodata.TX_PINS
                0x00000000        0x5 ./source/uart.o
 .rodata.RX_PINS
                0x00000000        0x5 ./source/uart.o
 .bss.uart_is_used
                0x00000000        0x5 ./source/uart.o
 .text.uartInit
                0x00000000      0x114 ./source/uart.o
 .text.uartIsRxMsg
                0x00000000       0x18 ./source/uart.o
 .text.uartGetRxMsgLength
                0x00000000       0x18 ./source/uart.o
 .text.uartReadMsg
                0x00000000       0x1e ./source/uart.o
 .text.uartWriteMsg
                0x00000000       0x3a ./source/uart.o
 .text.uartIsTxMsgComplete
                0x00000000       0x18 ./source/uart.o
 .text.UART_EnableClockGating
                0x00000000       0xdc ./source/uart.o
 .text.UART_DisableTxRx
                0x00000000       0x1e ./source/uart.o
 .text.UART_EnableTxRx
                0x00000000       0x1a ./source/uart.o
 .text.UART_SetParity
                0x00000000       0x60 ./source/uart.o
 .text.UART_SetDataSize
                0x00000000       0x3a ./source/uart.o
 .text.UART_SetStopBit
                0x00000000       0x3a ./source/uart.o
 .text.UART_SetEnableIRQ
                0x00000000       0x60 ./source/uart.o
 .debug_macro   0x00000000      0xa5a ./source/uart.o
 .debug_macro   0x00000000       0x22 ./source/uart.o
 .debug_macro   0x00000000       0x5c ./source/uart.o
 .debug_macro   0x00000000      0x34e ./source/uart.o
 .debug_macro   0x00000000       0x1c ./source/uart.o
 .debug_macro   0x00000000       0x22 ./source/uart.o
 .debug_macro   0x00000000       0xdf ./source/uart.o
 .debug_macro   0x00000000      0xecf ./source/uart.o
 .debug_macro   0x00000000       0x48 ./source/uart.o
 .debug_macro   0x00000000     0xe07b ./source/uart.o
 .debug_macro   0x00000000       0x10 ./source/uart.o
 .debug_macro   0x00000000     0x122b ./source/uart.o
 .debug_macro   0x00000000       0x16 ./source/uart.o
 .debug_macro   0x00000000       0x40 ./source/uart.o
 .group         0x00000000        0xc ./SDK/startup/hardware.o
 .group         0x00000000        0xc ./SDK/startup/hardware.o
 .group         0x00000000        0xc ./SDK/startup/hardware.o
 .group         0x00000000        0xc ./SDK/startup/hardware.o
 .group         0x00000000        0xc ./SDK/startup/hardware.o
 .group         0x00000000        0xc ./SDK/startup/hardware.o
 .group         0x00000000        0xc ./SDK/startup/hardware.o
 .group         0x00000000        0xc ./SDK/startup/hardware.o
 .group         0x00000000        0xc ./SDK/startup/hardware.o
 .group         0x00000000        0xc ./SDK/startup/hardware.o
 .group         0x00000000        0xc ./SDK/startup/hardware.o
 .group         0x00000000        0xc ./SDK/startup/hardware.o
 .group         0x00000000        0xc ./SDK/startup/hardware.o
 .text          0x00000000        0x0 ./SDK/startup/hardware.o
 .data          0x00000000        0x0 ./SDK/startup/hardware.o
 .bss           0x00000000        0x0 ./SDK/startup/hardware.o
 .debug_macro   0x00000000      0xa5a ./SDK/startup/hardware.o
 .debug_macro   0x00000000      0x34e ./SDK/startup/hardware.o
 .debug_macro   0x00000000       0x22 ./SDK/startup/hardware.o
 .debug_macro   0x00000000       0x10 ./SDK/startup/hardware.o
 .debug_macro   0x00000000       0x5c ./SDK/startup/hardware.o
 .debug_macro   0x00000000       0x1c ./SDK/startup/hardware.o
 .debug_macro   0x00000000       0x22 ./SDK/startup/hardware.o
 .debug_macro   0x00000000       0xdf ./SDK/startup/hardware.o
 .debug_macro   0x00000000      0xecf ./SDK/startup/hardware.o
 .debug_macro   0x00000000       0x48 ./SDK/startup/hardware.o
 .debug_macro   0x00000000     0xe07b ./SDK/startup/hardware.o
 .debug_macro   0x00000000     0x122b ./SDK/startup/hardware.o
 .debug_macro   0x00000000       0x16 ./SDK/startup/hardware.o
 .group         0x00000000        0xc ./SDK/startup/main.o
 .group         0x00000000        0xc ./SDK/startup/main.o
 .group         0x00000000        0xc ./SDK/startup/main.o
 .group         0x00000000        0xc ./SDK/startup/main.o
 .group         0x00000000        0xc ./SDK/startup/main.o
 .group         0x00000000        0xc ./SDK/startup/main.o
 .group         0x00000000        0xc ./SDK/startup/main.o
 .group         0x00000000        0xc ./SDK/startup/main.o
 .group         0x00000000        0xc ./SDK/startup/main.o
 .group         0x00000000        0xc ./SDK/startup/main.o
 .group         0x00000000        0xc ./SDK/startup/main.o
 .group         0x00000000        0xc ./SDK/startup/main.o
 .group         0x00000000        0xc ./SDK/startup/main.o
 .text          0x00000000        0x0 ./SDK/startup/main.o
 .data          0x00000000        0x0 ./SDK/startup/main.o
 .bss           0x00000000        0x0 ./SDK/startup/main.o
 .debug_macro   0x00000000      0xa5a ./SDK/startup/main.o
 .debug_macro   0x00000000      0x34e ./SDK/startup/main.o
 .debug_macro   0x00000000       0x22 ./SDK/startup/main.o
 .debug_macro   0x00000000       0x10 ./SDK/startup/main.o
 .debug_macro   0x00000000       0x5c ./SDK/startup/main.o
 .debug_macro   0x00000000       0x1c ./SDK/startup/main.o
 .debug_macro   0x00000000       0x22 ./SDK/startup/main.o
 .debug_macro   0x00000000       0xdf ./SDK/startup/main.o
 .debug_macro   0x00000000      0xecf ./SDK/startup/main.o
 .debug_macro   0x00000000       0x48 ./SDK/startup/main.o
 .debug_macro   0x00000000     0xe07b ./SDK/startup/main.o
 .debug_macro   0x00000000     0x122b ./SDK/startup/main.o
 .debug_macro   0x00000000       0x16 ./SDK/startup/main.o
 .group         0x00000000        0xc ./SDK/startup/semihost_hardfault.o
 .text          0x00000000        0x0 ./SDK/startup/semihost_hardfault.o
 .data          0x00000000        0x0 ./SDK/startup/semihost_hardfault.o
 .bss           0x00000000        0x0 ./SDK/startup/semihost_hardfault.o
 .debug_macro   0x00000000      0xa5a ./SDK/startup/semihost_hardfault.o
 .group         0x00000000        0xc ./SDK/startup/startup_mk64f12.o
 .text          0x00000000        0x0 ./SDK/startup/startup_mk64f12.o
 .data          0x00000000        0x0 ./SDK/startup/startup_mk64f12.o
 .bss           0x00000000        0x0 ./SDK/startup/startup_mk64f12.o
 .text.PORTA_IRQHandler
                0x00000000        0x8 ./SDK/startup/startup_mk64f12.o
 .text.PORTB_IRQHandler
                0x00000000        0x8 ./SDK/startup/startup_mk64f12.o
 .text.PORTC_IRQHandler
                0x00000000        0x8 ./SDK/startup/startup_mk64f12.o
 .text.PORTD_IRQHandler
                0x00000000        0x8 ./SDK/startup/startup_mk64f12.o
 .text.PORTE_IRQHandler
                0x00000000        0x8 ./SDK/startup/startup_mk64f12.o
 .debug_macro   0x00000000      0xa5a ./SDK/startup/startup_mk64f12.o
 .group         0x00000000        0xc ./SDK/CMSIS/system_MK64F12.o
 .group         0x00000000        0xc ./SDK/CMSIS/system_MK64F12.o
 .group         0x00000000        0xc ./SDK/CMSIS/system_MK64F12.o
 .group         0x00000000        0xc ./SDK/CMSIS/system_MK64F12.o
 .group         0x00000000        0xc ./SDK/CMSIS/system_MK64F12.o
 .group         0x00000000        0xc ./SDK/CMSIS/system_MK64F12.o
 .group         0x00000000        0xc ./SDK/CMSIS/system_MK64F12.o
 .group         0x00000000        0xc ./SDK/CMSIS/system_MK64F12.o
 .group         0x00000000        0xc ./SDK/CMSIS/system_MK64F12.o
 .group         0x00000000        0xc ./SDK/CMSIS/system_MK64F12.o
 .group         0x00000000        0xc ./SDK/CMSIS/system_MK64F12.o
 .text          0x00000000        0x0 ./SDK/CMSIS/system_MK64F12.o
 .data          0x00000000        0x0 ./SDK/CMSIS/system_MK64F12.o
 .bss           0x00000000        0x0 ./SDK/CMSIS/system_MK64F12.o
 .data.SystemCoreClock
                0x00000000        0x4 ./SDK/CMSIS/system_MK64F12.o
 .text.SystemCoreClockUpdate
                0x00000000      0x278 ./SDK/CMSIS/system_MK64F12.o
 .debug_macro   0x00000000      0xa5a ./SDK/CMSIS/system_MK64F12.o
 .debug_macro   0x00000000      0x34e ./SDK/CMSIS/system_MK64F12.o
 .debug_macro   0x00000000       0x10 ./SDK/CMSIS/system_MK64F12.o
 .debug_macro   0x00000000       0x5c ./SDK/CMSIS/system_MK64F12.o
 .debug_macro   0x00000000       0x1c ./SDK/CMSIS/system_MK64F12.o
 .debug_macro   0x00000000       0x22 ./SDK/CMSIS/system_MK64F12.o
 .debug_macro   0x00000000       0xdf ./SDK/CMSIS/system_MK64F12.o
 .debug_macro   0x00000000      0xecf ./SDK/CMSIS/system_MK64F12.o
 .debug_macro   0x00000000       0x48 ./SDK/CMSIS/system_MK64F12.o
 .debug_macro   0x00000000     0xe07b ./SDK/CMSIS/system_MK64F12.o
 .debug_macro   0x00000000     0x122b ./SDK/CMSIS/system_MK64F12.o
 .text          0x00000000        0x0 c:/nxp/mcuxpressoide_10.2.0_759/ide/tools/bin/../lib/gcc/arm-none-eabi/7.2.1/../../../../arm-none-eabi/lib/thumb/v7e-m/fpv4-sp/hard\libcr_c.a(strlen.o)
 .data          0x00000000        0x0 c:/nxp/mcuxpressoide_10.2.0_759/ide/tools/bin/../lib/gcc/arm-none-eabi/7.2.1/../../../../arm-none-eabi/lib/thumb/v7e-m/fpv4-sp/hard\libcr_c.a(strlen.o)
 .bss           0x00000000        0x0 c:/nxp/mcuxpressoide_10.2.0_759/ide/tools/bin/../lib/gcc/arm-none-eabi/7.2.1/../../../../arm-none-eabi/lib/thumb/v7e-m/fpv4-sp/hard\libcr_c.a(strlen.o)

Memory Configuration

Name             Origin             Length             Attributes
PROGRAM_FLASH    0x00000000         0x00100000         xr
SRAM_UPPER       0x20000000         0x00030000         xrw
SRAM_LOWER       0x1fff0000         0x00010000         xrw
FLEX_RAM         0x14000000         0x00001000         xrw
*default*        0x00000000         0xffffffff

Linker script and memory map

LOAD ./source/App.o
LOAD ./source/SysTick.o
LOAD ./source/gpio.o
LOAD ./source/timer.o
LOAD ./source/uart.o
LOAD ./SDK/startup/hardware.o
LOAD ./SDK/startup/main.o
LOAD ./SDK/startup/semihost_hardfault.o
LOAD ./SDK/startup/startup_mk64f12.o
LOAD ./SDK/CMSIS/system_MK64F12.o
START GROUP
LOAD c:/nxp/mcuxpressoide_10.2.0_759/ide/tools/bin/../lib/gcc/arm-none-eabi/7.2.1/../../../../arm-none-eabi/lib/thumb/v7e-m/fpv4-sp/hard\libcr_c.a
LOAD c:/nxp/mcuxpressoide_10.2.0_759/ide/tools/bin/../lib/gcc/arm-none-eabi/7.2.1/thumb/v7e-m/fpv4-sp/hard\libcr_eabihelpers.a
END GROUP
                0x00000000                __base_PROGRAM_FLASH = 0x0
                0x00000000                __base_Flash = 0x0
                0x00100000                __top_PROGRAM_FLASH = 0x100000
                0x00100000                __top_Flash = 0x100000
                0x20000000                __base_SRAM_UPPER = 0x20000000
                0x20000000                __base_RAM = 0x20000000
                0x20030000                __top_SRAM_UPPER = 0x20030000
                0x20030000                __top_RAM = 0x20030000
                0x1fff0000                __base_SRAM_LOWER = 0x1fff0000
                0x1fff0000                __base_RAM2 = 0x1fff0000
                0x20000000                __top_SRAM_LOWER = 0x20000000
                0x20000000                __top_RAM2 = 0x20000000
                0x14000000                __base_FLEX_RAM = 0x14000000
                0x14000000                __base_RAM3 = 0x14000000
                0x14001000                __top_FLEX_RAM = 0x14001000
                0x14001000                __top_RAM3 = 0x14001000

.text           0x00000000      0xc90
 FILL mask 0xff
                0x00000000                __vectors_start__ = ABSOLUTE (.)
 *(SORT_BY_ALIGNMENT(.isr_vector))
 .isr_vector    0x00000000      0x198 ./SDK/startup/startup_mk64f12.o
                0x00000000                g_pfnVectors
                0x00000000                __Vectors
                0x00000198                . = ALIGN (0x4)
                0x00000198                __section_table_start = .
                0x00000198                __data_section_table = .
                0x00000198        0x4 LONG 0xc90 LOADADDR (.data)
                0x0000019c        0x4 LONG 0x20000000 ADDR (.data)
                0x000001a0        0x4 LONG 0x0 SIZEOF (.data)
                0x000001a4        0x4 LONG 0xc90 LOADADDR (.data_RAM2)
                0x000001a8        0x4 LONG 0x1fff0000 ADDR (.data_RAM2)
                0x000001ac        0x4 LONG 0x0 SIZEOF (.data_RAM2)
                0x000001b0        0x4 LONG 0xc90 LOADADDR (.data_RAM3)
                0x000001b4        0x4 LONG 0x14000000 ADDR (.data_RAM3)
                0x000001b8        0x4 LONG 0x0 SIZEOF (.data_RAM3)
                0x000001bc                __data_section_table_end = .
                0x000001bc                __bss_section_table = .
                0x000001bc        0x4 LONG 0x20000000 ADDR (.bss)
                0x000001c0        0x4 LONG 0x288 SIZEOF (.bss)
                0x000001c4        0x4 LONG 0x1fff0000 ADDR (.bss_RAM2)
                0x000001c8        0x4 LONG 0x0 SIZEOF (.bss_RAM2)
                0x000001cc        0x4 LONG 0x14000000 ADDR (.bss_RAM3)
                0x000001d0        0x4 LONG 0x0 SIZEOF (.bss_RAM3)
                0x000001d4                __bss_section_table_end = .
                0x000001d4                __section_table_end = .
 *(SORT_BY_ALIGNMENT(.after_vectors*))
 .after_vectors.reset
                0x000001d4       0x4c ./SDK/startup/startup_mk64f12.o
                0x000001d4                ResetISR
 .after_vectors.init_data
                0x00000220       0x1e ./SDK/startup/startup_mk64f12.o
                0x00000220                data_init
 .after_vectors.init_bss
                0x0000023e       0x12 ./SDK/startup/startup_mk64f12.o
                0x0000023e                bss_init
 .after_vectors
                0x00000250       0x14 ./SDK/startup/startup_mk64f12.o
                0x00000250                NMI_Handler
                0x00000254                MemManage_Handler
                0x00000256                BusFault_Handler
                0x00000258                UsageFault_Handler
                0x0000025a                SVC_Handler
                0x0000025c                DebugMon_Handler
                0x0000025e                PendSV_Handler
                0x00000262                DMA_Error_DriverIRQHandler
                0x00000262                LPTMR0_DriverIRQHandler
                0x00000262                FTM1_DriverIRQHandler
                0x00000262                FTM2_DriverIRQHandler
                0x00000262                PIT2_DriverIRQHandler
                0x00000262                SDHC_DriverIRQHandler
                0x00000262                I2S0_Tx_DriverIRQHandler
                0x00000262                RTC_Seconds_DriverIRQHandler
                0x00000262                DMA6_DriverIRQHandler
                0x00000262                LLWU_DriverIRQHandler
                0x00000262                MCM_DriverIRQHandler
                0x00000262                MCG_DriverIRQHandler
                0x00000262                ENET_1588_Timer_DriverIRQHandler
                0x00000262                I2C2_DriverIRQHandler
                0x00000262                DAC1_DriverIRQHandler
                0x00000262                SPI1_DriverIRQHandler
                0x00000262                CMP1_DriverIRQHandler
                0x00000262                UART5_RX_TX_DriverIRQHandler
                0x00000262                FTM0_DriverIRQHandler
                0x00000262                IntDefaultHandler
                0x00000262                USB0_DriverIRQHandler
                0x00000262                UART5_ERR_DriverIRQHandler
                0x00000262                PORTC_DriverIRQHandler
                0x00000262                DMA11_DriverIRQHandler
                0x00000262                DAC0_DriverIRQHandler
                0x00000262                DMA10_DriverIRQHandler
                0x00000262                CMP2_DriverIRQHandler
                0x00000262                UART2_ERR_DriverIRQHandler
                0x00000262                SPI2_DriverIRQHandler
                0x00000262                LVD_LVW_DriverIRQHandler
                0x00000262                PIT0_DriverIRQHandler
                0x00000262                RNG_DriverIRQHandler
                0x00000262                DMA5_DriverIRQHandler
                0x00000262                DMA12_DriverIRQHandler
                0x00000262                UART2_RX_TX_DriverIRQHandler
                0x00000262                USBDCD_DriverIRQHandler
                0x00000262                UART3_ERR_DriverIRQHandler
                0x00000262                DMA3_DriverIRQHandler
                0x00000262                DMA8_DriverIRQHandler
                0x00000262                DMA9_DriverIRQHandler
                0x00000262                UART0_ERR_DriverIRQHandler
                0x00000262                CMT_DriverIRQHandler
                0x00000262                Reserved71_DriverIRQHandler
                0x00000262                ADC1_DriverIRQHandler
                0x00000262                PORTA_DriverIRQHandler
                0x00000262                DMA14_DriverIRQHandler
                0x00000262                PIT3_DriverIRQHandler
                0x00000262                PIT1_DriverIRQHandler
                0x00000262                WDOG_EWM_DriverIRQHandler
                0x00000262                PDB0_DriverIRQHandler
                0x00000262                RTC_DriverIRQHandler
                0x00000262                I2S0_Rx_DriverIRQHandler
                0x00000262                Read_Collision_DriverIRQHandler
                0x00000262                SWI_DriverIRQHandler
                0x00000262                UART4_RX_TX_DriverIRQHandler
                0x00000262                UART4_ERR_DriverIRQHandler
                0x00000262                PORTB_DriverIRQHandler
                0x00000262                UART0_LON_DriverIRQHandler
                0x00000262                DMA0_DriverIRQHandler
                0x00000262                DMA1_DriverIRQHandler
                0x00000262                I2C1_DriverIRQHandler
                0x00000262                UART3_RX_TX_DriverIRQHandler
                0x00000262                ENET_Receive_DriverIRQHandler
                0x00000262                DMA13_DriverIRQHandler
                0x00000262                ENET_Error_DriverIRQHandler
                0x00000262                DMA15_DriverIRQHandler
                0x00000262                UART0_RX_TX_DriverIRQHandler
                0x00000262                SPI0_DriverIRQHandler
                0x00000262                ADC0_DriverIRQHandler
                0x00000262                CMP0_DriverIRQHandler
                0x00000262                CAN0_DriverIRQHandler
                0x00000262                FTM3_DriverIRQHandler
                0x00000262                DMA4_DriverIRQHandler
                0x00000262                UART1_ERR_DriverIRQHandler
                0x00000262                DMA2_DriverIRQHandler
                0x00000262                ENET_Transmit_DriverIRQHandler
                0x00000262                PORTD_DriverIRQHandler
                0x00000262                PORTE_DriverIRQHandler
                0x00000262                FTFE_DriverIRQHandler
                0x00000262                I2C0_DriverIRQHandler
                0x00000262                DMA7_DriverIRQHandler
                0x00000262                UART1_RX_TX_DriverIRQHandler
                0x00000400                . = 0x400
 *fill*         0x00000264      0x19c ff
                0x00000400                PROVIDE (__FLASH_CONFIG_START__, .)
 *(SORT_BY_ALIGNMENT(.FlashConfig))
 .FlashConfig   0x00000400       0x10 ./SDK/startup/startup_mk64f12.o
                0x00000400                Flash_Config
                0x00000410                PROVIDE (__FLASH_CONFIG_END__, .)
                0x00000001                ASSERT (! ((__FLASH_CONFIG_START__ == __FLASH_CONFIG_END__)), Linker Flash Config Support Enabled, but no .FlashConfig section provided within application)
 *(SORT_BY_ALIGNMENT(.text*))
 .text.App_Run  0x00000410       0x3c ./source/App.o
                0x00000410                App_Run
 .text.SysTick_Handler
                0x0000044c       0x34 ./source/SysTick.o
                0x0000044c                SysTick_Handler
 .text.gpioWrite
                0x00000480       0x54 ./source/gpio.o
                0x00000480                gpioWrite
 .text.IRQHandler
                0x000004d4       0x74 ./source/gpio.o
 .text.UART_SetBaudRate
                0x00000548       0xb8 ./source/uart.o
                0x00000548                UART_SetBaudRate
 .text.uartInitBloqueante
                0x00000600       0x94 ./source/uart.o
                0x00000600                uartInitBloqueante
 .text.UART_Send_Data
                0x00000694       0x34 ./source/uart.o
                0x00000694                UART_Send_Data
 .text.hw_Init  0x000006c8      0x10c ./SDK/startup/hardware.o
                0x000006c8                hw_Init
 .text.hw_EnableInterrupts
                0x000007d4       0x30 ./SDK/startup/hardware.o
                0x000007d4                hw_EnableInterrupts
 .text.hw_DisableInterrupts
                0x00000804       0x20 ./SDK/startup/hardware.o
                0x00000804                hw_DisableInterrupts
 .text.SystemInit
                0x00000824       0x3c ./SDK/CMSIS/system_MK64F12.o
                0x00000824                SystemInit
 .text.App_Init
                0x00000860       0x1a ./source/App.o
                0x00000860                App_Init
 .text.PORTA_IRQHandler
                0x0000087a       0x1e ./source/gpio.o
                0x0000087a                PORTA_IRQHandler
 .text.PORTB_IRQHandler
                0x00000898       0x1e ./source/gpio.o
                0x00000898                PORTB_IRQHandler
 .text.PORTC_IRQHandler
                0x000008b6       0x1e ./source/gpio.o
                0x000008b6                PORTC_IRQHandler
 .text.PORTD_IRQHandler
                0x000008d4       0x1e ./source/gpio.o
                0x000008d4                PORTD_IRQHandler
 .text.PORTE_IRQHandler
                0x000008f2       0x1e ./source/gpio.o
                0x000008f2                PORTE_IRQHandler
 .text.main     0x00000910       0x1a ./SDK/startup/main.o
                0x00000910                main
 .text.HardFault_Handler
                0x0000092a       0x2c ./SDK/startup/semihost_hardfault.o
                0x0000092a                HardFault_Handler
 .text.DMA0_IRQHandler
                0x00000956        0x8 ./SDK/startup/startup_mk64f12.o
                0x00000956                DMA0_IRQHandler
 .text.DMA1_IRQHandler
                0x0000095e        0x8 ./SDK/startup/startup_mk64f12.o
                0x0000095e                DMA1_IRQHandler
 .text.DMA2_IRQHandler
                0x00000966        0x8 ./SDK/startup/startup_mk64f12.o
                0x00000966                DMA2_IRQHandler
 .text.DMA3_IRQHandler
                0x0000096e        0x8 ./SDK/startup/startup_mk64f12.o
                0x0000096e                DMA3_IRQHandler
 .text.DMA4_IRQHandler
                0x00000976        0x8 ./SDK/startup/startup_mk64f12.o
                0x00000976                DMA4_IRQHandler
 .text.DMA5_IRQHandler
                0x0000097e        0x8 ./SDK/startup/startup_mk64f12.o
                0x0000097e                DMA5_IRQHandler
 .text.DMA6_IRQHandler
                0x00000986        0x8 ./SDK/startup/startup_mk64f12.o
                0x00000986                DMA6_IRQHandler
 .text.DMA7_IRQHandler
                0x0000098e        0x8 ./SDK/startup/startup_mk64f12.o
                0x0000098e                DMA7_IRQHandler
 .text.DMA8_IRQHandler
                0x00000996        0x8 ./SDK/startup/startup_mk64f12.o
                0x00000996                DMA8_IRQHandler
 .text.DMA9_IRQHandler
                0x0000099e        0x8 ./SDK/startup/startup_mk64f12.o
                0x0000099e                DMA9_IRQHandler
 .text.DMA10_IRQHandler
                0x000009a6        0x8 ./SDK/startup/startup_mk64f12.o
                0x000009a6                DMA10_IRQHandler
 .text.DMA11_IRQHandler
                0x000009ae        0x8 ./SDK/startup/startup_mk64f12.o
                0x000009ae                DMA11_IRQHandler
 .text.DMA12_IRQHandler
                0x000009b6        0x8 ./SDK/startup/startup_mk64f12.o
                0x000009b6                DMA12_IRQHandler
 .text.DMA13_IRQHandler
                0x000009be        0x8 ./SDK/startup/startup_mk64f12.o
                0x000009be                DMA13_IRQHandler
 .text.DMA14_IRQHandler
                0x000009c6        0x8 ./SDK/startup/startup_mk64f12.o
                0x000009c6                DMA14_IRQHandler
 .text.DMA15_IRQHandler
                0x000009ce        0x8 ./SDK/startup/startup_mk64f12.o
                0x000009ce                DMA15_IRQHandler
 .text.DMA_Error_IRQHandler
                0x000009d6        0x8 ./SDK/startup/startup_mk64f12.o
                0x000009d6                DMA_Error_IRQHandler
 .text.MCM_IRQHandler
                0x000009de        0x8 ./SDK/startup/startup_mk64f12.o
                0x000009de                MCM_IRQHandler
 .text.FTFE_IRQHandler
                0x000009e6        0x8 ./SDK/startup/startup_mk64f12.o
                0x000009e6                FTFE_IRQHandler
 .text.Read_Collision_IRQHandler
                0x000009ee        0x8 ./SDK/startup/startup_mk64f12.o
                0x000009ee                Read_Collision_IRQHandler
 .text.LVD_LVW_IRQHandler
                0x000009f6        0x8 ./SDK/startup/startup_mk64f12.o
                0x000009f6                LVD_LVW_IRQHandler
 .text.LLWU_IRQHandler
                0x000009fe        0x8 ./SDK/startup/startup_mk64f12.o
                0x000009fe                LLWU_IRQHandler
 .text.WDOG_EWM_IRQHandler
                0x00000a06        0x8 ./SDK/startup/startup_mk64f12.o
                0x00000a06                WDOG_EWM_IRQHandler
 .text.RNG_IRQHandler
                0x00000a0e        0x8 ./SDK/startup/startup_mk64f12.o
                0x00000a0e                RNG_IRQHandler
 .text.I2C0_IRQHandler
                0x00000a16        0x8 ./SDK/startup/startup_mk64f12.o
                0x00000a16                I2C0_IRQHandler
 .text.I2C1_IRQHandler
                0x00000a1e        0x8 ./SDK/startup/startup_mk64f12.o
                0x00000a1e                I2C1_IRQHandler
 .text.SPI0_IRQHandler
                0x00000a26        0x8 ./SDK/startup/startup_mk64f12.o
                0x00000a26                SPI0_IRQHandler
 .text.SPI1_IRQHandler
                0x00000a2e        0x8 ./SDK/startup/startup_mk64f12.o
                0x00000a2e                SPI1_IRQHandler
 .text.I2S0_Tx_IRQHandler
                0x00000a36        0x8 ./SDK/startup/startup_mk64f12.o
                0x00000a36                I2S0_Tx_IRQHandler
 .text.I2S0_Rx_IRQHandler
                0x00000a3e        0x8 ./SDK/startup/startup_mk64f12.o
                0x00000a3e                I2S0_Rx_IRQHandler
 .text.UART0_LON_IRQHandler
                0x00000a46        0x8 ./SDK/startup/startup_mk64f12.o
                0x00000a46                UART0_LON_IRQHandler
 .text.UART0_RX_TX_IRQHandler
                0x00000a4e        0x8 ./SDK/startup/startup_mk64f12.o
                0x00000a4e                UART0_RX_TX_IRQHandler
 .text.UART0_ERR_IRQHandler
                0x00000a56        0x8 ./SDK/startup/startup_mk64f12.o
                0x00000a56                UART0_ERR_IRQHandler
 .text.UART1_RX_TX_IRQHandler
                0x00000a5e        0x8 ./SDK/startup/startup_mk64f12.o
                0x00000a5e                UART1_RX_TX_IRQHandler
 .text.UART1_ERR_IRQHandler
                0x00000a66        0x8 ./SDK/startup/startup_mk64f12.o
                0x00000a66                UART1_ERR_IRQHandler
 .text.UART2_RX_TX_IRQHandler
                0x00000a6e        0x8 ./SDK/startup/startup_mk64f12.o
                0x00000a6e                UART2_RX_TX_IRQHandler
 .text.UART2_ERR_IRQHandler
                0x00000a76        0x8 ./SDK/startup/startup_mk64f12.o
                0x00000a76                UART2_ERR_IRQHandler
 .text.UART3_RX_TX_IRQHandler
                0x00000a7e        0x8 ./SDK/startup/startup_mk64f12.o
                0x00000a7e                UART3_RX_TX_IRQHandler
 .text.UART3_ERR_IRQHandler
                0x00000a86        0x8 ./SDK/startup/startup_mk64f12.o
                0x00000a86                UART3_ERR_IRQHandler
 .text.ADC0_IRQHandler
                0x00000a8e        0x8 ./SDK/startup/startup_mk64f12.o
                0x00000a8e                ADC0_IRQHandler
 .text.CMP0_IRQHandler
                0x00000a96        0x8 ./SDK/startup/startup_mk64f12.o
                0x00000a96                CMP0_IRQHandler
 .text.CMP1_IRQHandler
                0x00000a9e        0x8 ./SDK/startup/startup_mk64f12.o
                0x00000a9e                CMP1_IRQHandler
 .text.FTM0_IRQHandler
                0x00000aa6        0x8 ./SDK/startup/startup_mk64f12.o
                0x00000aa6                FTM0_IRQHandler
 .text.FTM1_IRQHandler
                0x00000aae        0x8 ./SDK/startup/startup_mk64f12.o
                0x00000aae                FTM1_IRQHandler
 .text.FTM2_IRQHandler
                0x00000ab6        0x8 ./SDK/startup/startup_mk64f12.o
                0x00000ab6                FTM2_IRQHandler
 .text.CMT_IRQHandler
                0x00000abe        0x8 ./SDK/startup/startup_mk64f12.o
                0x00000abe                CMT_IRQHandler
 .text.RTC_IRQHandler
                0x00000ac6        0x8 ./SDK/startup/startup_mk64f12.o
                0x00000ac6                RTC_IRQHandler
 .text.RTC_Seconds_IRQHandler
                0x00000ace        0x8 ./SDK/startup/startup_mk64f12.o
                0x00000ace                RTC_Seconds_IRQHandler
 .text.PIT0_IRQHandler
                0x00000ad6        0x8 ./SDK/startup/startup_mk64f12.o
                0x00000ad6                PIT0_IRQHandler
 .text.PIT1_IRQHandler
                0x00000ade        0x8 ./SDK/startup/startup_mk64f12.o
                0x00000ade                PIT1_IRQHandler
 .text.PIT2_IRQHandler
                0x00000ae6        0x8 ./SDK/startup/startup_mk64f12.o
                0x00000ae6                PIT2_IRQHandler
 .text.PIT3_IRQHandler
                0x00000aee        0x8 ./SDK/startup/startup_mk64f12.o
                0x00000aee                PIT3_IRQHandler
 .text.PDB0_IRQHandler
                0x00000af6        0x8 ./SDK/startup/startup_mk64f12.o
                0x00000af6                PDB0_IRQHandler
 .text.USB0_IRQHandler
                0x00000afe        0x8 ./SDK/startup/startup_mk64f12.o
                0x00000afe                USB0_IRQHandler
 .text.USBDCD_IRQHandler
                0x00000b06        0x8 ./SDK/startup/startup_mk64f12.o
                0x00000b06                USBDCD_IRQHandler
 .text.Reserved71_IRQHandler
                0x00000b0e        0x8 ./SDK/startup/startup_mk64f12.o
                0x00000b0e                Reserved71_IRQHandler
 .text.DAC0_IRQHandler
                0x00000b16        0x8 ./SDK/startup/startup_mk64f12.o
                0x00000b16                DAC0_IRQHandler
 .text.MCG_IRQHandler
                0x00000b1e        0x8 ./SDK/startup/startup_mk64f12.o
                0x00000b1e                MCG_IRQHandler
 .text.LPTMR0_IRQHandler
                0x00000b26        0x8 ./SDK/startup/startup_mk64f12.o
                0x00000b26                LPTMR0_IRQHandler
 .text.SWI_IRQHandler
                0x00000b2e        0x8 ./SDK/startup/startup_mk64f12.o
                0x00000b2e                SWI_IRQHandler
 .text.SPI2_IRQHandler
                0x00000b36        0x8 ./SDK/startup/startup_mk64f12.o
                0x00000b36                SPI2_IRQHandler
 .text.UART4_RX_TX_IRQHandler
                0x00000b3e        0x8 ./SDK/startup/startup_mk64f12.o
                0x00000b3e                UART4_RX_TX_IRQHandler
 .text.UART4_ERR_IRQHandler
                0x00000b46        0x8 ./SDK/startup/startup_mk64f12.o
                0x00000b46                UART4_ERR_IRQHandler
 .text.UART5_RX_TX_IRQHandler
                0x00000b4e        0x8 ./SDK/startup/startup_mk64f12.o
                0x00000b4e                UART5_RX_TX_IRQHandler
 .text.UART5_ERR_IRQHandler
                0x00000b56        0x8 ./SDK/startup/startup_mk64f12.o
                0x00000b56                UART5_ERR_IRQHandler
 .text.CMP2_IRQHandler
                0x00000b5e        0x8 ./SDK/startup/startup_mk64f12.o
                0x00000b5e                CMP2_IRQHandler
 .text.FTM3_IRQHandler
                0x00000b66        0x8 ./SDK/startup/startup_mk64f12.o
                0x00000b66                FTM3_IRQHandler
 .text.DAC1_IRQHandler
                0x00000b6e        0x8 ./SDK/startup/startup_mk64f12.o
                0x00000b6e                DAC1_IRQHandler
 .text.ADC1_IRQHandler
                0x00000b76        0x8 ./SDK/startup/startup_mk64f12.o
                0x00000b76                ADC1_IRQHandler
 .text.I2C2_IRQHandler
                0x00000b7e        0x8 ./SDK/startup/startup_mk64f12.o
                0x00000b7e                I2C2_IRQHandler
 .text.CAN0_ORed_Message_buffer_IRQHandler
                0x00000b86        0x8 ./SDK/startup/startup_mk64f12.o
                0x00000b86                CAN0_ORed_Message_buffer_IRQHandler
 .text.CAN0_Bus_Off_IRQHandler
                0x00000b8e        0x8 ./SDK/startup/startup_mk64f12.o
                0x00000b8e                CAN0_Bus_Off_IRQHandler
 .text.CAN0_Error_IRQHandler
                0x00000b96        0x8 ./SDK/startup/startup_mk64f12.o
                0x00000b96                CAN0_Error_IRQHandler
 .text.CAN0_Tx_Warning_IRQHandler
                0x00000b9e        0x8 ./SDK/startup/startup_mk64f12.o
                0x00000b9e                CAN0_Tx_Warning_IRQHandler
 .text.CAN0_Rx_Warning_IRQHandler
                0x00000ba6        0x8 ./SDK/startup/startup_mk64f12.o
                0x00000ba6                CAN0_Rx_Warning_IRQHandler
 .text.CAN0_Wake_Up_IRQHandler
                0x00000bae        0x8 ./SDK/startup/startup_mk64f12.o
                0x00000bae                CAN0_Wake_Up_IRQHandler
 .text.SDHC_IRQHandler
                0x00000bb6        0x8 ./SDK/startup/startup_mk64f12.o
                0x00000bb6                SDHC_IRQHandler
 .text.ENET_1588_Timer_IRQHandler
                0x00000bbe        0x8 ./SDK/startup/startup_mk64f12.o
                0x00000bbe                ENET_1588_Timer_IRQHandler
 .text.ENET_Transmit_IRQHandler
                0x00000bc6        0x8 ./SDK/startup/startup_mk64f12.o
                0x00000bc6                ENET_Transmit_IRQHandler
 .text.ENET_Receive_IRQHandler
                0x00000bce        0x8 ./SDK/startup/startup_mk64f12.o
                0x00000bce                ENET_Receive_IRQHandler
 .text.ENET_Error_IRQHandler
                0x00000bd6        0x8 ./SDK/startup/startup_mk64f12.o
                0x00000bd6                ENET_Error_IRQHandler
 .text.SystemInitHook
                0x00000bde        0xe ./SDK/CMSIS/system_MK64F12.o
                0x00000bde                SystemInitHook
 .text.strlen   0x00000bec       0x4a c:/nxp/mcuxpressoide_10.2.0_759/ide/tools/bin/../lib/gcc/arm-none-eabi/7.2.1/../../../../arm-none-eabi/lib/thumb/v7e-m/fpv4-sp/hard\libcr_c.a(strlen.o)
                0x00000bec                strlen
 *(SORT_BY_ALIGNMENT(.rodata) SORT_BY_ALIGNMENT(.rodata.*) SORT_BY_ALIGNMENT(.constdata) SORT_BY_ALIGNMENT(.constdata.*))
 *fill*         0x00000c36        0x2 ff
 .rodata.message
                0x00000c38       0x2c ./source/App.o
 .rodata.PORT_PTRS
                0x00000c64       0x14 ./source/gpio.o
 .rodata.GPIO_PTRS
                0x00000c78       0x14 ./source/gpio.o
                0x00000c90                . = ALIGN (0x8)
 *fill*         0x00000c8c        0x4 ff

.glue_7         0x00000c90        0x0
 .glue_7        0x00000c90        0x0 linker stubs

.glue_7t        0x00000c90        0x0
 .glue_7t       0x00000c90        0x0 linker stubs

.vfp11_veneer   0x00000c90        0x0
 .vfp11_veneer  0x00000c90        0x0 linker stubs

.v4_bx          0x00000c90        0x0
 .v4_bx         0x00000c90        0x0 linker stubs

.iplt           0x00000c90        0x0
 .iplt          0x00000c90        0x0 ./source/App.o

.rel.dyn        0x00000c90        0x0
 .rel.iplt      0x00000c90        0x0 ./source/App.o

.ARM.extab
 *(SORT_BY_ALIGNMENT(.ARM.extab*) SORT_BY_ALIGNMENT(.gnu.linkonce.armextab.*))
                0x00000c90                __exidx_start = .

.ARM.exidx
 *(SORT_BY_ALIGNMENT(.ARM.exidx*) SORT_BY_ALIGNMENT(.gnu.linkonce.armexidx.*))
                0x00000c90                __exidx_end = .
                0x00000c90                _etext = .

.m_usb_data
 *(SORT_BY_ALIGNMENT(m_usb_bdt))

.data_RAM2      0x1fff0000        0x0 load address 0x00000c90
 FILL mask 0xff
                [!provide]                PROVIDE (__start_data_RAM2, .)
 *(SORT_BY_ALIGNMENT(.ramfunc.$RAM2))
 *(SORT_BY_ALIGNMENT(.ramfunc.$SRAM_LOWER))
 *(SORT_BY_ALIGNMENT(.data.$RAM2*))
 *(SORT_BY_ALIGNMENT(.data.$SRAM_LOWER*))
                0x1fff0000                . = ALIGN (0x8)
                [!provide]                PROVIDE (__end_data_RAM2, .)

.data_RAM3      0x14000000        0x0 load address 0x00000c90
 FILL mask 0xff
                [!provide]                PROVIDE (__start_data_RAM3, .)
 *(SORT_BY_ALIGNMENT(.ramfunc.$RAM3))
 *(SORT_BY_ALIGNMENT(.ramfunc.$FLEX_RAM))
 *(SORT_BY_ALIGNMENT(.data.$RAM3*))
 *(SORT_BY_ALIGNMENT(.data.$FLEX_RAM*))
                0x14000000                . = ALIGN (0x8)
                [!provide]                PROVIDE (__end_data_RAM3, .)

.uninit_RESERVED
                0x20000000        0x0
 *(SORT_BY_ALIGNMENT(.bss.$RESERVED*))
                0x20000000                . = ALIGN (0x4)
                0x20000000                _end_uninit_RESERVED = .

.data           0x20000000        0x0 load address 0x00000c90
 FILL mask 0xff
                0x20000000                _data = .
 *(SORT_BY_ALIGNMENT(vtable))
 *(SORT_BY_ALIGNMENT(.ramfunc*))
 *(SORT_BY_ALIGNMENT(.data*))
                0x20000000                . = ALIGN (0x8)
                0x20000000                _edata = .

.igot.plt       0x20000000        0x0 load address 0x00000c90
 .igot.plt      0x20000000        0x0 ./source/App.o

.bss_RAM2       0x1fff0000        0x0
                [!provide]                PROVIDE (__start_bss_RAM2, .)
 *(SORT_BY_ALIGNMENT(.bss.$RAM2*))
 *(SORT_BY_ALIGNMENT(.bss.$SRAM_LOWER*))
                0x1fff0000                . = ALIGN ((. != 0x0)?0x8:0x1)
                [!provide]                PROVIDE (__end_bss_RAM2, .)

.bss_RAM3       0x14000000        0x0
                [!provide]                PROVIDE (__start_bss_RAM3, .)
 *(SORT_BY_ALIGNMENT(.bss.$RAM3*))
 *(SORT_BY_ALIGNMENT(.bss.$FLEX_RAM*))
                0x14000000                . = ALIGN ((. != 0x0)?0x8:0x1)
                [!provide]                PROVIDE (__end_bss_RAM3, .)

.bss            0x20000000      0x288
                0x20000000                _bss = .
 *(SORT_BY_ALIGNMENT(.bss*))
 .bss.callback_ptr
                0x20000000        0x4 ./source/SysTick.o
                0x20000000                callback_ptr
 .bss.CALLBACKS
                0x20000004      0x280 ./source/gpio.o
 .bss.__LDM_interruptDisableCount
                0x20000284        0x4 ./SDK/startup/hardware.o
 *(SORT_BY_ALIGNMENT(COMMON))
                0x20000288                . = ALIGN (0x8)
                0x20000288                _ebss = .
                [!provide]                PROVIDE (end, .)

.noinit_RAM2    0x1fff0000        0x0
 *(SORT_BY_ALIGNMENT(.noinit.$RAM2*))
 *(SORT_BY_ALIGNMENT(.noinit.$SRAM_LOWER*))
                0x1fff0000                . = ALIGN (0x8)

.noinit_RAM3    0x14000000        0x0
 *(SORT_BY_ALIGNMENT(.noinit.$RAM3*))
 *(SORT_BY_ALIGNMENT(.noinit.$FLEX_RAM*))
                0x14000000                . = ALIGN (0x8)

.noinit         0x20000288        0x0
                0x20000288                _noinit = .
 *(SORT_BY_ALIGNMENT(.noinit*))
                0x20000288                . = ALIGN (0x8)
                0x20000288                _end_noinit = .
                0x00001000                _HeapSize = 0x1000

.heap           0x20000288     0x1000
                0x20000288                _pvHeapStart = .
                0x20001288                . = (. + _HeapSize)
 *fill*         0x20000288     0x1000 
                0x20001288                . = ALIGN (0x8)
                0x20001288                _pvHeapLimit = .
                0x00001000                _StackSize = 0x1000

.heap2stackfill
                0x20001288     0x1000
                0x20002288                . = (. + _StackSize)
 *fill*         0x20001288     0x1000 

.stack          0x2002f000        0x0
                0x2002f000                _vStackBase = .
                0x2002f000                . = ALIGN (0x8)
                0x20030000                _vStackTop = (. + _StackSize)
                0x00000000                _image_start = LOADADDR (.text)
                0x00000c90                _image_end = (LOADADDR (.data) + SIZEOF (.data))
                0x00000c90                _image_size = (_image_end - _image_start)
OUTPUT(Blink.axf elf32-littlearm)

.debug_info     0x00000000     0x322f
 .debug_info    0x00000000      0x1b3 ./source/App.o
 .debug_info    0x000001b3      0x175 ./source/SysTick.o
 .debug_info    0x00000328      0xb0d ./source/gpio.o
 .debug_info    0x00000e35      0xde7 ./source/uart.o
 .debug_info    0x00001c1c      0x675 ./SDK/startup/hardware.o
 .debug_info    0x00002291       0xb7 ./SDK/startup/main.o
 .debug_info    0x00002348       0x3b ./SDK/startup/semihost_hardfault.o
 .debug_info    0x00002383      0x8b0 ./SDK/startup/startup_mk64f12.o
 .debug_info    0x00002c33      0x5fc ./SDK/CMSIS/system_MK64F12.o

.debug_abbrev   0x00000000      0xb8f
 .debug_abbrev  0x00000000      0x107 ./source/App.o
 .debug_abbrev  0x00000107      0x120 ./source/SysTick.o
 .debug_abbrev  0x00000227      0x243 ./source/gpio.o
 .debug_abbrev  0x0000046a      0x2a6 ./source/uart.o
 .debug_abbrev  0x00000710      0x138 ./SDK/startup/hardware.o
 .debug_abbrev  0x00000848       0x7d ./SDK/startup/main.o
 .debug_abbrev  0x000008c5       0x2f ./SDK/startup/semihost_hardfault.o
 .debug_abbrev  0x000008f4      0x15c ./SDK/startup/startup_mk64f12.o
 .debug_abbrev  0x00000a50      0x13f ./SDK/CMSIS/system_MK64F12.o

.debug_aranges  0x00000000      0x540
 .debug_aranges
                0x00000000       0x28 ./source/App.o
 .debug_aranges
                0x00000028       0x28 ./source/SysTick.o
 .debug_aranges
                0x00000050       0x80 ./source/gpio.o
 .debug_aranges
                0x000000d0       0xa0 ./source/uart.o
 .debug_aranges
                0x00000170       0x30 ./SDK/startup/hardware.o
 .debug_aranges
                0x000001a0       0x20 ./SDK/startup/main.o
 .debug_aranges
                0x000001c0       0x20 ./SDK/startup/semihost_hardfault.o
 .debug_aranges
                0x000001e0      0x330 ./SDK/startup/startup_mk64f12.o
 .debug_aranges
                0x00000510       0x30 ./SDK/CMSIS/system_MK64F12.o

.debug_ranges   0x00000000      0x4b0
 .debug_ranges  0x00000000       0x18 ./source/App.o
 .debug_ranges  0x00000018       0x18 ./source/SysTick.o
 .debug_ranges  0x00000030       0x70 ./source/gpio.o
 .debug_ranges  0x000000a0       0x90 ./source/uart.o
 .debug_ranges  0x00000130       0x20 ./SDK/startup/hardware.o
 .debug_ranges  0x00000150       0x10 ./SDK/startup/main.o
 .debug_ranges  0x00000160       0x10 ./SDK/startup/semihost_hardfault.o
 .debug_ranges  0x00000170      0x320 ./SDK/startup/startup_mk64f12.o
 .debug_ranges  0x00000490       0x20 ./SDK/CMSIS/system_MK64F12.o

.debug_macro    0x00000000    0x11936
 .debug_macro   0x00000000       0xa4 ./source/App.o
 .debug_macro   0x000000a4      0xa5a ./source/App.o
 .debug_macro   0x00000afe      0x34e ./source/App.o
 .debug_macro   0x00000e4c       0x22 ./source/App.o
 .debug_macro   0x00000e6e       0x3a ./source/App.o
 .debug_macro   0x00000ea8       0xee ./source/App.o
 .debug_macro   0x00000f96       0x5c ./source/App.o
 .debug_macro   0x00000ff2       0x1c ./source/App.o
 .debug_macro   0x0000100e       0x22 ./source/App.o
 .debug_macro   0x00001030       0xdf ./source/App.o
 .debug_macro   0x0000110f      0xecf ./source/App.o
 .debug_macro   0x00001fde       0x48 ./source/App.o
 .debug_macro   0x00002026     0xe07b ./source/App.o
 .debug_macro   0x000100a1       0x22 ./source/App.o
 .debug_macro   0x000100c3      0x10a ./source/SysTick.o
 .debug_macro   0x000101cd       0x10 ./source/SysTick.o
 .debug_macro   0x000101dd     0x122b ./source/SysTick.o
 .debug_macro   0x00011408       0x16 ./source/SysTick.o
 .debug_macro   0x0001141e       0x40 ./source/SysTick.o
 .debug_macro   0x0001145e       0xcd ./source/gpio.o
 .debug_macro   0x0001152b       0xfd ./source/uart.o
 .debug_macro   0x00011628       0x28 ./source/uart.o
 .debug_macro   0x00011650       0xf4 ./source/uart.o
 .debug_macro   0x00011744       0x9c ./SDK/startup/hardware.o
 .debug_macro   0x000117e0       0x9c ./SDK/startup/main.o
 .debug_macro   0x0001187c       0x11 ./SDK/startup/semihost_hardfault.o
 .debug_macro   0x0001188d       0x29 ./SDK/startup/startup_mk64f12.o
 .debug_macro   0x000118b6       0x80 ./SDK/CMSIS/system_MK64F12.o

.debug_line     0x00000000     0x15ca
 .debug_line    0x00000000      0x16b ./source/App.o
 .debug_line    0x0000016b      0x1b7 ./source/SysTick.o
 .debug_line    0x00000322      0x2df ./source/gpio.o
 .debug_line    0x00000601      0x388 ./source/uart.o
 .debug_line    0x00000989      0x1d4 ./SDK/startup/hardware.o
 .debug_line    0x00000b5d      0x175 ./SDK/startup/main.o
 .debug_line    0x00000cd2       0x59 ./SDK/startup/semihost_hardfault.o
 .debug_line    0x00000d2b      0x6d8 ./SDK/startup/startup_mk64f12.o
 .debug_line    0x00001403      0x1c7 ./SDK/CMSIS/system_MK64F12.o

.debug_str      0x00000000    0x78b49
 .debug_str     0x00000000    0x708bf ./source/App.o
                              0x70a42 (size before relaxing)
 .debug_str     0x000708bf     0x6cb4 ./source/SysTick.o
                              0x775db (size before relaxing)
 .debug_str     0x00077573      0x8cc ./source/gpio.o
                              0x779aa (size before relaxing)
 .debug_str     0x00077e3f      0x313 ./source/uart.o
                              0x77ea8 (size before relaxing)
 .debug_str     0x00078152      0x16f ./SDK/startup/hardware.o
                              0x77211 (size before relaxing)
 .debug_str     0x000782c1       0x1b ./SDK/startup/main.o
                              0x76fe5 (size before relaxing)
 .debug_str     0x000782dc       0x36 ./SDK/startup/semihost_hardfault.o
                               0x2d4b (size before relaxing)
 .debug_str     0x00078312      0x7d5 ./SDK/startup/startup_mk64f12.o
                               0x35b9 (size before relaxing)
 .debug_str     0x00078ae7       0x62 ./SDK/CMSIS/system_MK64F12.o
                              0x77120 (size before relaxing)

.comment        0x00000000       0x7e
 .comment       0x00000000       0x7e ./source/App.o
                                 0x7f (size before relaxing)
 .comment       0x0000007e       0x7f ./source/SysTick.o
 .comment       0x0000007e       0x7f ./source/gpio.o
 .comment       0x0000007e       0x7f ./source/uart.o
 .comment       0x0000007e       0x7f ./SDK/startup/hardware.o
 .comment       0x0000007e       0x7f ./SDK/startup/main.o
 .comment       0x0000007e       0x7f ./SDK/startup/semihost_hardfault.o
 .comment       0x0000007e       0x7f ./SDK/startup/startup_mk64f12.o
 .comment       0x0000007e       0x7f ./SDK/CMSIS/system_MK64F12.o
 .comment       0x0000007e       0x7f c:/nxp/mcuxpressoide_10.2.0_759/ide/tools/bin/../lib/gcc/arm-none-eabi/7.2.1/../../../../arm-none-eabi/lib/thumb/v7e-m/fpv4-sp/hard\libcr_c.a(strlen.o)

.ARM.attributes
                0x00000000       0x39
 .ARM.attributes
                0x00000000       0x39 ./source/App.o
 .ARM.attributes
                0x00000039       0x39 ./source/SysTick.o
 .ARM.attributes
                0x00000072       0x39 ./source/gpio.o
 .ARM.attributes
                0x000000ab       0x39 ./source/uart.o
 .ARM.attributes
                0x000000e4       0x39 ./SDK/startup/hardware.o
 .ARM.attributes
                0x0000011d       0x39 ./SDK/startup/main.o
 .ARM.attributes
                0x00000156       0x39 ./SDK/startup/semihost_hardfault.o
 .ARM.attributes
                0x0000018f       0x39 ./SDK/startup/startup_mk64f12.o
 .ARM.attributes
                0x000001c8       0x39 ./SDK/CMSIS/system_MK64F12.o
 .ARM.attributes
                0x00000201       0x39 c:/nxp/mcuxpressoide_10.2.0_759/ide/tools/bin/../lib/gcc/arm-none-eabi/7.2.1/../../../../arm-none-eabi/lib/thumb/v7e-m/fpv4-sp/hard\libcr_c.a(strlen.o)

.debug_frame    0x00000000      0xfb8
 .debug_frame   0x00000000       0x58 ./source/App.o
 .debug_frame   0x00000058       0x60 ./source/SysTick.o
 .debug_frame   0x000000b8      0x224 ./source/gpio.o
 .debug_frame   0x000002dc      0x2a8 ./source/uart.o
 .debug_frame   0x00000584       0x70 ./SDK/startup/hardware.o
 .debug_frame   0x000005f4       0x2c ./SDK/startup/main.o
 .debug_frame   0x00000620       0x20 ./SDK/startup/semihost_hardfault.o
 .debug_frame   0x00000640      0x904 ./SDK/startup/startup_mk64f12.o
 .debug_frame   0x00000f44       0x74 ./SDK/CMSIS/system_MK64F12.o
