Archive member included to satisfy reference by file (symbol)

c:/nxp/mcuxpressoide_10.2.0_759/ide/tools/bin/../lib/gcc/arm-none-eabi/7.2.1/../../../../arm-none-eabi/lib/thumb/v7e-m/fpv4-sp/hard\libcr_c.a(strlen.o)
                              ./source/App.o (strlen)

Discarded input sections

 .group         0x00000000        0xc ./source/App.o
 .group         0x00000000        0xc ./source/App.o
 .group         0x00000000        0xc ./source/App.o
 .group         0x00000000        0xc ./source/App.o
 .group         0x00000000        0xc ./source/App.o
 .group         0x00000000        0xc ./source/App.o
 .group         0x00000000        0xc ./source/App.o
 .group         0x00000000        0xc ./source/App.o
 .group         0x00000000        0xc ./source/App.o
 .group         0x00000000        0xc ./source/App.o
 .group         0x00000000        0xc ./source/App.o
 .group         0x00000000        0xc ./source/App.o
 .group         0x00000000        0xc ./source/App.o
 .group         0x00000000        0xc ./source/App.o
 .group         0x00000000        0xc ./source/App.o
 .group         0x00000000        0xc ./source/App.o
 .group         0x00000000        0xc ./source/App.o
 .group         0x00000000        0xc ./source/App.o
 .group         0x00000000        0xc ./source/App.o
 .group         0x00000000        0xc ./source/App.o
 .group         0x00000000        0xc ./source/App.o
 .group         0x00000000        0xc ./source/App.o
 .group         0x00000000        0xc ./source/App.o
 .group         0x00000000        0xc ./source/App.o
 .group         0x00000000        0xc ./source/App.o
 .group         0x00000000        0xc ./source/App.o
 .group         0x00000000        0xc ./source/App.o
 .group         0x00000000        0xc ./source/App.o
 .group         0x00000000        0xc ./source/App.o
 .group         0x00000000        0xc ./source/App.o
 .group         0x00000000        0xc ./source/App.o
 .group         0x00000000        0xc ./source/App.o
 .group         0x00000000        0xc ./source/App.o
 .group         0x00000000        0xc ./source/App.o
 .group         0x00000000        0xc ./source/App.o
 .group         0x00000000        0xc ./source/App.o
 .group         0x00000000        0xc ./source/App.o
 .group         0x00000000        0xc ./source/App.o
 .group         0x00000000        0xc ./source/App.o
 .group         0x00000000        0xc ./source/App.o
 .group         0x00000000        0xc ./source/App.o
 .group         0x00000000        0xc ./source/App.o
 .group         0x00000000        0xc ./source/App.o
 .group         0x00000000        0xc ./source/App.o
 .group         0x00000000        0xc ./source/App.o
 .group         0x00000000        0xc ./source/App.o
 .text          0x00000000        0x0 ./source/App.o
 .data          0x00000000        0x0 ./source/App.o
 .bss           0x00000000        0x0 ./source/App.o
 .group         0x00000000        0xc ./source/SysTick.o
 .group         0x00000000        0xc ./source/SysTick.o
 .group         0x00000000        0xc ./source/SysTick.o
 .group         0x00000000        0xc ./source/SysTick.o
 .group         0x00000000        0xc ./source/SysTick.o
 .group         0x00000000        0xc ./source/SysTick.o
 .group         0x00000000        0xc ./source/SysTick.o
 .group         0x00000000        0xc ./source/SysTick.o
 .group         0x00000000        0xc ./source/SysTick.o
 .group         0x00000000        0xc ./source/SysTick.o
 .group         0x00000000        0xc ./source/SysTick.o
 .group         0x00000000        0xc ./source/SysTick.o
 .group         0x00000000        0xc ./source/SysTick.o
 .group         0x00000000        0xc ./source/SysTick.o
 .group         0x00000000        0xc ./source/SysTick.o
 .text          0x00000000        0x0 ./source/SysTick.o
 .data          0x00000000        0x0 ./source/SysTick.o
 .bss           0x00000000        0x0 ./source/SysTick.o
 .text.SysTick_Init
                0x00000000       0x44 ./source/SysTick.o
 .debug_macro   0x00000000      0xa5a ./source/SysTick.o
 .debug_macro   0x00000000       0x22 ./source/SysTick.o
 .debug_macro   0x00000000       0x5c ./source/SysTick.o
 .debug_macro   0x00000000      0x34e ./source/SysTick.o
 .debug_macro   0x00000000       0x1c ./source/SysTick.o
 .debug_macro   0x00000000       0x22 ./source/SysTick.o
 .debug_macro   0x00000000       0xdf ./source/SysTick.o
 .debug_macro   0x00000000      0xecf ./source/SysTick.o
 .debug_macro   0x00000000       0x48 ./source/SysTick.o
 .debug_macro   0x00000000     0xe07b ./source/SysTick.o
 .debug_macro   0x00000000       0x10 ./source/SysTick.o
 .debug_macro   0x00000000     0x122b ./source/SysTick.o
 .debug_macro   0x00000000       0x16 ./source/SysTick.o
 .debug_macro   0x00000000       0xee ./source/SysTick.o
 .group         0x00000000        0xc ./source/gpio.o
 .group         0x00000000        0xc ./source/gpio.o
 .group         0x00000000        0xc ./source/gpio.o
 .group         0x00000000        0xc ./source/gpio.o
 .group         0x00000000        0xc ./source/gpio.o
 .group         0x00000000        0xc ./source/gpio.o
 .group         0x00000000        0xc ./source/gpio.o
 .group         0x00000000        0xc ./source/gpio.o
 .group         0x00000000        0xc ./source/gpio.o
 .group         0x00000000        0xc ./source/gpio.o
 .group         0x00000000        0xc ./source/gpio.o
 .group         0x00000000        0xc ./source/gpio.o
 .group         0x00000000        0xc ./source/gpio.o
 .group         0x00000000        0xc ./source/gpio.o
 .text          0x00000000        0x0 ./source/gpio.o
 .data          0x00000000        0x0 ./source/gpio.o
 .bss           0x00000000        0x0 ./source/gpio.o
 .text.__NVIC_EnableIRQ
                0x00000000       0x3c ./source/gpio.o
 .text.__NVIC_DisableIRQ
                0x00000000       0x44 ./source/gpio.o
 .rodata.IRQC_MODES
                0x00000000       0x18 ./source/gpio.o
 .text.gpioRead
                0x00000000       0x58 ./source/gpio.o
 .text.gpioIRQ  0x00000000       0xc0 ./source/gpio.o
 .debug_macro   0x00000000      0xa5a ./source/gpio.o
 .debug_macro   0x00000000       0x5c ./source/gpio.o
 .debug_macro   0x00000000      0x34e ./source/gpio.o
 .debug_macro   0x00000000       0x1c ./source/gpio.o
 .debug_macro   0x00000000       0x22 ./source/gpio.o
 .debug_macro   0x00000000       0xdf ./source/gpio.o
 .debug_macro   0x00000000      0xecf ./source/gpio.o
 .debug_macro   0x00000000       0x48 ./source/gpio.o
 .debug_macro   0x00000000     0xe07b ./source/gpio.o
 .debug_macro   0x00000000       0x22 ./source/gpio.o
 .debug_macro   0x00000000       0x10 ./source/gpio.o
 .debug_macro   0x00000000     0x122b ./source/gpio.o
 .debug_macro   0x00000000       0x16 ./source/gpio.o
 .debug_macro   0x00000000       0x40 ./source/gpio.o
 .group         0x00000000        0xc ./source/timer.o
 .group         0x00000000        0xc ./source/timer.o
 .group         0x00000000        0xc ./source/timer.o
 .group         0x00000000        0xc ./source/timer.o
 .group         0x00000000        0xc ./source/timer.o
 .group         0x00000000        0xc ./source/timer.o
 .group         0x00000000        0xc ./source/timer.o
 .group         0x00000000        0xc ./source/timer.o
 .group         0x00000000        0xc ./source/timer.o
 .group         0x00000000        0xc ./source/timer.o
 .group         0x00000000        0xc ./source/timer.o
 .group         0x00000000        0xc ./source/timer.o
 .group         0x00000000        0xc ./source/timer.o
 .group         0x00000000        0xc ./source/timer.o
 .group         0x00000000        0xc ./source/timer.o
 .group         0x00000000        0xc ./source/timer.o
 .group         0x00000000        0xc ./source/timer.o
 .group         0x00000000        0xc ./source/timer.o
 .group         0x00000000        0xc ./source/timer.o
 .group         0x00000000        0xc ./source/timer.o
 .group         0x00000000        0xc ./source/timer.o
 .group         0x00000000        0xc ./source/timer.o
 .group         0x00000000        0xc ./source/timer.o
 .text          0x00000000        0x0 ./source/timer.o
 .data          0x00000000        0x0 ./source/timer.o
 .bss           0x00000000        0x0 ./source/timer.o
 .bss.timers    0x00000000      0x100 ./source/timer.o
 .data.timers_cant
                0x00000000        0x1 ./source/timer.o
 .bss.yaInit    0x00000000        0x1 ./source/timer.o
 .text.timerInit
                0x00000000       0x28 ./source/timer.o
 .text.timerGetId
                0x00000000       0x2c ./source/timer.o
 .text.timerCreate
                0x00000000       0x2e ./source/timer.o
 .text.timerStart
                0x00000000       0xa4 ./source/timer.o
 .text.timerStop
                0x00000000       0x44 ./source/timer.o
 .text.timerPlay
                0x00000000       0x30 ./source/timer.o
 .text.timerRestart
                0x00000000       0x6c ./source/timer.o
 .text.timerFinish
                0x00000000       0x5c ./source/timer.o
 .text.timerReset
                0x00000000       0x58 ./source/timer.o
 .text.timerActivate
                0x00000000       0x58 ./source/timer.o
 .text.timerChangePeriod
                0x00000000       0x74 ./source/timer.o
 .text.timerChangeCallback
                0x00000000       0x7c ./source/timer.o
 .text.timerExpired
                0x00000000       0x4c ./source/timer.o
 .text.timerDelay
                0x00000000       0x30 ./source/timer.o
 .text.timer_isr
                0x00000000       0xec ./source/timer.o
 .debug_info    0x00000000      0xc2a ./source/timer.o
 .debug_abbrev  0x00000000      0x281 ./source/timer.o
 .debug_aranges
                0x00000000       0x90 ./source/timer.o
 .debug_ranges  0x00000000       0x80 ./source/timer.o
 .debug_macro   0x00000000      0x136 ./source/timer.o
 .debug_macro   0x00000000      0xa5a ./source/timer.o
 .debug_macro   0x00000000      0x34e ./source/timer.o
 .debug_macro   0x00000000       0x22 ./source/timer.o
 .debug_macro   0x00000000       0x17 ./source/timer.o
 .debug_macro   0x00000000       0x22 ./source/timer.o
 .debug_macro   0x00000000       0x52 ./source/timer.o
 .debug_macro   0x00000000       0x8d ./source/timer.o
 .debug_macro   0x00000000       0x35 ./source/timer.o
 .debug_macro   0x00000000       0x9c ./source/timer.o
 .debug_macro   0x00000000       0x16 ./source/timer.o
 .debug_macro   0x00000000      0x10e ./source/timer.o
 .debug_macro   0x00000000       0x8d ./source/timer.o
 .debug_macro   0x00000000       0x57 ./source/timer.o
 .debug_macro   0x00000000       0x58 ./source/timer.o
 .debug_macro   0x00000000       0x1f ./source/timer.o
 .debug_macro   0x00000000       0x43 ./source/timer.o
 .debug_macro   0x00000000       0x20 ./source/timer.o
 .debug_macro   0x00000000      0x18e ./source/timer.o
 .debug_macro   0x00000000      0x330 ./source/timer.o
 .debug_macro   0x00000000       0x16 ./source/timer.o
 .debug_macro   0x00000000       0x29 ./source/timer.o
 .debug_macro   0x00000000       0x1c ./source/timer.o
 .debug_macro   0x00000000       0x10 ./source/timer.o
 .debug_line    0x00000000      0x3b9 ./source/timer.o
 .debug_str     0x00000000     0x6e8b ./source/timer.o
 .comment       0x00000000       0x7f ./source/timer.o
 .debug_frame   0x00000000      0x244 ./source/timer.o
 .ARM.attributes
                0x00000000       0x39 ./source/timer.o
 .group         0x00000000        0xc ./source/uart.o
 .group         0x00000000        0xc ./source/uart.o
 .group         0x00000000        0xc ./source/uart.o
 .group         0x00000000        0xc ./source/uart.o
 .group         0x00000000        0xc ./source/uart.o
 .group         0x00000000        0xc ./source/uart.o
 .group         0x00000000        0xc ./source/uart.o
 .group         0x00000000        0xc ./source/uart.o
 .group         0x00000000        0xc ./source/uart.o
 .group         0x00000000        0xc ./source/uart.o
 .group         0x00000000        0xc ./source/uart.o
 .group         0x00000000        0xc ./source/uart.o
 .group         0x00000000        0xc ./source/uart.o
 .group         0x00000000        0xc ./source/uart.o
 .group         0x00000000        0xc ./source/uart.o
 .text          0x00000000        0x0 ./source/uart.o
 .data          0x00000000        0x0 ./source/uart.o
 .bss           0x00000000        0x0 ./source/uart.o
 .debug_macro   0x00000000      0xa5a ./source/uart.o
 .debug_macro   0x00000000       0x22 ./source/uart.o
 .debug_macro   0x00000000       0x5c ./source/uart.o
 .debug_macro   0x00000000      0x34e ./source/uart.o
 .debug_macro   0x00000000       0x1c ./source/uart.o
 .debug_macro   0x00000000       0x22 ./source/uart.o
 .debug_macro   0x00000000       0xdf ./source/uart.o
 .debug_macro   0x00000000      0xecf ./source/uart.o
 .debug_macro   0x00000000       0x48 ./source/uart.o
 .debug_macro   0x00000000     0xe07b ./source/uart.o
 .debug_macro   0x00000000       0x10 ./source/uart.o
 .debug_macro   0x00000000     0x122b ./source/uart.o
 .debug_macro   0x00000000       0x16 ./source/uart.o
 .debug_macro   0x00000000       0x40 ./source/uart.o
 .group         0x00000000        0xc ./SDK/startup/hardware.o
 .group         0x00000000        0xc ./SDK/startup/hardware.o
 .group         0x00000000        0xc ./SDK/startup/hardware.o
 .group         0x00000000        0xc ./SDK/startup/hardware.o
 .group         0x00000000        0xc ./SDK/startup/hardware.o
 .group         0x00000000        0xc ./SDK/startup/hardware.o
 .group         0x00000000        0xc ./SDK/startup/hardware.o
 .group         0x00000000        0xc ./SDK/startup/hardware.o
 .group         0x00000000        0xc ./SDK/startup/hardware.o
 .group         0x00000000        0xc ./SDK/startup/hardware.o
 .group         0x00000000        0xc ./SDK/startup/hardware.o
 .group         0x00000000        0xc ./SDK/startup/hardware.o
 .group         0x00000000        0xc ./SDK/startup/hardware.o
 .text          0x00000000        0x0 ./SDK/startup/hardware.o
 .data          0x00000000        0x0 ./SDK/startup/hardware.o
 .bss           0x00000000        0x0 ./SDK/startup/hardware.o
 .debug_macro   0x00000000      0xa5a ./SDK/startup/hardware.o
 .debug_macro   0x00000000      0x34e ./SDK/startup/hardware.o
 .debug_macro   0x00000000       0x22 ./SDK/startup/hardware.o
 .debug_macro   0x00000000       0x10 ./SDK/startup/hardware.o
 .debug_macro   0x00000000       0x5c ./SDK/startup/hardware.o
 .debug_macro   0x00000000       0x1c ./SDK/startup/hardware.o
 .debug_macro   0x00000000       0x22 ./SDK/startup/hardware.o
 .debug_macro   0x00000000       0xdf ./SDK/startup/hardware.o
 .debug_macro   0x00000000      0xecf ./SDK/startup/hardware.o
 .debug_macro   0x00000000       0x48 ./SDK/startup/hardware.o
 .debug_macro   0x00000000     0xe07b ./SDK/startup/hardware.o
 .debug_macro   0x00000000     0x122b ./SDK/startup/hardware.o
 .debug_macro   0x00000000       0x16 ./SDK/startup/hardware.o
 .group         0x00000000        0xc ./SDK/startup/main.o
 .group         0x00000000        0xc ./SDK/startup/main.o
 .group         0x00000000        0xc ./SDK/startup/main.o
 .group         0x00000000        0xc ./SDK/startup/main.o
 .group         0x00000000        0xc ./SDK/startup/main.o
 .group         0x00000000        0xc ./SDK/startup/main.o
 .group         0x00000000        0xc ./SDK/startup/main.o
 .group         0x00000000        0xc ./SDK/startup/main.o
 .group         0x00000000        0xc ./SDK/startup/main.o
 .group         0x00000000        0xc ./SDK/startup/main.o
 .group         0x00000000        0xc ./SDK/startup/main.o
 .group         0x00000000        0xc ./SDK/startup/main.o
 .group         0x00000000        0xc ./SDK/startup/main.o
 .text          0x00000000        0x0 ./SDK/startup/main.o
 .data          0x00000000        0x0 ./SDK/startup/main.o
 .bss           0x00000000        0x0 ./SDK/startup/main.o
 .debug_macro   0x00000000      0xa5a ./SDK/startup/main.o
 .debug_macro   0x00000000      0x34e ./SDK/startup/main.o
 .debug_macro   0x00000000       0x22 ./SDK/startup/main.o
 .debug_macro   0x00000000       0x10 ./SDK/startup/main.o
 .debug_macro   0x00000000       0x5c ./SDK/startup/main.o
 .debug_macro   0x00000000       0x1c ./SDK/startup/main.o
 .debug_macro   0x00000000       0x22 ./SDK/startup/main.o
 .debug_macro   0x00000000       0xdf ./SDK/startup/main.o
 .debug_macro   0x00000000      0xecf ./SDK/startup/main.o
 .debug_macro   0x00000000       0x48 ./SDK/startup/main.o
 .debug_macro   0x00000000     0xe07b ./SDK/startup/main.o
 .debug_macro   0x00000000     0x122b ./SDK/startup/main.o
 .debug_macro   0x00000000       0x16 ./SDK/startup/main.o
 .group         0x00000000        0xc ./SDK/startup/semihost_hardfault.o
 .text          0x00000000        0x0 ./SDK/startup/semihost_hardfault.o
 .data          0x00000000        0x0 ./SDK/startup/semihost_hardfault.o
 .bss           0x00000000        0x0 ./SDK/startup/semihost_hardfault.o
 .debug_macro   0x00000000      0xa5a ./SDK/startup/semihost_hardfault.o
 .group         0x00000000        0xc ./SDK/startup/startup_mk64f12.o
 .text          0x00000000        0x0 ./SDK/startup/startup_mk64f12.o
 .data          0x00000000        0x0 ./SDK/startup/startup_mk64f12.o
 .bss           0x00000000        0x0 ./SDK/startup/startup_mk64f12.o
 .text.PORTA_IRQHandler
                0x00000000        0x8 ./SDK/startup/startup_mk64f12.o
 .text.PORTB_IRQHandler
                0x00000000        0x8 ./SDK/startup/startup_mk64f12.o
 .text.PORTC_IRQHandler
                0x00000000        0x8 ./SDK/startup/startup_mk64f12.o
 .text.PORTD_IRQHandler
                0x00000000        0x8 ./SDK/startup/startup_mk64f12.o
 .text.PORTE_IRQHandler
                0x00000000        0x8 ./SDK/startup/startup_mk64f12.o
 .debug_macro   0x00000000      0xa5a ./SDK/startup/startup_mk64f12.o
 .group         0x00000000        0xc ./SDK/CMSIS/system_MK64F12.o
 .group         0x00000000        0xc ./SDK/CMSIS/system_MK64F12.o
 .group         0x00000000        0xc ./SDK/CMSIS/system_MK64F12.o
 .group         0x00000000        0xc ./SDK/CMSIS/system_MK64F12.o
 .group         0x00000000        0xc ./SDK/CMSIS/system_MK64F12.o
 .group         0x00000000        0xc ./SDK/CMSIS/system_MK64F12.o
 .group         0x00000000        0xc ./SDK/CMSIS/system_MK64F12.o
 .group         0x00000000        0xc ./SDK/CMSIS/system_MK64F12.o
 .group         0x00000000        0xc ./SDK/CMSIS/system_MK64F12.o
 .group         0x00000000        0xc ./SDK/CMSIS/system_MK64F12.o
 .group         0x00000000        0xc ./SDK/CMSIS/system_MK64F12.o
 .text          0x00000000        0x0 ./SDK/CMSIS/system_MK64F12.o
 .data          0x00000000        0x0 ./SDK/CMSIS/system_MK64F12.o
 .bss           0x00000000        0x0 ./SDK/CMSIS/system_MK64F12.o
 .data.SystemCoreClock
                0x00000000        0x4 ./SDK/CMSIS/system_MK64F12.o
 .text.SystemCoreClockUpdate
                0x00000000      0x278 ./SDK/CMSIS/system_MK64F12.o
 .debug_macro   0x00000000      0xa5a ./SDK/CMSIS/system_MK64F12.o
 .debug_macro   0x00000000      0x34e ./SDK/CMSIS/system_MK64F12.o
 .debug_macro   0x00000000       0x10 ./SDK/CMSIS/system_MK64F12.o
 .debug_macro   0x00000000       0x5c ./SDK/CMSIS/system_MK64F12.o
 .debug_macro   0x00000000       0x1c ./SDK/CMSIS/system_MK64F12.o
 .debug_macro   0x00000000       0x22 ./SDK/CMSIS/system_MK64F12.o
 .debug_macro   0x00000000       0xdf ./SDK/CMSIS/system_MK64F12.o
 .debug_macro   0x00000000      0xecf ./SDK/CMSIS/system_MK64F12.o
 .debug_macro   0x00000000       0x48 ./SDK/CMSIS/system_MK64F12.o
 .debug_macro   0x00000000     0xe07b ./SDK/CMSIS/system_MK64F12.o
 .debug_macro   0x00000000     0x122b ./SDK/CMSIS/system_MK64F12.o
 .text          0x00000000        0x0 c:/nxp/mcuxpressoide_10.2.0_759/ide/tools/bin/../lib/gcc/arm-none-eabi/7.2.1/../../../../arm-none-eabi/lib/thumb/v7e-m/fpv4-sp/hard\libcr_c.a(strlen.o)
 .data          0x00000000        0x0 c:/nxp/mcuxpressoide_10.2.0_759/ide/tools/bin/../lib/gcc/arm-none-eabi/7.2.1/../../../../arm-none-eabi/lib/thumb/v7e-m/fpv4-sp/hard\libcr_c.a(strlen.o)
 .bss           0x00000000        0x0 c:/nxp/mcuxpressoide_10.2.0_759/ide/tools/bin/../lib/gcc/arm-none-eabi/7.2.1/../../../../arm-none-eabi/lib/thumb/v7e-m/fpv4-sp/hard\libcr_c.a(strlen.o)

Memory Configuration

Name             Origin             Length             Attributes
PROGRAM_FLASH    0x00000000         0x00100000         xr
SRAM_UPPER       0x20000000         0x00030000         xrw
SRAM_LOWER       0x1fff0000         0x00010000         xrw
FLEX_RAM         0x14000000         0x00001000         xrw
*default*        0x00000000         0xffffffff

Linker script and memory map

LOAD ./source/App.o
LOAD ./source/SysTick.o
LOAD ./source/gpio.o
LOAD ./source/timer.o
LOAD ./source/uart.o
LOAD ./SDK/startup/hardware.o
LOAD ./SDK/startup/main.o
LOAD ./SDK/startup/semihost_hardfault.o
LOAD ./SDK/startup/startup_mk64f12.o
LOAD ./SDK/CMSIS/system_MK64F12.o
START GROUP
LOAD c:/nxp/mcuxpressoide_10.2.0_759/ide/tools/bin/../lib/gcc/arm-none-eabi/7.2.1/../../../../arm-none-eabi/lib/thumb/v7e-m/fpv4-sp/hard\libcr_c.a
LOAD c:/nxp/mcuxpressoide_10.2.0_759/ide/tools/bin/../lib/gcc/arm-none-eabi/7.2.1/thumb/v7e-m/fpv4-sp/hard\libcr_eabihelpers.a
END GROUP
                0x00000000                __base_PROGRAM_FLASH = 0x0
                0x00000000                __base_Flash = 0x0
                0x00100000                __top_PROGRAM_FLASH = 0x100000
                0x00100000                __top_Flash = 0x100000
                0x20000000                __base_SRAM_UPPER = 0x20000000
                0x20000000                __base_RAM = 0x20000000
                0x20030000                __top_SRAM_UPPER = 0x20030000
                0x20030000                __top_RAM = 0x20030000
                0x1fff0000                __base_SRAM_LOWER = 0x1fff0000
                0x1fff0000                __base_RAM2 = 0x1fff0000
                0x20000000                __top_SRAM_LOWER = 0x20000000
                0x20000000                __top_RAM2 = 0x20000000
                0x14000000                __base_FLEX_RAM = 0x14000000
                0x14000000                __base_RAM3 = 0x14000000
                0x14001000                __top_FLEX_RAM = 0x14001000
                0x14001000                __top_RAM3 = 0x14001000

.text           0x00000000      0xe18
 FILL mask 0xff
                0x00000000                __vectors_start__ = ABSOLUTE (.)
 *(SORT_BY_ALIGNMENT(.isr_vector))
 .isr_vector    0x00000000      0x198 ./SDK/startup/startup_mk64f12.o
                0x00000000                g_pfnVectors
                0x00000000                __Vectors
                0x00000198                . = ALIGN (0x4)
                0x00000198                __section_table_start = .
                0x00000198                __data_section_table = .
                0x00000198        0x4 LONG 0xe18 LOADADDR (.data)
                0x0000019c        0x4 LONG 0x20000000 ADDR (.data)
                0x000001a0        0x4 LONG 0x0 SIZEOF (.data)
                0x000001a4        0x4 LONG 0xe18 LOADADDR (.data_RAM2)
                0x000001a8        0x4 LONG 0x1fff0000 ADDR (.data_RAM2)
                0x000001ac        0x4 LONG 0x0 SIZEOF (.data_RAM2)
                0x000001b0        0x4 LONG 0xe18 LOADADDR (.data_RAM3)
                0x000001b4        0x4 LONG 0x14000000 ADDR (.data_RAM3)
                0x000001b8        0x4 LONG 0x0 SIZEOF (.data_RAM3)
                0x000001bc                __data_section_table_end = .
                0x000001bc                __bss_section_table = .
                0x000001bc        0x4 LONG 0x20000000 ADDR (.bss)
                0x000001c0        0x4 LONG 0x290 SIZEOF (.bss)
                0x000001c4        0x4 LONG 0x1fff0000 ADDR (.bss_RAM2)
                0x000001c8        0x4 LONG 0x0 SIZEOF (.bss_RAM2)
                0x000001cc        0x4 LONG 0x14000000 ADDR (.bss_RAM3)
                0x000001d0        0x4 LONG 0x0 SIZEOF (.bss_RAM3)
                0x000001d4                __bss_section_table_end = .
                0x000001d4                __section_table_end = .
 *(SORT_BY_ALIGNMENT(.after_vectors*))
 .after_vectors.reset
                0x000001d4       0x4c ./SDK/startup/startup_mk64f12.o
                0x000001d4                ResetISR
 .after_vectors.init_data
                0x00000220       0x1e ./SDK/startup/startup_mk64f12.o
                0x00000220                data_init
 .after_vectors.init_bss
                0x0000023e       0x12 ./SDK/startup/startup_mk64f12.o
                0x0000023e                bss_init
 .after_vectors
                0x00000250       0x14 ./SDK/startup/startup_mk64f12.o
                0x00000250                NMI_Handler
                0x00000254                MemManage_Handler
                0x00000256                BusFault_Handler
                0x00000258                UsageFault_Handler
                0x0000025a                SVC_Handler
                0x0000025c                DebugMon_Handler
                0x0000025e                PendSV_Handler
                0x00000262                DMA_Error_DriverIRQHandler
                0x00000262                LPTMR0_DriverIRQHandler
                0x00000262                FTM1_DriverIRQHandler
                0x00000262                FTM2_DriverIRQHandler
                0x00000262                PIT2_DriverIRQHandler
                0x00000262                SDHC_DriverIRQHandler
                0x00000262                I2S0_Tx_DriverIRQHandler
                0x00000262                RTC_Seconds_DriverIRQHandler
                0x00000262                DMA6_DriverIRQHandler
                0x00000262                LLWU_DriverIRQHandler
                0x00000262                MCM_DriverIRQHandler
                0x00000262                MCG_DriverIRQHandler
                0x00000262                ENET_1588_Timer_DriverIRQHandler
                0x00000262                I2C2_DriverIRQHandler
                0x00000262                DAC1_DriverIRQHandler
                0x00000262                SPI1_DriverIRQHandler
                0x00000262                CMP1_DriverIRQHandler
                0x00000262                UART5_RX_TX_DriverIRQHandler
                0x00000262                FTM0_DriverIRQHandler
                0x00000262                IntDefaultHandler
                0x00000262                USB0_DriverIRQHandler
                0x00000262                UART5_ERR_DriverIRQHandler
                0x00000262                PORTC_DriverIRQHandler
                0x00000262                DMA11_DriverIRQHandler
                0x00000262                DAC0_DriverIRQHandler
                0x00000262                DMA10_DriverIRQHandler
                0x00000262                CMP2_DriverIRQHandler
                0x00000262                UART2_ERR_DriverIRQHandler
                0x00000262                SPI2_DriverIRQHandler
                0x00000262                LVD_LVW_DriverIRQHandler
                0x00000262                PIT0_DriverIRQHandler
                0x00000262                RNG_DriverIRQHandler
                0x00000262                DMA5_DriverIRQHandler
                0x00000262                DMA12_DriverIRQHandler
                0x00000262                UART2_RX_TX_DriverIRQHandler
                0x00000262                USBDCD_DriverIRQHandler
                0x00000262                UART3_ERR_DriverIRQHandler
                0x00000262                DMA3_DriverIRQHandler
                0x00000262                DMA8_DriverIRQHandler
                0x00000262                DMA9_DriverIRQHandler
                0x00000262                UART0_ERR_DriverIRQHandler
                0x00000262                CMT_DriverIRQHandler
                0x00000262                Reserved71_DriverIRQHandler
                0x00000262                ADC1_DriverIRQHandler
                0x00000262                PORTA_DriverIRQHandler
                0x00000262                DMA14_DriverIRQHandler
                0x00000262                PIT3_DriverIRQHandler
                0x00000262                PIT1_DriverIRQHandler
                0x00000262                WDOG_EWM_DriverIRQHandler
                0x00000262                PDB0_DriverIRQHandler
                0x00000262                RTC_DriverIRQHandler
                0x00000262                I2S0_Rx_DriverIRQHandler
                0x00000262                Read_Collision_DriverIRQHandler
                0x00000262                SWI_DriverIRQHandler
                0x00000262                UART4_RX_TX_DriverIRQHandler
                0x00000262                UART4_ERR_DriverIRQHandler
                0x00000262                PORTB_DriverIRQHandler
                0x00000262                UART0_LON_DriverIRQHandler
                0x00000262                DMA0_DriverIRQHandler
                0x00000262                DMA1_DriverIRQHandler
                0x00000262                I2C1_DriverIRQHandler
                0x00000262                UART3_RX_TX_DriverIRQHandler
                0x00000262                ENET_Receive_DriverIRQHandler
                0x00000262                DMA13_DriverIRQHandler
                0x00000262                ENET_Error_DriverIRQHandler
                0x00000262                DMA15_DriverIRQHandler
                0x00000262                UART0_RX_TX_DriverIRQHandler
                0x00000262                SPI0_DriverIRQHandler
                0x00000262                ADC0_DriverIRQHandler
                0x00000262                CMP0_DriverIRQHandler
                0x00000262                CAN0_DriverIRQHandler
                0x00000262                FTM3_DriverIRQHandler
                0x00000262                DMA4_DriverIRQHandler
                0x00000262                UART1_ERR_DriverIRQHandler
                0x00000262                DMA2_DriverIRQHandler
                0x00000262                ENET_Transmit_DriverIRQHandler
                0x00000262                PORTD_DriverIRQHandler
                0x00000262                PORTE_DriverIRQHandler
                0x00000262                FTFE_DriverIRQHandler
                0x00000262                I2C0_DriverIRQHandler
                0x00000262                DMA7_DriverIRQHandler
                0x00000262                UART1_RX_TX_DriverIRQHandler
                0x00000400                . = 0x400
 *fill*         0x00000264      0x19c ff
                0x00000400                PROVIDE (__FLASH_CONFIG_START__, .)
 *(SORT_BY_ALIGNMENT(.FlashConfig))
 .FlashConfig   0x00000400       0x10 ./SDK/startup/startup_mk64f12.o
                0x00000400                Flash_Config
                0x00000410                PROVIDE (__FLASH_CONFIG_END__, .)
                0x00000001                ASSERT (! ((__FLASH_CONFIG_START__ == __FLASH_CONFIG_END__)), Linker Flash Config Support Enabled, but no .FlashConfig section provided within application)
 *(SORT_BY_ALIGNMENT(.text*))
 .text.App_Run  0x00000410       0x7c ./source/App.o
                0x00000410                App_Run
 .text.SysTick_Handler
                0x0000048c       0x34 ./source/SysTick.o
                0x0000048c                SysTick_Handler
 .text.gpioMode
                0x000004c0      0x12c ./source/gpio.o
                0x000004c0                gpioMode
 .text.gpioWrite
                0x000005ec       0x54 ./source/gpio.o
                0x000005ec                gpioWrite
 .text.gpioToggle
                0x00000640       0x40 ./source/gpio.o
                0x00000640                gpioToggle
 .text.IRQHandler
                0x00000680       0x74 ./source/gpio.o
 .text.uartInit
                0x000006f4       0x84 ./source/uart.o
                0x000006f4                uartInit
 .text.UART_Send_Data
                0x00000778       0x30 ./source/uart.o
                0x00000778                UART_Send_Data
 .text.UART_SetBaudRate
                0x000007a8       0x98 ./source/uart.o
                0x000007a8                UART_SetBaudRate
 .text.hw_Init  0x00000840      0x10c ./SDK/startup/hardware.o
                0x00000840                hw_Init
 .text.hw_EnableInterrupts
                0x0000094c       0x30 ./SDK/startup/hardware.o
                0x0000094c                hw_EnableInterrupts
 .text.hw_DisableInterrupts
                0x0000097c       0x20 ./SDK/startup/hardware.o
                0x0000097c                hw_DisableInterrupts
 .text.SystemInit
                0x0000099c       0x3c ./SDK/CMSIS/system_MK64F12.o
                0x0000099c                SystemInit
 .text.App_Init
                0x000009d8       0x2c ./source/App.o
                0x000009d8                App_Init
 .text.PORTA_IRQHandler
                0x00000a04       0x1e ./source/gpio.o
                0x00000a04                PORTA_IRQHandler
 .text.PORTB_IRQHandler
                0x00000a22       0x1e ./source/gpio.o
                0x00000a22                PORTB_IRQHandler
 .text.PORTC_IRQHandler
                0x00000a40       0x1e ./source/gpio.o
                0x00000a40                PORTC_IRQHandler
 .text.PORTD_IRQHandler
                0x00000a5e       0x1e ./source/gpio.o
                0x00000a5e                PORTD_IRQHandler
 .text.PORTE_IRQHandler
                0x00000a7c       0x1e ./source/gpio.o
                0x00000a7c                PORTE_IRQHandler
 .text.main     0x00000a9a       0x1a ./SDK/startup/main.o
                0x00000a9a                main
 .text.HardFault_Handler
                0x00000ab4       0x2c ./SDK/startup/semihost_hardfault.o
                0x00000ab4                HardFault_Handler
 .text.DMA0_IRQHandler
                0x00000ae0        0x8 ./SDK/startup/startup_mk64f12.o
                0x00000ae0                DMA0_IRQHandler
 .text.DMA1_IRQHandler
                0x00000ae8        0x8 ./SDK/startup/startup_mk64f12.o
                0x00000ae8                DMA1_IRQHandler
 .text.DMA2_IRQHandler
                0x00000af0        0x8 ./SDK/startup/startup_mk64f12.o
                0x00000af0                DMA2_IRQHandler
 .text.DMA3_IRQHandler
                0x00000af8        0x8 ./SDK/startup/startup_mk64f12.o
                0x00000af8                DMA3_IRQHandler
 .text.DMA4_IRQHandler
                0x00000b00        0x8 ./SDK/startup/startup_mk64f12.o
                0x00000b00                DMA4_IRQHandler
 .text.DMA5_IRQHandler
                0x00000b08        0x8 ./SDK/startup/startup_mk64f12.o
                0x00000b08                DMA5_IRQHandler
 .text.DMA6_IRQHandler
                0x00000b10        0x8 ./SDK/startup/startup_mk64f12.o
                0x00000b10                DMA6_IRQHandler
 .text.DMA7_IRQHandler
                0x00000b18        0x8 ./SDK/startup/startup_mk64f12.o
                0x00000b18                DMA7_IRQHandler
 .text.DMA8_IRQHandler
                0x00000b20        0x8 ./SDK/startup/startup_mk64f12.o
                0x00000b20                DMA8_IRQHandler
 .text.DMA9_IRQHandler
                0x00000b28        0x8 ./SDK/startup/startup_mk64f12.o
                0x00000b28                DMA9_IRQHandler
 .text.DMA10_IRQHandler
                0x00000b30        0x8 ./SDK/startup/startup_mk64f12.o
                0x00000b30                DMA10_IRQHandler
 .text.DMA11_IRQHandler
                0x00000b38        0x8 ./SDK/startup/startup_mk64f12.o
                0x00000b38                DMA11_IRQHandler
 .text.DMA12_IRQHandler
                0x00000b40        0x8 ./SDK/startup/startup_mk64f12.o
                0x00000b40                DMA12_IRQHandler
 .text.DMA13_IRQHandler
                0x00000b48        0x8 ./SDK/startup/startup_mk64f12.o
                0x00000b48                DMA13_IRQHandler
 .text.DMA14_IRQHandler
                0x00000b50        0x8 ./SDK/startup/startup_mk64f12.o
                0x00000b50                DMA14_IRQHandler
 .text.DMA15_IRQHandler
                0x00000b58        0x8 ./SDK/startup/startup_mk64f12.o
                0x00000b58                DMA15_IRQHandler
 .text.DMA_Error_IRQHandler
                0x00000b60        0x8 ./SDK/startup/startup_mk64f12.o
                0x00000b60                DMA_Error_IRQHandler
 .text.MCM_IRQHandler
                0x00000b68        0x8 ./SDK/startup/startup_mk64f12.o
                0x00000b68                MCM_IRQHandler
 .text.FTFE_IRQHandler
                0x00000b70        0x8 ./SDK/startup/startup_mk64f12.o
                0x00000b70                FTFE_IRQHandler
 .text.Read_Collision_IRQHandler
                0x00000b78        0x8 ./SDK/startup/startup_mk64f12.o
                0x00000b78                Read_Collision_IRQHandler
 .text.LVD_LVW_IRQHandler
                0x00000b80        0x8 ./SDK/startup/startup_mk64f12.o
                0x00000b80                LVD_LVW_IRQHandler
 .text.LLWU_IRQHandler
                0x00000b88        0x8 ./SDK/startup/startup_mk64f12.o
                0x00000b88                LLWU_IRQHandler
 .text.WDOG_EWM_IRQHandler
                0x00000b90        0x8 ./SDK/startup/startup_mk64f12.o
                0x00000b90                WDOG_EWM_IRQHandler
 .text.RNG_IRQHandler
                0x00000b98        0x8 ./SDK/startup/startup_mk64f12.o
                0x00000b98                RNG_IRQHandler
 .text.I2C0_IRQHandler
                0x00000ba0        0x8 ./SDK/startup/startup_mk64f12.o
                0x00000ba0                I2C0_IRQHandler
 .text.I2C1_IRQHandler
                0x00000ba8        0x8 ./SDK/startup/startup_mk64f12.o
                0x00000ba8                I2C1_IRQHandler
 .text.SPI0_IRQHandler
                0x00000bb0        0x8 ./SDK/startup/startup_mk64f12.o
                0x00000bb0                SPI0_IRQHandler
 .text.SPI1_IRQHandler
                0x00000bb8        0x8 ./SDK/startup/startup_mk64f12.o
                0x00000bb8                SPI1_IRQHandler
 .text.I2S0_Tx_IRQHandler
                0x00000bc0        0x8 ./SDK/startup/startup_mk64f12.o
                0x00000bc0                I2S0_Tx_IRQHandler
 .text.I2S0_Rx_IRQHandler
                0x00000bc8        0x8 ./SDK/startup/startup_mk64f12.o
                0x00000bc8                I2S0_Rx_IRQHandler
 .text.UART0_LON_IRQHandler
                0x00000bd0        0x8 ./SDK/startup/startup_mk64f12.o
                0x00000bd0                UART0_LON_IRQHandler
 .text.UART0_RX_TX_IRQHandler
                0x00000bd8        0x8 ./SDK/startup/startup_mk64f12.o
                0x00000bd8                UART0_RX_TX_IRQHandler
 .text.UART0_ERR_IRQHandler
                0x00000be0        0x8 ./SDK/startup/startup_mk64f12.o
                0x00000be0                UART0_ERR_IRQHandler
 .text.UART1_RX_TX_IRQHandler
                0x00000be8        0x8 ./SDK/startup/startup_mk64f12.o
                0x00000be8                UART1_RX_TX_IRQHandler
 .text.UART1_ERR_IRQHandler
                0x00000bf0        0x8 ./SDK/startup/startup_mk64f12.o
                0x00000bf0                UART1_ERR_IRQHandler
 .text.UART2_RX_TX_IRQHandler
                0x00000bf8        0x8 ./SDK/startup/startup_mk64f12.o
                0x00000bf8                UART2_RX_TX_IRQHandler
 .text.UART2_ERR_IRQHandler
                0x00000c00        0x8 ./SDK/startup/startup_mk64f12.o
                0x00000c00                UART2_ERR_IRQHandler
 .text.UART3_RX_TX_IRQHandler
                0x00000c08        0x8 ./SDK/startup/startup_mk64f12.o
                0x00000c08                UART3_RX_TX_IRQHandler
 .text.UART3_ERR_IRQHandler
                0x00000c10        0x8 ./SDK/startup/startup_mk64f12.o
                0x00000c10                UART3_ERR_IRQHandler
 .text.ADC0_IRQHandler
                0x00000c18        0x8 ./SDK/startup/startup_mk64f12.o
                0x00000c18                ADC0_IRQHandler
 .text.CMP0_IRQHandler
                0x00000c20        0x8 ./SDK/startup/startup_mk64f12.o
                0x00000c20                CMP0_IRQHandler
 .text.CMP1_IRQHandler
                0x00000c28        0x8 ./SDK/startup/startup_mk64f12.o
                0x00000c28                CMP1_IRQHandler
 .text.FTM0_IRQHandler
                0x00000c30        0x8 ./SDK/startup/startup_mk64f12.o
                0x00000c30                FTM0_IRQHandler
 .text.FTM1_IRQHandler
                0x00000c38        0x8 ./SDK/startup/startup_mk64f12.o
                0x00000c38                FTM1_IRQHandler
 .text.FTM2_IRQHandler
                0x00000c40        0x8 ./SDK/startup/startup_mk64f12.o
                0x00000c40                FTM2_IRQHandler
 .text.CMT_IRQHandler
                0x00000c48        0x8 ./SDK/startup/startup_mk64f12.o
                0x00000c48                CMT_IRQHandler
 .text.RTC_IRQHandler
                0x00000c50        0x8 ./SDK/startup/startup_mk64f12.o
                0x00000c50                RTC_IRQHandler
 .text.RTC_Seconds_IRQHandler
                0x00000c58        0x8 ./SDK/startup/startup_mk64f12.o
                0x00000c58                RTC_Seconds_IRQHandler
 .text.PIT0_IRQHandler
                0x00000c60        0x8 ./SDK/startup/startup_mk64f12.o
                0x00000c60                PIT0_IRQHandler
 .text.PIT1_IRQHandler
                0x00000c68        0x8 ./SDK/startup/startup_mk64f12.o
                0x00000c68                PIT1_IRQHandler
 .text.PIT2_IRQHandler
                0x00000c70        0x8 ./SDK/startup/startup_mk64f12.o
                0x00000c70                PIT2_IRQHandler
 .text.PIT3_IRQHandler
                0x00000c78        0x8 ./SDK/startup/startup_mk64f12.o
                0x00000c78                PIT3_IRQHandler
 .text.PDB0_IRQHandler
                0x00000c80        0x8 ./SDK/startup/startup_mk64f12.o
                0x00000c80                PDB0_IRQHandler
 .text.USB0_IRQHandler
                0x00000c88        0x8 ./SDK/startup/startup_mk64f12.o
                0x00000c88                USB0_IRQHandler
 .text.USBDCD_IRQHandler
                0x00000c90        0x8 ./SDK/startup/startup_mk64f12.o
                0x00000c90                USBDCD_IRQHandler
 .text.Reserved71_IRQHandler
                0x00000c98        0x8 ./SDK/startup/startup_mk64f12.o
                0x00000c98                Reserved71_IRQHandler
 .text.DAC0_IRQHandler
                0x00000ca0        0x8 ./SDK/startup/startup_mk64f12.o
                0x00000ca0                DAC0_IRQHandler
 .text.MCG_IRQHandler
                0x00000ca8        0x8 ./SDK/startup/startup_mk64f12.o
                0x00000ca8                MCG_IRQHandler
 .text.LPTMR0_IRQHandler
                0x00000cb0        0x8 ./SDK/startup/startup_mk64f12.o
                0x00000cb0                LPTMR0_IRQHandler
 .text.SWI_IRQHandler
                0x00000cb8        0x8 ./SDK/startup/startup_mk64f12.o
                0x00000cb8                SWI_IRQHandler
 .text.SPI2_IRQHandler
                0x00000cc0        0x8 ./SDK/startup/startup_mk64f12.o
                0x00000cc0                SPI2_IRQHandler
 .text.UART4_RX_TX_IRQHandler
                0x00000cc8        0x8 ./SDK/startup/startup_mk64f12.o
                0x00000cc8                UART4_RX_TX_IRQHandler
 .text.UART4_ERR_IRQHandler
                0x00000cd0        0x8 ./SDK/startup/startup_mk64f12.o
                0x00000cd0                UART4_ERR_IRQHandler
 .text.UART5_RX_TX_IRQHandler
                0x00000cd8        0x8 ./SDK/startup/startup_mk64f12.o
                0x00000cd8                UART5_RX_TX_IRQHandler
 .text.UART5_ERR_IRQHandler
                0x00000ce0        0x8 ./SDK/startup/startup_mk64f12.o
                0x00000ce0                UART5_ERR_IRQHandler
 .text.CMP2_IRQHandler
                0x00000ce8        0x8 ./SDK/startup/startup_mk64f12.o
                0x00000ce8                CMP2_IRQHandler
 .text.FTM3_IRQHandler
                0x00000cf0        0x8 ./SDK/startup/startup_mk64f12.o
                0x00000cf0                FTM3_IRQHandler
 .text.DAC1_IRQHandler
                0x00000cf8        0x8 ./SDK/startup/startup_mk64f12.o
                0x00000cf8                DAC1_IRQHandler
 .text.ADC1_IRQHandler
                0x00000d00        0x8 ./SDK/startup/startup_mk64f12.o
                0x00000d00                ADC1_IRQHandler
 .text.I2C2_IRQHandler
                0x00000d08        0x8 ./SDK/startup/startup_mk64f12.o
                0x00000d08                I2C2_IRQHandler
 .text.CAN0_ORed_Message_buffer_IRQHandler
                0x00000d10        0x8 ./SDK/startup/startup_mk64f12.o
                0x00000d10                CAN0_ORed_Message_buffer_IRQHandler
 .text.CAN0_Bus_Off_IRQHandler
                0x00000d18        0x8 ./SDK/startup/startup_mk64f12.o
                0x00000d18                CAN0_Bus_Off_IRQHandler
 .text.CAN0_Error_IRQHandler
                0x00000d20        0x8 ./SDK/startup/startup_mk64f12.o
                0x00000d20                CAN0_Error_IRQHandler
 .text.CAN0_Tx_Warning_IRQHandler
                0x00000d28        0x8 ./SDK/startup/startup_mk64f12.o
                0x00000d28                CAN0_Tx_Warning_IRQHandler
 .text.CAN0_Rx_Warning_IRQHandler
                0x00000d30        0x8 ./SDK/startup/startup_mk64f12.o
                0x00000d30                CAN0_Rx_Warning_IRQHandler
 .text.CAN0_Wake_Up_IRQHandler
                0x00000d38        0x8 ./SDK/startup/startup_mk64f12.o
                0x00000d38                CAN0_Wake_Up_IRQHandler
 .text.SDHC_IRQHandler
                0x00000d40        0x8 ./SDK/startup/startup_mk64f12.o
                0x00000d40                SDHC_IRQHandler
 .text.ENET_1588_Timer_IRQHandler
                0x00000d48        0x8 ./SDK/startup/startup_mk64f12.o
                0x00000d48                ENET_1588_Timer_IRQHandler
 .text.ENET_Transmit_IRQHandler
                0x00000d50        0x8 ./SDK/startup/startup_mk64f12.o
                0x00000d50                ENET_Transmit_IRQHandler
 .text.ENET_Receive_IRQHandler
                0x00000d58        0x8 ./SDK/startup/startup_mk64f12.o
                0x00000d58                ENET_Receive_IRQHandler
 .text.ENET_Error_IRQHandler
                0x00000d60        0x8 ./SDK/startup/startup_mk64f12.o
                0x00000d60                ENET_Error_IRQHandler
 .text.SystemInitHook
                0x00000d68        0xe ./SDK/CMSIS/system_MK64F12.o
                0x00000d68                SystemInitHook
 .text.strlen   0x00000d76       0x4a c:/nxp/mcuxpressoide_10.2.0_759/ide/tools/bin/../lib/gcc/arm-none-eabi/7.2.1/../../../../arm-none-eabi/lib/thumb/v7e-m/fpv4-sp/hard\libcr_c.a(strlen.o)
                0x00000d76                strlen
 *(SORT_BY_ALIGNMENT(.rodata) SORT_BY_ALIGNMENT(.rodata.*) SORT_BY_ALIGNMENT(.constdata) SORT_BY_ALIGNMENT(.constdata.*))
 .rodata.message
                0x00000dc0       0x2c ./source/App.o
 .rodata.PORT_PTRS
                0x00000dec       0x14 ./source/gpio.o
 .rodata.GPIO_PTRS
                0x00000e00       0x14 ./source/gpio.o
                0x00000e18                . = ALIGN (0x8)
 *fill*         0x00000e14        0x4 ff

.glue_7         0x00000e18        0x0
 .glue_7        0x00000e18        0x0 linker stubs

.glue_7t        0x00000e18        0x0
 .glue_7t       0x00000e18        0x0 linker stubs

.vfp11_veneer   0x00000e18        0x0
 .vfp11_veneer  0x00000e18        0x0 linker stubs

.v4_bx          0x00000e18        0x0
 .v4_bx         0x00000e18        0x0 linker stubs

.iplt           0x00000e18        0x0
 .iplt          0x00000e18        0x0 ./source/App.o

.rel.dyn        0x00000e18        0x0
 .rel.iplt      0x00000e18        0x0 ./source/App.o

.ARM.extab
 *(SORT_BY_ALIGNMENT(.ARM.extab*) SORT_BY_ALIGNMENT(.gnu.linkonce.armextab.*))
                0x00000e18                __exidx_start = .

.ARM.exidx
 *(SORT_BY_ALIGNMENT(.ARM.exidx*) SORT_BY_ALIGNMENT(.gnu.linkonce.armexidx.*))
                0x00000e18                __exidx_end = .
                0x00000e18                _etext = .

.m_usb_data
 *(SORT_BY_ALIGNMENT(m_usb_bdt))

.data_RAM2      0x1fff0000        0x0 load address 0x00000e18
 FILL mask 0xff
                [!provide]                PROVIDE (__start_data_RAM2, .)
 *(SORT_BY_ALIGNMENT(.ramfunc.$RAM2))
 *(SORT_BY_ALIGNMENT(.ramfunc.$SRAM_LOWER))
 *(SORT_BY_ALIGNMENT(.data.$RAM2*))
 *(SORT_BY_ALIGNMENT(.data.$SRAM_LOWER*))
                0x1fff0000                . = ALIGN (0x8)
                [!provide]                PROVIDE (__end_data_RAM2, .)

.data_RAM3      0x14000000        0x0 load address 0x00000e18
 FILL mask 0xff
                [!provide]                PROVIDE (__start_data_RAM3, .)
 *(SORT_BY_ALIGNMENT(.ramfunc.$RAM3))
 *(SORT_BY_ALIGNMENT(.ramfunc.$FLEX_RAM))
 *(SORT_BY_ALIGNMENT(.data.$RAM3*))
 *(SORT_BY_ALIGNMENT(.data.$FLEX_RAM*))
                0x14000000                . = ALIGN (0x8)
                [!provide]                PROVIDE (__end_data_RAM3, .)

.uninit_RESERVED
                0x20000000        0x0
 *(SORT_BY_ALIGNMENT(.bss.$RESERVED*))
                0x20000000                . = ALIGN (0x4)
                0x20000000                _end_uninit_RESERVED = .

.data           0x20000000        0x0 load address 0x00000e18
 FILL mask 0xff
                0x20000000                _data = .
 *(SORT_BY_ALIGNMENT(vtable))
 *(SORT_BY_ALIGNMENT(.ramfunc*))
 *(SORT_BY_ALIGNMENT(.data*))
                0x20000000                . = ALIGN (0x8)
                0x20000000                _edata = .

.igot.plt       0x20000000        0x0 load address 0x00000e18
 .igot.plt      0x20000000        0x0 ./source/App.o

.bss_RAM2       0x1fff0000        0x0
                [!provide]                PROVIDE (__start_bss_RAM2, .)
 *(SORT_BY_ALIGNMENT(.bss.$RAM2*))
 *(SORT_BY_ALIGNMENT(.bss.$SRAM_LOWER*))
                0x1fff0000                . = ALIGN ((. != 0x0)?0x8:0x1)
                [!provide]                PROVIDE (__end_bss_RAM2, .)

.bss_RAM3       0x14000000        0x0
                [!provide]                PROVIDE (__start_bss_RAM3, .)
 *(SORT_BY_ALIGNMENT(.bss.$RAM3*))
 *(SORT_BY_ALIGNMENT(.bss.$FLEX_RAM*))
                0x14000000                . = ALIGN ((. != 0x0)?0x8:0x1)
                [!provide]                PROVIDE (__end_bss_RAM3, .)

.bss            0x20000000      0x290
                0x20000000                _bss = .
 *(SORT_BY_ALIGNMENT(.bss*))
 .bss.x         0x20000000        0x4 ./source/App.o
 .bss.callback_ptr
                0x20000004        0x4 ./source/SysTick.o
                0x20000004                callback_ptr
 .bss.CALLBACKS
                0x20000008      0x280 ./source/gpio.o
 .bss.__LDM_interruptDisableCount
                0x20000288        0x4 ./SDK/startup/hardware.o
 *(SORT_BY_ALIGNMENT(COMMON))
                0x20000290                . = ALIGN (0x8)
 *fill*         0x2000028c        0x4 
                0x20000290                _ebss = .
                [!provide]                PROVIDE (end, .)

.noinit_RAM2    0x1fff0000        0x0
 *(SORT_BY_ALIGNMENT(.noinit.$RAM2*))
 *(SORT_BY_ALIGNMENT(.noinit.$SRAM_LOWER*))
                0x1fff0000                . = ALIGN (0x8)

.noinit_RAM3    0x14000000        0x0
 *(SORT_BY_ALIGNMENT(.noinit.$RAM3*))
 *(SORT_BY_ALIGNMENT(.noinit.$FLEX_RAM*))
                0x14000000                . = ALIGN (0x8)

.noinit         0x20000290        0x0
                0x20000290                _noinit = .
 *(SORT_BY_ALIGNMENT(.noinit*))
                0x20000290                . = ALIGN (0x8)
                0x20000290                _end_noinit = .
                0x00001000                _HeapSize = 0x1000

.heap           0x20000290     0x1000
                0x20000290                _pvHeapStart = .
                0x20001290                . = (. + _HeapSize)
 *fill*         0x20000290     0x1000 
                0x20001290                . = ALIGN (0x8)
                0x20001290                _pvHeapLimit = .
                0x00001000                _StackSize = 0x1000

.heap2stackfill
                0x20001290     0x1000
                0x20002290                . = (. + _StackSize)
 *fill*         0x20001290     0x1000 

.stack          0x2002f000        0x0
                0x2002f000                _vStackBase = .
                0x2002f000                . = ALIGN (0x8)
                0x20030000                _vStackTop = (. + _StackSize)
                0x00000000                _image_start = LOADADDR (.text)
                0x00000e18                _image_end = (LOADADDR (.data) + SIZEOF (.data))
                0x00000e18                _image_size = (_image_end - _image_start)
OUTPUT(Blink.axf elf32-littlearm)

.debug_info     0x00000000     0x31a3
 .debug_info    0x00000000      0x964 ./source/App.o
 .debug_info    0x00000964      0x175 ./source/SysTick.o
 .debug_info    0x00000ad9      0xb0d ./source/gpio.o
 .debug_info    0x000015e6      0x5aa ./source/uart.o
 .debug_info    0x00001b90      0x675 ./SDK/startup/hardware.o
 .debug_info    0x00002205       0xb7 ./SDK/startup/main.o
 .debug_info    0x000022bc       0x3b ./SDK/startup/semihost_hardfault.o
 .debug_info    0x000022f7      0x8b0 ./SDK/startup/startup_mk64f12.o
 .debug_info    0x00002ba7      0x5fc ./SDK/CMSIS/system_MK64F12.o

.debug_abbrev   0x00000000      0xb52
 .debug_abbrev  0x00000000      0x20c ./source/App.o
 .debug_abbrev  0x0000020c      0x120 ./source/SysTick.o
 .debug_abbrev  0x0000032c      0x243 ./source/gpio.o
 .debug_abbrev  0x0000056f      0x164 ./source/uart.o
 .debug_abbrev  0x000006d3      0x138 ./SDK/startup/hardware.o
 .debug_abbrev  0x0000080b       0x7d ./SDK/startup/main.o
 .debug_abbrev  0x00000888       0x2f ./SDK/startup/semihost_hardfault.o
 .debug_abbrev  0x000008b7      0x15c ./SDK/startup/startup_mk64f12.o
 .debug_abbrev  0x00000a13      0x13f ./SDK/CMSIS/system_MK64F12.o

.debug_aranges  0x00000000      0x4d0
 .debug_aranges
                0x00000000       0x28 ./source/App.o
 .debug_aranges
                0x00000028       0x28 ./source/SysTick.o
 .debug_aranges
                0x00000050       0x80 ./source/gpio.o
 .debug_aranges
                0x000000d0       0x30 ./source/uart.o
 .debug_aranges
                0x00000100       0x30 ./SDK/startup/hardware.o
 .debug_aranges
                0x00000130       0x20 ./SDK/startup/main.o
 .debug_aranges
                0x00000150       0x20 ./SDK/startup/semihost_hardfault.o
 .debug_aranges
                0x00000170      0x330 ./SDK/startup/startup_mk64f12.o
 .debug_aranges
                0x000004a0       0x30 ./SDK/CMSIS/system_MK64F12.o

.debug_ranges   0x00000000      0x440
 .debug_ranges  0x00000000       0x18 ./source/App.o
 .debug_ranges  0x00000018       0x18 ./source/SysTick.o
 .debug_ranges  0x00000030       0x70 ./source/gpio.o
 .debug_ranges  0x000000a0       0x20 ./source/uart.o
 .debug_ranges  0x000000c0       0x20 ./SDK/startup/hardware.o
 .debug_ranges  0x000000e0       0x10 ./SDK/startup/main.o
 .debug_ranges  0x000000f0       0x10 ./SDK/startup/semihost_hardfault.o
 .debug_ranges  0x00000100      0x320 ./SDK/startup/startup_mk64f12.o
 .debug_ranges  0x00000420       0x20 ./SDK/CMSIS/system_MK64F12.o

.debug_macro    0x00000000    0x128d1
 .debug_macro   0x00000000      0x284 ./source/App.o
 .debug_macro   0x00000284      0xa5a ./source/App.o
 .debug_macro   0x00000cde      0x34e ./source/App.o
 .debug_macro   0x0000102c       0x22 ./source/App.o
 .debug_macro   0x0000104e       0x3a ./source/App.o
 .debug_macro   0x00001088       0xee ./source/App.o
 .debug_macro   0x00001176       0x5c ./source/App.o
 .debug_macro   0x000011d2       0x1c ./source/App.o
 .debug_macro   0x000011ee       0x22 ./source/App.o
 .debug_macro   0x00001210       0xdf ./source/App.o
 .debug_macro   0x000012ef      0xecf ./source/App.o
 .debug_macro   0x000021be       0x48 ./source/App.o
 .debug_macro   0x00002206     0xe07b ./source/App.o
 .debug_macro   0x00010281       0x10 ./source/App.o
 .debug_macro   0x00010291     0x122b ./source/App.o
 .debug_macro   0x000114bc       0x16 ./source/App.o
 .debug_macro   0x000114d2       0x22 ./source/App.o
 .debug_macro   0x000114f4       0x52 ./source/App.o
 .debug_macro   0x00011546       0x17 ./source/App.o
 .debug_macro   0x0001155d       0x8d ./source/App.o
 .debug_macro   0x000115ea       0x35 ./source/App.o
 .debug_macro   0x0001161f       0x9c ./source/App.o
 .debug_macro   0x000116bb       0x16 ./source/App.o
 .debug_macro   0x000116d1       0x57 ./source/App.o
 .debug_macro   0x00011728       0x97 ./source/App.o
 .debug_macro   0x000117bf      0x32a ./source/App.o
 .debug_macro   0x00011ae9       0xfd ./source/App.o
 .debug_macro   0x00011be6       0x10 ./source/App.o
 .debug_macro   0x00011bf6       0x58 ./source/App.o
 .debug_macro   0x00011c4e       0x1f ./source/App.o
 .debug_macro   0x00011c6d       0x43 ./source/App.o
 .debug_macro   0x00011cb0       0x20 ./source/App.o
 .debug_macro   0x00011cd0      0x18e ./source/App.o
 .debug_macro   0x00011e5e       0x10 ./source/App.o
 .debug_macro   0x00011e6e       0x6a ./source/App.o
 .debug_macro   0x00011ed8       0x1c ./source/App.o
 .debug_macro   0x00011ef4       0x52 ./source/App.o
 .debug_macro   0x00011f46       0x40 ./source/App.o
 .debug_macro   0x00011f86       0x10 ./source/App.o
 .debug_macro   0x00011f96       0x40 ./source/App.o
 .debug_macro   0x00011fd6       0xd7 ./source/App.o
 .debug_macro   0x000120ad       0x1c ./source/App.o
 .debug_macro   0x000120c9       0x3d ./source/App.o
 .debug_macro   0x00012106       0x16 ./source/App.o
 .debug_macro   0x0001211c      0x16f ./source/App.o
 .debug_macro   0x0001228b       0x16 ./source/App.o
 .debug_macro   0x000122a1       0x35 ./source/App.o
 .debug_macro   0x000122d6      0x10a ./source/SysTick.o
 .debug_macro   0x000123e0       0x40 ./source/SysTick.o
 .debug_macro   0x00012420       0xcd ./source/gpio.o
 .debug_macro   0x000124ed       0xfe ./source/uart.o
 .debug_macro   0x000125eb       0xf4 ./source/uart.o
 .debug_macro   0x000126df       0x9c ./SDK/startup/hardware.o
 .debug_macro   0x0001277b       0x9c ./SDK/startup/main.o
 .debug_macro   0x00012817       0x11 ./SDK/startup/semihost_hardfault.o
 .debug_macro   0x00012828       0x29 ./SDK/startup/startup_mk64f12.o
 .debug_macro   0x00012851       0x80 ./SDK/CMSIS/system_MK64F12.o

.debug_line     0x00000000     0x1703
 .debug_line    0x00000000      0x42d ./source/App.o
 .debug_line    0x0000042d      0x1b7 ./source/SysTick.o
 .debug_line    0x000005e4      0x2df ./source/gpio.o
 .debug_line    0x000008c3      0x1ff ./source/uart.o
 .debug_line    0x00000ac2      0x1d4 ./SDK/startup/hardware.o
 .debug_line    0x00000c96      0x175 ./SDK/startup/main.o
 .debug_line    0x00000e0b       0x59 ./SDK/startup/semihost_hardfault.o
 .debug_line    0x00000e64      0x6d8 ./SDK/startup/startup_mk64f12.o
 .debug_line    0x0000153c      0x1c7 ./SDK/CMSIS/system_MK64F12.o

.debug_str      0x00000000    0x7ced7
 .debug_str     0x00000000    0x7b8f4 ./source/App.o
                              0x7bb94 (size before relaxing)
 .debug_str     0x0007b8f4      0x17b ./source/SysTick.o
                              0x775dd (size before relaxing)
 .debug_str     0x0007ba6f      0x8d4 ./source/gpio.o
                              0x779aa (size before relaxing)
 .debug_str     0x0007c343      0x19d ./source/uart.o
                              0x776f8 (size before relaxing)
 .debug_str     0x0007c4e0      0x16f ./SDK/startup/hardware.o
                              0x77211 (size before relaxing)
 .debug_str     0x0007c64f       0x1b ./SDK/startup/main.o
                              0x76fe5 (size before relaxing)
 .debug_str     0x0007c66a       0x36 ./SDK/startup/semihost_hardfault.o
                               0x2d4b (size before relaxing)
 .debug_str     0x0007c6a0      0x7d5 ./SDK/startup/startup_mk64f12.o
                               0x35b9 (size before relaxing)
 .debug_str     0x0007ce75       0x62 ./SDK/CMSIS/system_MK64F12.o
                              0x77120 (size before relaxing)

.comment        0x00000000       0x7e
 .comment       0x00000000       0x7e ./source/App.o
                                 0x7f (size before relaxing)
 .comment       0x0000007e       0x7f ./source/SysTick.o
 .comment       0x0000007e       0x7f ./source/gpio.o
 .comment       0x0000007e       0x7f ./source/uart.o
 .comment       0x0000007e       0x7f ./SDK/startup/hardware.o
 .comment       0x0000007e       0x7f ./SDK/startup/main.o
 .comment       0x0000007e       0x7f ./SDK/startup/semihost_hardfault.o
 .comment       0x0000007e       0x7f ./SDK/startup/startup_mk64f12.o
 .comment       0x0000007e       0x7f ./SDK/CMSIS/system_MK64F12.o
 .comment       0x0000007e       0x7f c:/nxp/mcuxpressoide_10.2.0_759/ide/tools/bin/../lib/gcc/arm-none-eabi/7.2.1/../../../../arm-none-eabi/lib/thumb/v7e-m/fpv4-sp/hard\libcr_c.a(strlen.o)

.ARM.attributes
                0x00000000       0x39
 .ARM.attributes
                0x00000000       0x39 ./source/App.o
 .ARM.attributes
                0x00000039       0x39 ./source/SysTick.o
 .ARM.attributes
                0x00000072       0x39 ./source/gpio.o
 .ARM.attributes
                0x000000ab       0x39 ./source/uart.o
 .ARM.attributes
                0x000000e4       0x39 ./SDK/startup/hardware.o
 .ARM.attributes
                0x0000011d       0x39 ./SDK/startup/main.o
 .ARM.attributes
                0x00000156       0x39 ./SDK/startup/semihost_hardfault.o
 .ARM.attributes
                0x0000018f       0x39 ./SDK/startup/startup_mk64f12.o
 .ARM.attributes
                0x000001c8       0x39 ./SDK/CMSIS/system_MK64F12.o
 .ARM.attributes
                0x00000201       0x39 c:/nxp/mcuxpressoide_10.2.0_759/ide/tools/bin/../lib/gcc/arm-none-eabi/7.2.1/../../../../arm-none-eabi/lib/thumb/v7e-m/fpv4-sp/hard\libcr_c.a(strlen.o)

.debug_frame    0x00000000      0xd84
 .debug_frame   0x00000000       0x50 ./source/App.o
 .debug_frame   0x00000050       0x60 ./source/SysTick.o
 .debug_frame   0x000000b0      0x224 ./source/gpio.o
 .debug_frame   0x000002d4       0x7c ./source/uart.o
 .debug_frame   0x00000350       0x70 ./SDK/startup/hardware.o
 .debug_frame   0x000003c0       0x2c ./SDK/startup/main.o
 .debug_frame   0x000003ec       0x20 ./SDK/startup/semihost_hardfault.o
 .debug_frame   0x0000040c      0x904 ./SDK/startup/startup_mk64f12.o
 .debug_frame   0x00000d10       0x74 ./SDK/CMSIS/system_MK64F12.o
